[2026-06-12 15:03:07] === HookedWebserver startup ===
[2026-06-12 15:03:07] DLL directory: C:\Users\catoa\Desktop\OffBloxMain\Clients\OffBlox\
[2026-06-12 15:03:07] Username: HearMeRoar  UserId: 14463315
[2026-06-12 15:03:07] HTTP port: 80  HTTPS port: 443
[2026-06-12 15:03:07] Winsock initialized
[2026-06-12 15:03:07] Sign key: loaded OK
[2026-06-12 15:03:07] SSL: PEM cert+key loaded OK (PKCS#8 key, no PFX needed)
[2026-06-12 15:03:07] SSL/TLS: loaded OK
[2026-06-12 15:03:07] Server ACTIVE — listening on HTTP:80 and HTTPS:443
[2026-06-12 15:03:07] Startup complete.
[2026-06-12 15:03:07] Roblox cookie probe (users/authenticated): HTTP 200 -> valid
[2026-06-12 15:03:07] Roblox cookie: loaded & valid
[2026-06-12 15:03:09] >> GET /v2/settings/application/PCStudioApp
[2026-06-12 15:03:09] << /v2/settings/application/PCStudioApp -> {"applicationSettings":{}}
[2026-06-12 15:03:09] >> POST /v1.1/Counters/BatchIncrement?apiKey=76E5A40C%2D3AE1%2D4028%2D9F10%2D7C62520BD94F
[2026-06-12 15:03:09] << /v1.1/Counters/BatchIncrement -> {}
[2026-06-12 15:03:09] >> POST /studio/pbe
[2026-06-12 15:03:09] << /studio/pbe -> {}
[2026-06-12 15:03:10] >> GET /oauth/.well-known/openid-configuration
[2026-06-12 15:03:10] << /oauth/.well-known/openid-configuration -> {"issuer":"http://localhost/oauth/","authorization_endpoint":"http://localhost/oauth/v1/authorize","token_endpoint":"http://localhost/oauth/v1/token","introspection_endpoint":"http://localhost/oauth/v1/token/introspect","revocation_endpoint":"http://localhost/oauth/v1/token/revoke","resources_endpoint":"http://localhost/oauth/v1/token/resources","userinfo_endpoint":"http://localhost/oauth/v1/userinfo","jwks_uri":"http://localhost/oauth/v1/certs","registration_endpoint":"http://localhost/dashboard/credentials","service_documentation":"http://localhost/docs/reference/cloud","scopes_supported":["openid","profile","email","verification","credentials","age","premium","roles","attributes"],"response_types_supported":["none","code"],"subject_types_supported":["public"],"id_token_signing_alg_values_supported":["ES256"],"claims_supported":["sub","type","iss","aud","exp","iat","nonce","name","nickname","preferred_username","created_at","profile","picture","email","email_ve
[2026-06-12 15:03:10] >> GET /universal-app-configuration/v1/behaviors/studio/content
[2026-06-12 15:03:10] << /universal-app-configuration/v1/behaviors/studio/content -> {}
[2026-06-12 15:03:11] >> POST /v1.1/Counters/BatchIncrement?apiKey=76E5A40C%2D3AE1%2D4028%2D9F10%2D7C62520BD94F
[2026-06-12 15:03:11] << /v1.1/Counters/BatchIncrement -> {}
[2026-06-12 15:03:11] >> POST /v1.1/Counters/BatchIncrement?apiKey=76E5A40C%2D3AE1%2D4028%2D9F10%2D7C62520BD94F
[2026-06-12 15:03:11] << /v1.1/Counters/BatchIncrement -> {}
[2026-06-12 15:03:11] >> GET /studio/e.png?studioSid=1183B47B-FC93-4661-B348-AC2565951609&clientID=1983CBC1-BFEF-4E46-A6E5-7574E69AA5BC&timestamp=1781301791630&userID=&placeID=&category=Error&evt=Crash&label=none&value=0&SD.Platform.ID=61F0AEF1D045496481BA2DBCE75FEB09&SD.Platform.CT=1781301790660&SD.Platform.MD.DebugVersion=FFlagStudioFlushDeferredEventsBlock%2C%20FFlagFixMissingStudioStartupSummaryEvent%2C%20FFlagFixWinStudioMissingStartEvent
[2026-06-12 15:03:11] << /studio/e.png -> {}
[2026-06-12 15:03:11] >> POST /studio/pbe
[2026-06-12 15:03:11] << /studio/pbe -> {}
[2026-06-12 15:03:13] >> GET /studio/e.png?studioSid=1183B47B-FC93-4661-B348-AC2565951609&clientID=1983CBC1-BFEF-4E46-A6E5-7574E69AA5BC&timestamp=1781301793508&userID=&placeID=&category=Game&evt=GraphicsFeatureLevel&label=Win32%20D3D11%2E1&value=0&SD.Platform.ID=61F0AEF1D045496481BA2DBCE75FEB09&SD.Platform.CT=1781301790660&SD.Platform.MD.DebugVersion=FFlagStudioFlushDeferredEventsBlock%2C%20FFlagFixMissingStudioStartupSummaryEvent%2C%20FFlagFixWinStudioMissingStartEvent
[2026-06-12 15:03:13] >> GET /studio/e.png?studioSid=1183B47B-FC93-4661-B348-AC2565951609&clientID=1983CBC1-BFEF-4E46-A6E5-7574E69AA5BC&timestamp=1781301793508&userID=&placeID=&category=Game&evt=GraphicsFeatureLevelEx&label=Win32%20148%2E10%2E0%2E26200%20D3D11%2E1&value=0&SD.Platform.ID=61F0AEF1D045496481BA2DBCE75FEB09&SD.Platform.CT=1781301790660&SD.Platform.MD.DebugVersion=FFlagStudioFlushDeferredEventsBlock%2C%20FFlagFixMissingStudioStartupSummaryEvent%2C%20FFlagFixWinStudioMissingStartEvent
[2026-06-12 15:03:13] << /studio/e.png -> {}
[2026-06-12 15:03:13] << /studio/e.png -> {}
[2026-06-12 15:03:14] >> GET /oauth/v1/authorize?response_type=code&code_challenge=LaKsmyBmhQIs2hqIATufrG1OAxhY1XGLTKwz3KZdtQY&code_challenge_method=S256&client_id=7968549422692352298&redirect_uri=roblox-studio-auth%3A%2F&scope=openid+credentials+profile+age+roles+premium&nonce=id-roblox&prompt=login+select_account&state=eyJyYW5kb21fc3RyaW5nIjoiMExCLWo4NmVlc0RUSmNNeXNpSDk1SXBlakNmcVllb0ZFRjJSaVNqcXB0MCIsInBpZCI6IjQwMTA0In0%3D
[2026-06-12 15:03:14] << /oauth/v1/authorize -> 
[2026-06-12 15:03:14] >> POST /oauth/v1/token
[2026-06-12 15:03:14] << /oauth/v1/token -> {"access_token":"hardcoded_access_token","token_type":"Bearer","expires_in":1800,"refresh_token":"hardcoded_refresh_token","scope":"openid credentials profile age roles premium","id_token":"eyJhbGciOiJFUzI1NiIsInR5cCI6IkpXVCIsImtpZCI6ImhhcmRjb2RlZC1rZXktMSJ9.eyJzdWIiOiIxNDQ2MzMxNSIsInR5cGUiOiJVc2VyIiwiaXNzIjoiaHR0cDovL2xvY2FsaG9zdC9vYXV0aC8iLCJhdWQiOiI3OTY4NTQ5NDIyNjkyMzUyMjk4IiwiZXhwIjoxNzgxMzAzNTg5LCJpYXQiOjE3ODEzMDE3ODksIm5vbmNlIjoiaWQtcm9ibG94IiwibmFtZSI6IkhlYXJNZVJvYXIiLCJuaWNrbmFtZSI6IkRldiIsInByZWZlcnJlZF91c2VybmFtZSI6IkhlYXJNZVJvYXIiLCJjcmVhdGVkX2F0IjoxNjgwMDAwMDAwLCJwcm9maWxlIjoiaHR0cHM6Ly93d3cucm9ibG94LmNvbS91c2Vycy8xNDQ2MzMxNS9wcm9maWxlIiwicGljdHVyZSI6Imh0dHBzOi8vd3d3LnJvYmxveC5jb20vaGVhZHNob3QtdGh1bWJuYWlsL2ltYWdlP3VzZXJJZD0xNDQ2MzMxNSZ3aWR0aD00MjAmaGVpZ2h0PTQyMCIsImVtYWlsIjoiZGV2QHJvYmxveC5leGFtcGxlIiwiZW1haWxfdmVyaWZpZWQiOnRydWUsInZlcmlmaWVkIjp0cnVlLCJhZ2VfYnJhY2tldCI6IjE4KyIsInByZW1pdW0iOnRydWUsInJvbGVzIjpbIkRldmVsb3BlciJdLCJpbnRlcm5hbF91c2VyIjpmYWxzZSwiYXR0cmlidXRlcyI6e3
[2026-06-12 15:03:15] >> GET /studio-login/v1/login
[2026-06-12 15:03:15] << /studio-login/v1/login -> {"user":{"AccountAgeInDays":1324354,"UserId":14463315,"Username":"HearMeRoar","AgeBracket":0,"Roles":["Soothsayer","BetaTester"],"Email":{"value":"d****@dummy.com","isVerified":true},"IsBanned":false,"DisplayName":"HearMeRoar"},"userAgreements":[]}
[2026-06-12 15:03:15] >> POST /studio/pbe
[2026-06-12 15:03:15] >> POST /studio/pbe
[2026-06-12 15:03:15] >> POST /v1.0/SequenceStatistics/BatchAddToSequencesV2?apiKey=76E5A40C%2D3AE1%2D4028%2D9F10%2D7C62520BD94F
[2026-06-12 15:03:15] >> POST /v1.1/Counters/BatchIncrement?apiKey=76E5A40C%2D3AE1%2D4028%2D9F10%2D7C62520BD94F
[2026-06-12 15:03:15] << /studio/pbe -> {}
[2026-06-12 15:03:15] << /studio/pbe -> {}
[2026-06-12 15:03:15] << /v1.0/SequenceStatistics/BatchAddToSequencesV2 -> {}
[2026-06-12 15:03:15] << /v1.1/Counters/BatchIncrement -> {}
[2026-06-12 15:03:15] >> POST /v1.0/SequenceStatistics/BatchAddToSequencesV2?apiKey=76E5A40C%2D3AE1%2D4028%2D9F10%2D7C62520BD94F
[2026-06-12 15:03:15] >> POST /v1.1/Counters/BatchIncrement?apiKey=76E5A40C%2D3AE1%2D4028%2D9F10%2D7C62520BD94F
[2026-06-12 15:03:15] << /v1.0/SequenceStatistics/BatchAddToSequencesV2 -> {}
[2026-06-12 15:03:15] << /v1.1/Counters/BatchIncrement -> {}
[2026-06-12 15:03:15] >> POST /v1.1/Counters/BatchIncrement?apiKey=76E5A40C%2D3AE1%2D4028%2D9F10%2D7C62520BD94F
[2026-06-12 15:03:15] >> POST /studio/pbe
[2026-06-12 15:03:15] << /v1.1/Counters/BatchIncrement -> {}
[2026-06-12 15:03:15] << /studio/pbe -> {}
[2026-06-12 15:03:16] >> POST /studio/pbe
[2026-06-12 15:03:16] << /studio/pbe -> {}
[2026-06-12 15:03:17] >> POST /studio/pbe
[2026-06-12 15:03:17] << /studio/pbe -> {}
