[2026-06-16 13:46:30] === HookedWebserver startup ===
[2026-06-16 13:46:30] DLL directory: C:\Users\catoa\Desktop\Roblox Downloads\OffBloxModern\Clients\OffBlox\
[2026-06-16 13:46:30] Username: HearMeRoar  UserId: 14463315
[2026-06-16 13:46:30] HTTP port: 80  HTTPS port: 443
[2026-06-16 13:46:30] Winsock initialized
[2026-06-16 13:46:30] Sign key: loaded OK
[2026-06-16 13:46:30] SSL: PEM cert+key loaded OK (PKCS#8 key, no PFX needed)
[2026-06-16 13:46:30] SSL/TLS: loaded OK
[2026-06-16 13:46:30] Server ACTIVE — listening on HTTP:80 and HTTPS:443
[2026-06-16 13:46:30] Startup complete.
[2026-06-16 13:46:30] Roblox cookie probe (users/authenticated): HTTP 200 -> valid
[2026-06-16 13:46:30] Roblox cookie: loaded & valid
[2026-06-16 13:46:32] >> GET /guac-v2/v1/bundles/studio
[2026-06-16 13:46:32] >> GET /v2/client-version/WindowsStudio64
[2026-06-16 13:46:32] << /guac-v2/v1/bundles/studio -> {"version":"1","bundle":{"name":"studio","configurations":{"Feature_DisableOldCookieManagementSticky":"0;100","Feature_UnifiedCookieProtocolEnabled":"0;100","Feature_UnifiedCookieProtocolEnabledSticky":"0;100","Feature_AccessCookiesWithUrlEnabledSticky":"0;100"},"experiments":{}}}
[2026-06-16 13:46:32] >> GET /v2/settings/application/PCStudioApp
[2026-06-16 13:46:32] << /v2/client-version/WindowsStudio64 -> {"version":"0.578.0.5780566","clientVersionUpload":"version-f0b439683245446c","bootstrapperVersion":"1.0.0.0","nextClientVersion":"0.578.0.5780566","nextClientVersionUpload":"version-f0b439683245446c","flagOnly":true}
[2026-06-16 13:46:32] >> GET /oauth/.well-known/openid-configuration
[2026-06-16 13:46:32] >> POST /studio/pbe
[2026-06-16 13:46:32] << /oauth/.well-known/openid-configuration -> {"issuer":"http://localhost/oauth/","authorization_endpoint":"http://localhost/oauth/v1/authorize","token_endpoint":"http://localhost/oauth/v1/token","introspection_endpoint":"http://localhost/oauth/v1/token/introspect","revocation_endpoint":"http://localhost/oauth/v1/token/revoke","resources_endpoint":"http://localhost/oauth/v1/token/resources","userinfo_endpoint":"http://localhost/oauth/v1/userinfo","jwks_uri":"http://localhost/oauth/v1/certs","registration_endpoint":"http://localhost/dashboard/credentials","service_documentation":"http://localhost/docs/reference/cloud","scopes_supported":["openid","profile","email","verification","credentials","age","premium","roles","attributes"],"response_types_supported":["none","code"],"subject_types_supported":["public"],"id_token_signing_alg_values_supported":["ES256"],"claims_supported":["sub","type","iss","aud","exp","iat","nonce","name","nickname","preferred_username","created_at","profile","picture","email","email_ve
[2026-06-16 13:46:32] << /studio/pbe -> {}
[2026-06-16 13:46:32] >> POST /product-experimentation-platform/v1/projects/1/values
[2026-06-16 13:46:32] << /product-experimentation-platform/v1/projects/1/values -> {"assignments":[]}
[2026-06-16 13:46:32] >> POST /studio/pbe
[2026-06-16 13:46:32] << /studio/pbe -> {}
[2026-06-16 13:46:33] >> POST /v1.0/SequenceStatistics/BatchAddToSequencesV2?apiKey=76E5A40C-3AE1-4028-9F10-7C62520BD94F
[2026-06-16 13:46:33] << /v1.0/SequenceStatistics/BatchAddToSequencesV2 -> {}
[2026-06-16 13:46:33] >> POST /v1.1/Counters/BatchIncrement?apiKey=76E5A40C-3AE1-4028-9F10-7C62520BD94F
[2026-06-16 13:46:33] << /v1.1/Counters/BatchIncrement -> {}
[2026-06-16 13:46:35] >> GET /oauth/v1/authorize?response_type=code&code_challenge=87pdEC3RDJqslFWWOQVRBIX7NYDxxDqQ2tE-8uV5SY0&code_challenge_method=S256&client_id&redirect_uri=roblox-studio-auth%3A%2F&scope=openid+credentials+profile+age+roles+premium+verification&nonce=id-roblox&state=eyJwaWQiOiIyNDMxMiIsImV2ZW50X2hhbmRsZXJfbmFtZSI6IkV4dGVybmFsTG9naW5GbG93IiwiZGF0YSI6IlVOT3hicUpBTGowaXp0QlBaQVhWLV9zc0lIWlg2dWpKRERGcUM4NjVZUFkifQ%3D%3D
[2026-06-16 13:46:35] /authorize: client_id='roblox_studio_client' nonce='id-roblox' redirect_uri='roblox-studio-auth:/'
[2026-06-16 13:46:35] >> POST /oauth/v1/token
[2026-06-16 13:46:35] /v1/token body: [grant_type=authorization_code&code=hardcoded_auth_code_2023&code_verifier=5Tmd0TPkDEmuu_0Na8czmAuV8ZD-M0i0ywA5h5XZ1Vs&client_id=]
[2026-06-16 13:46:35] /v1/token qs client_id: [(missing)]
[2026-06-16 13:46:35] << /oauth/v1/token -> {"access_token":"hardcoded_access_token","token_type":"Bearer","expires_in":1800,"refresh_token":"hardcoded_refresh_token","scope":"openid credentials profile age roles premium","id_token":"eyJhbGciOiJFUzI1NiIsInR5cCI6IkpXVCIsImtpZCI6ImhhcmRjb2RlZC1rZXktMSJ9.eyJzdWIiOiIxNDQ2MzMxNSIsInR5cGUiOiJVc2VyIiwiaXNzIjoiaHR0cDovL2xvY2FsaG9zdC9vYXV0aC8iLCJhdWQiOiJyb2Jsb3hfc3R1ZGlvX2NsaWVudCIsImV4cCI6MTc4MTY0NDU5MCwiaWF0IjoxNzgxNjQyNzkwLCJub25jZSI6ImlkLXJvYmxveCIsIm5hbWUiOiJIZWFyTWVSb2FyIiwibmlja25hbWUiOiJEZXYiLCJwcmVmZXJyZWRfdXNlcm5hbWUiOiJIZWFyTWVSb2FyIiwiY3JlYXRlZF9hdCI6MTY4MDAwMDAwMCwicHJvZmlsZSI6Imh0dHBzOi8vd3d3LnJvYmxveC5jb20vdXNlcnMvMTQ0NjMzMTUvcHJvZmlsZSIsInBpY3R1cmUiOiJodHRwczovL3d3dy5yb2Jsb3guY29tL2hlYWRzaG90LXRodW1ibmFpbC9pbWFnZT91c2VySWQ9MTQ0NjMzMTUmd2lkdGg9NDIwJmhlaWdodD00MjAiLCJlbWFpbCI6ImRldkByb2Jsb3guZXhhbXBsZSIsImVtYWlsX3ZlcmlmaWVkIjp0cnVlLCJ2ZXJpZmllZCI6dHJ1ZSwiYWdlX2JyYWNrZXQiOiIxOCsiLCJwcmVtaXVtIjp0cnVlLCJyb2xlcyI6WyJEZXZlbG9wZXIiXSwiaW50ZXJuYWxfdXNlciI6ZmFsc2UsImF0dHJpYnV0ZXMiOn
[2026-06-16 13:46:36] >> GET /oauth/v1/userinfo
[2026-06-16 13:46:36] << /oauth/v1/userinfo -> {"sub":"14463315","type":"User","iss":"http://localhost/oauth/","aud":"roblox_studio_client","exp":1781646396,"iat":1781642796,"nonce":"id-roblox","name":"HearMeRoar","nickname":"Dev","preferred_username":"HearMeRoar","created_at":1680000000,"email":"dev@roblox.example","email_verified":true,"verified":true,"age_bracket":"18+","premium":true,"roles":["Developer"],"internal_user":false,"attributes":{}}
[2026-06-16 13:46:36] >> POST /validate-machine
[2026-06-16 13:46:36] << /validate-machine -> {}
[2026-06-16 13:46:36] >> GET /v1/not-approved
[2026-06-16 13:46:36] << /v1/not-approved -> {}
[2026-06-16 13:46:36] >> POST /product-experimentation-platform/v1/projects/1/values
[2026-06-16 13:46:36] >> POST /product-experimentation-platform/v1/projects/1/values
[2026-06-16 13:46:36] << /product-experimentation-platform/v1/projects/1/values -> {"assignments":[]}
[2026-06-16 13:46:36] << /product-experimentation-platform/v1/projects/1/values -> {"assignments":[]}
[2026-06-16 13:46:36] >> POST /product-experimentation-platform/v1/projects/1/values
[2026-06-16 13:46:36] >> POST /user-heartbeats-api/action-report
[2026-06-16 13:46:36] << /product-experimentation-platform/v1/projects/1/values -> {"assignments":[]}
[2026-06-16 13:46:37] << /user-heartbeats-api/action-report -> {"accounts": [{"username": "HearMeRoar","robloxCookie": "","pulseInterval": 30000,"enableLogging": true}],"globalConfig": {"retryAttempts": 3,"retryDelay": 5000}}
[2026-06-16 13:46:37] >> GET /userhub/?id=
[2026-06-16 13:46:37] 404 GET /userhub/
[2026-06-16 13:46:37] << /userhub/ -> {"errors":[{"code":"NotFound","message":"Not found"}]}
[2026-06-16 13:46:37] >> GET /studio-user-data-api/beta-feature-metadata
[2026-06-16 13:46:37] >> GET /studio-user-data-api/beta-feature?pageSize=1000000000
[2026-06-16 13:46:37] << /studio-user-data-api/beta-feature-metadata -> {}
[2026-06-16 13:46:37] >> GET /studio-user-data-api/plugin-metadata?pageSize=1000000000
[2026-06-16 13:46:37] >> GET /studio-user-settings/plugin-permissions/v2/plugins?permissionType=HttpService&cursor&pageSize=100
[2026-06-16 13:46:37] >> GET /studio-user-settings/plugin-permissions/v2/plugins?permissionType=ScriptInjection&cursor&pageSize=100
[2026-06-16 13:46:37] >> GET /v2/user-channel?binaryType=WindowsStudio64
[2026-06-16 13:46:37] << /studio-user-data-api/beta-feature -> {}
[2026-06-16 13:46:37] << /studio-user-data-api/plugin-metadata -> {}
[2026-06-16 13:46:37] << /studio-user-settings/plugin-permissions/v2/plugins -> {}
[2026-06-16 13:46:37] << /studio-user-settings/plugin-permissions/v2/plugins -> {}
[2026-06-16 13:46:37] << /v2/user-channel -> {}
[2026-06-16 13:46:37] >> GET /access-management/v1/feature-access?featureNames=ShowIllegalContentReport&nameSpace=studio%2FSafetyFeatures
[2026-06-16 13:46:37] >> GET /v1/universes/multiget?ids=9000000000048&ids=9000000000124&ids=9000000000020&ids=9000000000046&ids=9000000000098&ids=9000000000068&ids=9000000000016&ids=9000000000088&ids=9000000000064&ids=9000000000092&ids=9000000000096&ids=9000000000080&ids=9000000000018&ids=9000000000040&ids=9000000000030&ids=9000000000070&ids=9000000000034&ids=9000000000002&ids=9000000000026&ids=9000000000052&ids=9000000000022&ids=9000000000050&ids=9000000000062&ids=9000000000044
[2026-06-16 13:46:37] >> GET /my/settings/json
[2026-06-16 13:46:37] << /access-management/v1/feature-access -> {"featureAccess":[],"data":[]}
[2026-06-16 13:46:37] >> GET /v2/assets/9000000000049/details
[2026-06-16 13:46:37] << /my/settings/json -> {"UserId":14463315,"UserName":"HearMeRoar","DisplayName":"HearMeRoar","RobuxBalance":9999999999,"IsEmailVerified":true,"IsPremiumUser":true,"AgeBracket":0,"CountryCode":"US","Roles":["Developer","Soothsayer"],"AccountAgeInDays":1324354}
[2026-06-16 13:46:37] >> GET /v1/games/icons?universeIds=9000000000048&returnPolicy=AutoGenerated&size=256x256&format=Png&isCircular=false
[2026-06-16 13:46:37] << /v2/assets/9000000000049/details -> {"TargetId":9000000000049,"AssetId":9000000000049,"ProductId":9000000000049,"assetId":9000000000049,"id":9000000000049,"Id":9000000000049,"TargetPlaceId":9000000000049,"PlaceId":9000000000049,"ProductType":"User Product","Name":"Pokemon Brick Bronze","Description":"","AssetTypeId":9,"assetTypeId":9,"Creator":{"Id":14463315,"Name":"HearMeRoar","CreatorType":"User","CreatorTargetId":14463315,"HasVerifiedBadge":false,"id":14463315,"type":1,"creatorType":"User","creatorTargetId":14463315},"IconImageAssetId":0,"Created":"2022-05-11T13:27:09.897Z","Updated":"2022-06-19T07:23:39.03Z","created":"2022-05-11T13:27:09.897Z","updated":"2022-06-19T07:23:39.03Z","PriceInRobux":null,"Sales":0,"IsNew":false,"IsForSale":false,"IsPublicDomain":true,"IsLimited":false,"IsLimitedUnique":false,"isPublic":true,"isForSale":false,"isLimited":false,"isLimitedUnique":false,"enableComments":false}
[2026-06-16 13:46:37] << /v1/games/icons -> {"data":[{"targetId":9000000000048,"state":"Completed","imageUrl":"http://localhost/Png.png"}]}
[2026-06-16 13:46:37] >> GET /Png.png
[2026-06-16 13:46:37] >> GET /userhub/?id=
[2026-06-16 13:46:37] 404 GET /userhub/
[2026-06-16 13:46:37] >> GET /v1/universes/multiget/teamcreate?ids=9000000000048&ids=9000000000124&ids=9000000000020&ids=9000000000046&ids=9000000000098&ids=9000000000068&ids=9000000000016&ids=9000000000088&ids=9000000000064&ids=9000000000092&ids=9000000000096&ids=9000000000080&ids=9000000000018&ids=9000000000040&ids=9000000000030&ids=9000000000070&ids=9000000000034&ids=9000000000002&ids=9000000000026&ids=9000000000052&ids=9000000000022&ids=9000000000050&ids=9000000000062&ids=9000000000044
[2026-06-16 13:46:37] << /userhub/ -> {"errors":[{"code":"NotFound","message":"Not found"}]}
[2026-06-16 13:46:37] TeamCreate stub (disabled): GET /v1/universes/multiget/teamcreate
[2026-06-16 13:46:37] << /v1/universes/multiget/teamcreate -> {"data":[{"id":9000000000048,"isEnabled":false},{"id":9000000000124,"isEnabled":false},{"id":9000000000020,"isEnabled":false},{"id":9000000000046,"isEnabled":false},{"id":9000000000098,"isEnabled":false},{"id":9000000000068,"isEnabled":false},{"id":9000000000016,"isEnabled":false},{"id":9000000000088,"isEnabled":false},{"id":9000000000064,"isEnabled":false},{"id":9000000000092,"isEnabled":false},{"id":9000000000096,"isEnabled":false},{"id":9000000000080,"isEnabled":false},{"id":9000000000018,"isEnabled":false},{"id":9000000000040,"isEnabled":false},{"id":9000000000030,"isEnabled":false},{"id":9000000000070,"isEnabled":false},{"id":9000000000034,"isEnabled":false},{"id":9000000000002,"isEnabled":false},{"id":9000000000026,"isEnabled":false},{"id":9000000000052,"isEnabled":false},{"id":9000000000022,"isEnabled":false},{"id":9000000000050,"isEnabled":false},{"id":9000000000062,"isEnabled":false},{"id":9000000000044,"isEnabled":false}]}
[2026-06-16 13:46:37] >> POST /v1/users
[2026-06-16 13:46:37] << /v1/users -> {"data":[{"hasVerifiedBadge":false,"id":14463315,"name":"HearMeRoar","displayName":"HearMeRoar"}]}
[2026-06-16 13:46:37] >> GET /studio-open-place/v1/openplace?placeId=9000000000049
[2026-06-16 13:46:37] << /studio-open-place/v1/openplace -> {"universe":{"Id":9000000000048,"RootPlaceId":9000000000049,"Name":"Pokemon Brick Bronze","Description":"","IsArchived":false,"CreatorType":"User","CreatorTargetId":14463315,"PrivacyType":"Private","Created":"2022-01-01T00:00:00.000+00:00","Updated":"2022-01-01T00:00:00.000+00:00"},"teamCreateEnabled":false,"place":{"Creator":{"CreatorType":"User","CreatorTargetId":14463315}}}
[2026-06-16 13:46:38] >> POST /asset-permissions-api/v1/assets/check-permissions
[2026-06-16 13:46:38] asset-permissions assetId=9000000000049 -> HasPermission
[2026-06-16 13:46:38] asset-permissions check done: /asset-permissions-api/v1/assets/check-permissions
[2026-06-16 13:46:38] << /asset-permissions-api/v1/assets/check-permissions -> {"results":[{"value":{"status":"HasPermission"}}]}
[2026-06-16 13:46:38] >> GET /v1/gametemplates?searchKey=Templates&pageSize=30&search=All&isTemplates=true
[2026-06-16 13:46:38] << /v1/gametemplates -> {"data":[{"gameTemplateType":"Generic","hasTutorials":false,"universe":{"id":28220420,"name":"Baseplate","description":"Start from a clean baseplate.","isArchived":false,"rootPlaceId":95206881,"privacyType":"Public","creatorType":"User","creatorTargetId":998796,"creatorName":"Templates","created":"2017-04-26T00:00:00Z","updated":"2017-04-26T00:00:00Z","isFriendsOnly":false,"audiences":[1,3,4]}}]}
[2026-06-16 13:46:38] >> POST /user-heartbeats-api/action-report
[2026-06-16 13:46:38] >> POST /private-users-service/v1beta1/getOrCreatePrivateUserId
[2026-06-16 13:46:38] << /user-heartbeats-api/action-report -> {"accounts": [{"username": "HearMeRoar","robloxCookie": "","pulseInterval": 30000,"enableLogging": true}],"globalConfig": {"retryAttempts": 3,"retryDelay": 5000}}
[2026-06-16 13:46:38] << /private-users-service/v1beta1/getOrCreatePrivateUserId -> {"privateUserId":1500014463315,"userIdMode":"USER_ID_MODE_GLOBAL","created":true}
[2026-06-16 13:46:38] >> GET /doc-site/v2/feeds?surfaceType=StudioStart
[2026-06-16 13:46:38] << /doc-site/v2/feeds -> {"data":{"feedItems":[]}}
[2026-06-16 13:46:38] >> GET /v2/universes/9000000000048/places?limit=50&SortOrder=Asc
[2026-06-16 13:46:38] << /v2/universes/9000000000048/places -> {"previousPageCursor":null,"nextPageCursor":null,"data":[{"maxPlayerCount":null,"socialSlotType":null,"customSocialSlotsCount":null,"allowCopying":null,"currentSavedVersion":1,"isAllGenresAllowed":null,"allowedGearTypes":null,"maxPlayersAllowed":0,"created":"2022-01-01T00:00:00.000Z","updated":"2022-01-01T00:00:00.000Z","id":9000000000049,"universeId":9000000000048,"name":"Pokemon Brick Bronze","description":"","isRootPlace":true}]}
[2026-06-16 13:46:39] >> GET /v2/universes/9000000000124/places?limit=50&SortOrder=Asc
[2026-06-16 13:46:39] << /v2/universes/9000000000124/places -> {"previousPageCursor":null,"nextPageCursor":null,"data":[{"maxPlayerCount":null,"socialSlotType":null,"customSocialSlotsCount":null,"allowCopying":null,"currentSavedVersion":1,"isAllGenresAllowed":null,"allowedGearTypes":null,"maxPlayersAllowed":0,"created":"2022-01-01T00:00:00.000Z","updated":"2022-01-01T00:00:00.000Z","id":9000000000125,"universeId":9000000000124,"name":"testt","description":"","isRootPlace":true}]}
[2026-06-16 13:46:39] >> GET /v2/universes/9000000000020/places?limit=50&SortOrder=Asc
[2026-06-16 13:46:39] << /v2/universes/9000000000020/places -> {"previousPageCursor":null,"nextPageCursor":null,"data":[{"maxPlayerCount":null,"socialSlotType":null,"customSocialSlotsCount":null,"allowCopying":null,"currentSavedVersion":1,"isAllGenresAllowed":null,"allowedGearTypes":null,"maxPlayersAllowed":0,"created":"2022-01-01T00:00:00.000Z","updated":"2022-01-01T00:00:00.000Z","id":9000000000021,"universeId":9000000000020,"name":"Flood Escape 1.6.5","description":"","isRootPlace":true}]}
[2026-06-16 13:46:39] >> GET /v2/universes/9000000000046/places?limit=50&SortOrder=Asc
[2026-06-16 13:46:39] << /v2/universes/9000000000046/places -> {"previousPageCursor":null,"nextPageCursor":null,"data":[{"maxPlayerCount":null,"socialSlotType":null,"customSocialSlotsCount":null,"allowCopying":null,"currentSavedVersion":1,"isAllGenresAllowed":null,"allowedGearTypes":null,"maxPlayersAllowed":0,"created":"2022-01-01T00:00:00.000Z","updated":"2022-01-01T00:00:00.000Z","id":9000000000047,"universeId":9000000000046,"name":"Phantom Forces","description":"","isRootPlace":true}]}
[2026-06-16 13:46:39] >> GET /v2/universes/9000000000098/places?limit=50&SortOrder=Asc
[2026-06-16 13:46:39] << /v2/universes/9000000000098/places -> {"previousPageCursor":null,"nextPageCursor":null,"data":[{"maxPlayerCount":null,"socialSlotType":null,"customSocialSlotsCount":null,"allowCopying":null,"currentSavedVersion":1,"isAllGenresAllowed":null,"allowedGearTypes":null,"maxPlayersAllowed":0,"created":"2022-01-01T00:00:00.000Z","updated":"2022-01-01T00:00:00.000Z","id":9000000000099,"universeId":9000000000098,"name":"Youtube Tycoon","description":"","isRootPlace":true}]}
[2026-06-16 13:46:39] >> GET /v2/universes/9000000000068/places?limit=50&SortOrder=Asc
[2026-06-16 13:46:39] >> POST /v1/batch
[2026-06-16 13:46:39] << /v2/universes/9000000000068/places -> {"previousPageCursor":null,"nextPageCursor":null,"data":[{"maxPlayerCount":null,"socialSlotType":null,"customSocialSlotsCount":null,"allowCopying":null,"currentSavedVersion":1,"isAllGenresAllowed":null,"allowedGearTypes":null,"maxPlayersAllowed":0,"created":"2022-01-01T00:00:00.000Z","updated":"2022-01-01T00:00:00.000Z","id":9000000000069,"universeId":9000000000068,"name":"Weight Lifting Simulator 2","description":"","isRootPlace":true}]}
[2026-06-16 13:46:39] << /v1/batch -> {"data":[]}
[2026-06-16 13:46:39] >> GET /userhub/?id=
[2026-06-16 13:46:39] 404 GET /userhub/
[2026-06-16 13:46:39] << /userhub/ -> {"errors":[{"code":"NotFound","message":"Not found"}]}
[2026-06-16 13:46:40] >> GET /v2/universes/9000000000016/places?limit=50&SortOrder=Asc
[2026-06-16 13:46:40] << /v2/universes/9000000000016/places -> {"previousPageCursor":null,"nextPageCursor":null,"data":[{"maxPlayerCount":null,"socialSlotType":null,"customSocialSlotsCount":null,"allowCopying":null,"currentSavedVersion":1,"isAllGenresAllowed":null,"allowedGearTypes":null,"maxPlayersAllowed":0,"created":"2022-01-01T00:00:00.000Z","updated":"2022-01-01T00:00:00.000Z","id":9000000000017,"universeId":9000000000016,"name":"Prison Life V2.0","description":"","isRootPlace":true}]}
[2026-06-16 13:46:40] >> GET /v2/universes/9000000000088/places?limit=50&SortOrder=Asc
[2026-06-16 13:46:40] << /v2/universes/9000000000088/places -> {"previousPageCursor":null,"nextPageCursor":null,"data":[{"maxPlayerCount":null,"socialSlotType":null,"customSocialSlotsCount":null,"allowCopying":null,"currentSavedVersion":1,"isAllGenresAllowed":null,"allowedGearTypes":null,"maxPlayersAllowed":0,"created":"2022-01-01T00:00:00.000Z","updated":"2022-01-01T00:00:00.000Z","id":9000000000089,"universeId":9000000000088,"name":"Muffin Kombat","description":"","isRootPlace":true}]}
[2026-06-16 13:46:40] >> GET /v2/universes/9000000000064/places?limit=50&SortOrder=Asc
[2026-06-16 13:46:40] << /v2/universes/9000000000064/places -> {"previousPageCursor":null,"nextPageCursor":null,"data":[{"maxPlayerCount":null,"socialSlotType":null,"customSocialSlotsCount":null,"allowCopying":null,"currentSavedVersion":1,"isAllGenresAllowed":null,"allowedGearTypes":null,"maxPlayersAllowed":0,"created":"2022-01-01T00:00:00.000Z","updated":"2022-01-01T00:00:00.000Z","id":9000000000065,"universeId":9000000000064,"name":"New MM2","description":"","isRootPlace":true}]}
[2026-06-16 13:46:40] >> GET /v2/universes/9000000000092/places?limit=50&SortOrder=Asc
[2026-06-16 13:46:40] << /v2/universes/9000000000092/places -> {"previousPageCursor":null,"nextPageCursor":null,"data":[{"maxPlayerCount":null,"socialSlotType":null,"customSocialSlotsCount":null,"allowCopying":null,"currentSavedVersion":1,"isAllGenresAllowed":null,"allowedGearTypes":null,"maxPlayersAllowed":0,"created":"2022-01-01T00:00:00.000Z","updated":"2022-01-01T00:00:00.000Z","id":9000000000093,"universeId":9000000000092,"name":"Meepcity","description":"","isRootPlace":true}]}
[2026-06-16 13:46:40] >> GET /v2/universes/9000000000096/places?limit=50&SortOrder=Asc
[2026-06-16 13:46:40] << /v2/universes/9000000000096/places -> {"previousPageCursor":null,"nextPageCursor":null,"data":[{"maxPlayerCount":null,"socialSlotType":null,"customSocialSlotsCount":null,"allowCopying":null,"currentSavedVersion":1,"isAllGenresAllowed":null,"allowedGearTypes":null,"maxPlayersAllowed":0,"created":"2022-01-01T00:00:00.000Z","updated":"2022-01-01T00:00:00.000Z","id":9000000000097,"universeId":9000000000096,"name":"Tower of hell","description":"","isRootPlace":true}]}
[2026-06-16 13:46:41] >> GET /v2/universes/9000000000080/places?limit=50&SortOrder=Asc
[2026-06-16 13:46:41] << /v2/universes/9000000000080/places -> {"previousPageCursor":null,"nextPageCursor":null,"data":[{"maxPlayerCount":null,"socialSlotType":null,"customSocialSlotsCount":null,"allowCopying":null,"currentSavedVersion":1,"isAllGenresAllowed":null,"allowedGearTypes":null,"maxPlayersAllowed":0,"created":"2022-01-01T00:00:00.000Z","updated":"2022-01-01T00:00:00.000Z","id":9000000000081,"universeId":9000000000080,"name":"Work at a pizza place","description":"","isRootPlace":true}]}
[2026-06-16 13:46:41] >> GET /v2/universes/9000000000018/places?limit=50&SortOrder=Asc
[2026-06-16 13:46:41] << /v2/universes/9000000000018/places -> {"previousPageCursor":null,"nextPageCursor":null,"data":[{"maxPlayerCount":null,"socialSlotType":null,"customSocialSlotsCount":null,"allowCopying":null,"currentSavedVersion":1,"isAllGenresAllowed":null,"allowedGearTypes":null,"maxPlayersAllowed":0,"created":"2022-01-01T00:00:00.000Z","updated":"2022-01-01T00:00:00.000Z","id":9000000000019,"universeId":9000000000018,"name":"Natural Disaster Survival","description":"","isRootPlace":true}]}
[2026-06-16 13:46:41] >> GET /v2/universes/9000000000040/places?limit=50&SortOrder=Asc
[2026-06-16 13:46:41] << /v2/universes/9000000000040/places -> {"previousPageCursor":null,"nextPageCursor":null,"data":[{"maxPlayerCount":null,"socialSlotType":null,"customSocialSlotsCount":null,"allowCopying":null,"currentSavedVersion":1,"isAllGenresAllowed":null,"allowedGearTypes":null,"maxPlayersAllowed":0,"created":"2022-01-01T00:00:00.000Z","updated":"2022-01-01T00:00:00.000Z","id":9000000000041,"universeId":9000000000040,"name":"Epic Minigames","description":"","isRootPlace":true}]}
[2026-06-16 13:46:41] >> GET /v2/universes/9000000000030/places?limit=50&SortOrder=Asc
[2026-06-16 13:46:41] << /v2/universes/9000000000030/places -> {"previousPageCursor":null,"nextPageCursor":null,"data":[{"maxPlayerCount":null,"socialSlotType":null,"customSocialSlotsCount":null,"allowCopying":null,"currentSavedVersion":1,"isAllGenresAllowed":null,"allowedGearTypes":null,"maxPlayersAllowed":0,"created":"2022-01-01T00:00:00.000Z","updated":"2022-01-01T00:00:00.000Z","id":9000000000031,"universeId":9000000000030,"name":"Twisted Murderer","description":"","isRootPlace":true}]}
[2026-06-16 13:46:42] >> GET /v2/universes/9000000000070/places?limit=50&SortOrder=Asc
[2026-06-16 13:46:42] << /v2/universes/9000000000070/places -> {"previousPageCursor":null,"nextPageCursor":null,"data":[{"maxPlayerCount":null,"socialSlotType":null,"customSocialSlotsCount":null,"allowCopying":null,"currentSavedVersion":1,"isAllGenresAllowed":null,"allowedGearTypes":null,"maxPlayersAllowed":0,"created":"2022-01-01T00:00:00.000Z","updated":"2022-01-01T00:00:00.000Z","id":9000000000071,"universeId":9000000000070,"name":"Speed run 4","description":"","isRootPlace":true}]}
[2026-06-16 13:46:42] >> GET /v2/universes/9000000000034/places?limit=50&SortOrder=Asc
[2026-06-16 13:46:42] << /v2/universes/9000000000034/places -> {"previousPageCursor":null,"nextPageCursor":null,"data":[{"maxPlayerCount":null,"socialSlotType":null,"customSocialSlotsCount":null,"allowCopying":null,"currentSavedVersion":1,"isAllGenresAllowed":null,"allowedGearTypes":null,"maxPlayersAllowed":0,"created":"2022-01-01T00:00:00.000Z","updated":"2022-01-01T00:00:00.000Z","id":9000000000035,"universeId":9000000000034,"name":"Assassin","description":"","isRootPlace":true}]}
[2026-06-16 13:46:42] >> GET /v2/universes/9000000000002/places?limit=50&SortOrder=Asc
[2026-06-16 13:46:42] << /v2/universes/9000000000002/places -> {"previousPageCursor":null,"nextPageCursor":null,"data":[{"maxPlayerCount":null,"socialSlotType":null,"customSocialSlotsCount":null,"allowCopying":null,"currentSavedVersion":1,"isAllGenresAllowed":null,"allowedGearTypes":null,"maxPlayersAllowed":0,"created":"2022-01-01T00:00:00.000Z","updated":"2022-01-01T00:00:00.000Z","id":9000000000003,"universeId":9000000000002,"name":"Theme park tycoon 2","description":"","isRootPlace":true}]}
[2026-06-16 13:46:42] >> GET /v2/universes/9000000000026/places?limit=50&SortOrder=Asc
[2026-06-16 13:46:42] << /v2/universes/9000000000026/places -> {"previousPageCursor":null,"nextPageCursor":null,"data":[{"maxPlayerCount":null,"socialSlotType":null,"customSocialSlotsCount":null,"allowCopying":null,"currentSavedVersion":1,"isAllGenresAllowed":null,"allowedGearTypes":null,"maxPlayersAllowed":0,"created":"2022-01-01T00:00:00.000Z","updated":"2022-01-01T00:00:00.000Z","id":9000000000027,"universeId":9000000000026,"name":"Jailbreak","description":"","isRootPlace":true}]}
[2026-06-16 13:46:42] >> GET /v2/universes/9000000000052/places?limit=50&SortOrder=Asc
[2026-06-16 13:46:42] << /v2/universes/9000000000052/places -> {"previousPageCursor":null,"nextPageCursor":null,"data":[{"maxPlayerCount":null,"socialSlotType":null,"customSocialSlotsCount":null,"allowCopying":null,"currentSavedVersion":1,"isAllGenresAllowed":null,"allowedGearTypes":null,"maxPlayersAllowed":0,"created":"2022-01-01T00:00:00.000Z","updated":"2022-01-01T00:00:00.000Z","id":9000000000053,"universeId":9000000000052,"name":"Whatever Floats Your Boat","description":"","isRootPlace":true}]}
[2026-06-16 13:46:43] >> GET /v2/universes/9000000000022/places?limit=50&SortOrder=Asc
[2026-06-16 13:46:43] >> GET /assets/user-auth/v1/assets/9000000000049
[2026-06-16 13:46:43] << /v2/universes/9000000000022/places -> {"previousPageCursor":null,"nextPageCursor":null,"data":[{"maxPlayerCount":null,"socialSlotType":null,"customSocialSlotsCount":null,"allowCopying":null,"currentSavedVersion":1,"isAllGenresAllowed":null,"allowedGearTypes":null,"maxPlayersAllowed":0,"created":"2022-01-01T00:00:00.000Z","updated":"2022-01-01T00:00:00.000Z","id":9000000000023,"universeId":9000000000022,"name":"Robot 64","description":"","isRootPlace":true}]}
[2026-06-16 13:46:43] << /assets/user-auth/v1/assets/9000000000049 -> {"path":"assets/9000000000049","revisionId":"1","revisionCreateTime":"2024-01-01T00:00:00.000Z","assetId":"9000000000049","displayName":"Pokemon Brick Bronze","assetType":"Place","creationContext":{"creator":{"userId":"14463315"}},"moderationResult":{"moderationState":"Approved"},"state":"Active"}
[2026-06-16 13:46:43] >> GET /v2/universes/9000000000050/places?limit=50&SortOrder=Asc
[2026-06-16 13:46:43] << /v2/universes/9000000000050/places -> {"previousPageCursor":null,"nextPageCursor":null,"data":[{"maxPlayerCount":null,"socialSlotType":null,"customSocialSlotsCount":null,"allowCopying":null,"currentSavedVersion":1,"isAllGenresAllowed":null,"allowedGearTypes":null,"maxPlayersAllowed":0,"created":"2022-01-01T00:00:00.000Z","updated":"2022-01-01T00:00:00.000Z","id":9000000000051,"universeId":9000000000050,"name":"Polyguns","description":"","isRootPlace":true}]}
[2026-06-16 13:46:43] >> GET /v2/universes/9000000000048/configuration
[2026-06-16 13:46:43] << /v2/universes/9000000000048/configuration -> {"allowPrivateServers":true,"privateServerPrice":null,"id":9000000000048,"name":"Pokemon Brick Bronze","universeAvatarType":"MorphToR6","universeScaleType":"AllScales","universeAnimationType":"PlayerChoice","universeCollisionType":"OuterBox","universeBodyType":"Standard","universeJointPositioningType":"ArtistIntent","universeAvatarAssetOverrides":[],"universeAvatarMinScales":{"height":0.9,"width":0.7,"head":0.95,"proportion":0,"bodyType":0},"universeAvatarMaxScales":{"height":1.05,"width":1,"head":1,"proportion":1,"bodyType":1},"isArchived":false,"isFriendsOnly":false,"genre":"All","playableDevices":["Computer","Phone","Tablet"],"isForSale":false,"price":0,"isStudioAccessToApisAllowed":true,"privacyType":"Public"}
[2026-06-16 13:46:43] >> GET /v2/universes/9000000000062/places?limit=50&SortOrder=Asc
[2026-06-16 13:46:43] << /v2/universes/9000000000062/places -> {"previousPageCursor":null,"nextPageCursor":null,"data":[{"maxPlayerCount":null,"socialSlotType":null,"customSocialSlotsCount":null,"allowCopying":null,"currentSavedVersion":1,"isAllGenresAllowed":null,"allowedGearTypes":null,"maxPlayersAllowed":0,"created":"2022-01-01T00:00:00.000Z","updated":"2022-01-01T00:00:00.000Z","id":9000000000063,"universeId":9000000000062,"name":"Build a boat for treasure","description":"","isRootPlace":true}]}
[2026-06-16 13:46:43] >> GET /v2/universes/9000000000044/places?limit=50&SortOrder=Asc
[2026-06-16 13:46:43] << /v2/universes/9000000000044/places -> {"previousPageCursor":null,"nextPageCursor":null,"data":[{"maxPlayerCount":null,"socialSlotType":null,"customSocialSlotsCount":null,"allowCopying":null,"currentSavedVersion":1,"isAllGenresAllowed":null,"allowedGearTypes":null,"maxPlayersAllowed":0,"created":"2022-01-01T00:00:00.000Z","updated":"2022-01-01T00:00:00.000Z","id":9000000000045,"universeId":9000000000044,"name":"Miners Haven","description":"","isRootPlace":true}]}
[2026-06-16 13:46:43] >> GET /v1/universes/multiget?ids=9000000000048&ids=9000000000124&ids=9000000000020&ids=9000000000046&ids=9000000000098&ids=9000000000068&ids=9000000000016&ids=9000000000088&ids=9000000000064&ids=9000000000092&ids=9000000000096&ids=9000000000080&ids=9000000000018&ids=9000000000040&ids=9000000000030&ids=9000000000070&ids=9000000000034&ids=9000000000002&ids=9000000000026&ids=9000000000052&ids=9000000000022&ids=9000000000050&ids=9000000000062&ids=9000000000044&
[2026-06-16 13:46:44] >> GET /v2/universes/28220420/places?limit=50&SortOrder=Asc
[2026-06-16 13:46:44] >> GET /v1/asset/?id=9000000000049&version=1
[2026-06-16 13:46:44] << /v2/universes/28220420/places -> {"previousPageCursor":null,"nextPageCursor":null,"data":[{"maxPlayerCount":null,"socialSlotType":null,"customSocialSlotsCount":null,"allowCopying":null,"currentSavedVersion":1,"isAllGenresAllowed":null,"allowedGearTypes":null,"maxPlayersAllowed":0,"created":"2022-01-01T00:00:00.000Z","updated":"2022-01-01T00:00:00.000Z","id":9991912465,"universeId":9991912465,"name":"Baseplate","description":"","isRootPlace":true}]}
[2026-06-16 13:46:44] >> GET //v1/games/icons?universeIds=28220420&returnPolicy=Placeholder&format=png&size=256x256
[2026-06-16 13:46:44] << //v1/games/icons -> {"data":[{"targetId":28220420,"state":"Completed","imageUrl":"http://localhost/Thumbs/gameicon.ashx?id=28220420","version":"TN3"}]}
[2026-06-16 13:46:46] >> GET /asset/?id=185041503&xcachesplit=9000000000048
[2026-06-16 13:46:46] FetchUrl: HTTP 403 for https://assetdelivery.roblox.com/v1/asset/?id=185041503
[2026-06-16 13:46:46] Asset 185041503: fetch failed, falling back to redirect
[2026-06-16 13:46:47] >> GET /asset/?id=594478911&xcachesplit=9000000000048
[2026-06-16 13:46:47] FetchUrl: HTTP 403 for https://assetdelivery.roblox.com/v1/asset/?id=594478911
[2026-06-16 13:46:47] Asset 594478911: fetch failed, falling back to redirect
[2026-06-16 13:46:47] >> GET /asset/?id=424126550&xcachesplit=9000000000048
[2026-06-16 13:46:47] >> GET /asset/?id=534995636&xcachesplit=9000000000048
[2026-06-16 13:46:47] FetchUrl: HTTP 403 for https://assetdelivery.roblox.com/v1/asset/?id=424126550
[2026-06-16 13:46:47] Asset 424126550: fetch failed, falling back to redirect
[2026-06-16 13:46:47] FetchUrl: HTTP 403 for https://assetdelivery.roblox.com/v1/asset/?id=534995636
[2026-06-16 13:46:47] Asset 534995636: fetch failed, falling back to redirect
[2026-06-16 13:46:48] >> GET /v1/universes/multiget?ids=9000000000048&ids=9000000000124&ids=9000000000020&ids=9000000000046&ids=9000000000098&ids=9000000000068&ids=9000000000016&ids=9000000000088&ids=9000000000064&ids=9000000000092&ids=9000000000096&ids=9000000000080&ids=9000000000018&ids=9000000000040&ids=9000000000030&ids=9000000000070&ids=9000000000034&ids=9000000000002&ids=9000000000026&ids=9000000000052&ids=9000000000022&ids=9000000000050&ids=9000000000062&ids=9000000000044
[2026-06-16 13:46:48] >> POST /studio/pbe
[2026-06-16 13:46:48] << /studio/pbe -> {}
[2026-06-16 13:46:48] >> POST /asset-permissions-api/v1/assets/check-permissions
[2026-06-16 13:46:48] asset-permissions assetId=9000000000049 -> HasPermission
[2026-06-16 13:46:48] asset-permissions check done: /asset-permissions-api/v1/assets/check-permissions
[2026-06-16 13:46:48] << /asset-permissions-api/v1/assets/check-permissions -> {"results":[{"value":{"status":"HasPermission"}}]}
[2026-06-16 13:46:48] >> GET /Thumbs/gameicon.ashx?id=28220420
[2026-06-16 13:46:48] >> POST /experience-guidelines-service/v1beta1/multi-age-recommendation
[2026-06-16 13:46:48] >> POST /core-content/v1/universe-eligibility/batch
[2026-06-16 13:46:48] >> GET /asset/?hash=9648afba5d3d7f66550213469e074213&contentRepresentationPriorityList=W3siZm9ybWF0IjoiUmVzaWR1YWwiLCJtYWpvclZlcnNpb24iOiIyIiwiZmlkZWxpdHkiOiJPcmlnaW5hbCJ9XQ%3D%3D&doNotFallbackToBaselineRepresentation=true
[2026-06-16 13:46:48] << /core-content/v1/universe-eligibility/batch -> {"eligibilityByCreator":[{"userId":"14463315","userIsEligible":true,"displayText":"Eligible","ineligibilityReason":"INELIGIBILITY_REASON_NONE"}]}
[2026-06-16 13:46:48] >> GET //v1/games/icons?universeIds=9000000000048,9000000000124,9000000000020,9000000000046,9000000000098,9000000000068,9000000000016,9000000000088,9000000000064,9000000000092,9000000000096,9000000000080,9000000000018,9000000000040,9000000000030,9000000000070,9000000000034,9000000000002,9000000000026,9000000000052,9000000000022,9000000000050,9000000000062,9000000000044&returnPolicy=Autogenerated&format=png&size=256x256
[2026-06-16 13:46:48] >> GET /teamcreate/v1/MultiGetUniversesActiveSessionMembers?maxUsers=10&ids=9000000000048&ids=9000000000124&ids=9000000000020&ids=9000000000046&ids=9000000000098&ids=9000000000068&ids=9000000000016&ids=9000000000088&ids=9000000000064&ids=9000000000092&ids=9000000000096&ids=9000000000080&ids=9000000000018&ids=9000000000040&ids=9000000000030&ids=9000000000070&ids=9000000000034&ids=9000000000002&ids=9000000000026&ids=9000000000052&ids=9000000000022&ids=9000000000050&ids=9000000000062&ids=9000000000044
[2026-06-16 13:46:48] >> POST /experience-releases/v1beta1/experience_releases_api/multi_release_statuses
[2026-06-16 13:46:49] >> GET /v1/universes/multiget/teamcreate?ids=9000000000048&ids=9000000000124&ids=9000000000020&ids=9000000000046&ids=9000000000098&ids=9000000000068&ids=9000000000016&ids=9000000000088&ids=9000000000064&ids=9000000000092&ids=9000000000096&ids=9000000000080&ids=9000000000018&ids=9000000000040&ids=9000000000030&ids=9000000000070&ids=9000000000034&ids=9000000000002&ids=9000000000026&ids=9000000000052&ids=9000000000022&ids=9000000000050&ids=9000000000062&ids=9000000000044&
[2026-06-16 13:46:49] >> GET /content-safety/v1/places/9000000000049/safety-status
[2026-06-16 13:46:49] >> GET /content-safety/v1/places/9000000000125/safety-status
[2026-06-16 13:46:49] >> GET /v1/universes/multiget/teamcreate?ids=9000000000048&ids=9000000000124&ids=9000000000020&ids=9000000000046&ids=9000000000098&ids=9000000000068&ids=9000000000016&ids=9000000000088&ids=9000000000064&ids=9000000000092&ids=9000000000096&ids=9000000000080&ids=9000000000018&ids=9000000000040&ids=9000000000030&ids=9000000000070&ids=9000000000034&ids=9000000000002&ids=9000000000026&ids=9000000000052&ids=9000000000022&ids=9000000000050&ids=9000000000062&ids=9000000000044
[2026-06-16 13:46:49] << //v1/games/icons -> {"data":[{"targetId":9000000000048,"state":"Completed","imageUrl":"http://localhost/Thumbs/gameicon.ashx?id=9000000000048","version":"TN3"},{"targetId":9000000000124,"state":"Completed","imageUrl":"http://localhost/Thumbs/gameicon.ashx?id=9000000000124","version":"TN3"},{"targetId":9000000000020,"state":"Completed","imageUrl":"http://localhost/Thumbs/gameicon.ashx?id=9000000000020","version":"TN3"},{"targetId":9000000000046,"state":"Completed","imageUrl":"http://localhost/Thumbs/gameicon.ashx?id=9000000000046","version":"TN3"},{"targetId":9000000000098,"state":"Completed","imageUrl":"http://localhost/Thumbs/gameicon.ashx?id=9000000000098","version":"TN3"},{"targetId":9000000000068,"state":"Completed","imageUrl":"http://localhost/Thumbs/gameicon.ashx?id=9000000000068","version":"TN3"},{"targetId":9000000000016,"state":"Completed","imageUrl":"http://localhost/Thumbs/gameicon.ashx?id=9000000000016","version":"TN3"},{"targetId":9000000000088,"state":"Completed","imageUrl":"http://localhost
[2026-06-16 13:46:49] TeamCreate stub (disabled): GET /teamcreate/v1/MultiGetUniversesActiveSessionMembers
[2026-06-16 13:46:49] << /experience-releases/v1beta1/experience_releases_api/multi_release_statuses -> {"eligibilityByCreator":[{"userId":"14463315","userIsEligible":true,"displayText":"Eligible","ineligibilityReason":"INELIGIBILITY_REASON_NONE"}]}
[2026-06-16 13:46:49] TeamCreate stub (disabled): GET /v1/universes/multiget/teamcreate
[2026-06-16 13:46:49] << /content-safety/v1/places/9000000000049/safety-status -> {"isSequestered":false,"moderationStatus":"Approved"}
[2026-06-16 13:46:49] << /content-safety/v1/places/9000000000125/safety-status -> {"isSequestered":false,"moderationStatus":"Approved"}
[2026-06-16 13:46:49] TeamCreate stub (disabled): GET /v1/universes/multiget/teamcreate
[2026-06-16 13:46:49] << /teamcreate/v1/MultiGetUniversesActiveSessionMembers -> {"data":[{"id":9000000000048,"isEnabled":false},{"id":9000000000124,"isEnabled":false},{"id":9000000000020,"isEnabled":false},{"id":9000000000046,"isEnabled":false},{"id":9000000000098,"isEnabled":false},{"id":9000000000068,"isEnabled":false},{"id":9000000000016,"isEnabled":false},{"id":9000000000088,"isEnabled":false},{"id":9000000000064,"isEnabled":false},{"id":9000000000092,"isEnabled":false},{"id":9000000000096,"isEnabled":false},{"id":9000000000080,"isEnabled":false},{"id":9000000000018,"isEnabled":false},{"id":9000000000040,"isEnabled":false},{"id":9000000000030,"isEnabled":false},{"id":9000000000070,"isEnabled":false},{"id":9000000000034,"isEnabled":false},{"id":9000000000002,"isEnabled":false},{"id":9000000000026,"isEnabled":false},{"id":9000000000052,"isEnabled":false},{"id":9000000000022,"isEnabled":false},{"id":9000000000050,"isEnabled":false},{"id":9000000000062,"isEnabled":false},{"id":9000000000044,"isEnabled":false}]}
[2026-06-16 13:46:49] << /v1/universes/multiget/teamcreate -> {"data":[{"id":9000000000048,"isEnabled":false},{"id":9000000000124,"isEnabled":false},{"id":9000000000020,"isEnabled":false},{"id":9000000000046,"isEnabled":false},{"id":9000000000098,"isEnabled":false},{"id":9000000000068,"isEnabled":false},{"id":9000000000016,"isEnabled":false},{"id":9000000000088,"isEnabled":false},{"id":9000000000064,"isEnabled":false},{"id":9000000000092,"isEnabled":false},{"id":9000000000096,"isEnabled":false},{"id":9000000000080,"isEnabled":false},{"id":9000000000018,"isEnabled":false},{"id":9000000000040,"isEnabled":false},{"id":9000000000030,"isEnabled":false},{"id":9000000000070,"isEnabled":false},{"id":9000000000034,"isEnabled":false},{"id":9000000000002,"isEnabled":false},{"id":9000000000026,"isEnabled":false},{"id":9000000000052,"isEnabled":false},{"id":9000000000022,"isEnabled":false},{"id":9000000000050,"isEnabled":false},{"id":9000000000062,"isEnabled":false},{"id":9000000000044,"isEnabled":false}]}
[2026-06-16 13:46:49] << /v1/universes/multiget/teamcreate -> {"data":[{"id":9000000000048,"isEnabled":false},{"id":9000000000124,"isEnabled":false},{"id":9000000000020,"isEnabled":false},{"id":9000000000046,"isEnabled":false},{"id":9000000000098,"isEnabled":false},{"id":9000000000068,"isEnabled":false},{"id":9000000000016,"isEnabled":false},{"id":9000000000088,"isEnabled":false},{"id":9000000000064,"isEnabled":false},{"id":9000000000092,"isEnabled":false},{"id":9000000000096,"isEnabled":false},{"id":9000000000080,"isEnabled":false},{"id":9000000000018,"isEnabled":false},{"id":9000000000040,"isEnabled":false},{"id":9000000000030,"isEnabled":false},{"id":9000000000070,"isEnabled":false},{"id":9000000000034,"isEnabled":false},{"id":9000000000002,"isEnabled":false},{"id":9000000000026,"isEnabled":false},{"id":9000000000052,"isEnabled":false},{"id":9000000000022,"isEnabled":false},{"id":9000000000050,"isEnabled":false},{"id":9000000000062,"isEnabled":false},{"id":9000000000044,"isEnabled":false}]}
[2026-06-16 13:46:49] >> GET /content-safety/v1/places/9000000000021/safety-status
[2026-06-16 13:46:49] << /content-safety/v1/places/9000000000021/safety-status -> {"isSequestered":false,"moderationStatus":"Approved"}
[2026-06-16 13:46:49] >> GET /content-safety/v1/places/9000000000047/safety-status
[2026-06-16 13:46:49] << /content-safety/v1/places/9000000000047/safety-status -> {"isSequestered":false,"moderationStatus":"Approved"}
[2026-06-16 13:46:49] >> GET /content-safety/v1/places/9000000000099/safety-status
[2026-06-16 13:46:49] << /content-safety/v1/places/9000000000099/safety-status -> {"isSequestered":false,"moderationStatus":"Approved"}
[2026-06-16 13:46:49] >> GET /content-safety/v1/places/9000000000069/safety-status
[2026-06-16 13:46:49] >> GET /content-safety/v1/places/9000000000017/safety-status
[2026-06-16 13:46:49] << /content-safety/v1/places/9000000000069/safety-status -> {"isSequestered":false,"moderationStatus":"Approved"}
[2026-06-16 13:46:49] << /content-safety/v1/places/9000000000017/safety-status -> {"isSequestered":false,"moderationStatus":"Approved"}
[2026-06-16 13:46:49] >> GET /content-safety/v1/places/9000000000089/safety-status
[2026-06-16 13:46:49] << /content-safety/v1/places/9000000000089/safety-status -> {"isSequestered":false,"moderationStatus":"Approved"}
[2026-06-16 13:46:49] >> GET /content-safety/v1/places/9000000000065/safety-status
[2026-06-16 13:46:49] >> GET /content-safety/v1/places/9000000000093/safety-status
[2026-06-16 13:46:49] >> GET /content-safety/v1/places/9000000000097/safety-status
[2026-06-16 13:46:49] >> GET /content-safety/v1/places/9000000000081/safety-status
[2026-06-16 13:46:49] >> GET /content-safety/v1/places/9000000000019/safety-status
[2026-06-16 13:46:49] << /content-safety/v1/places/9000000000065/safety-status -> {"isSequestered":false,"moderationStatus":"Approved"}
[2026-06-16 13:46:49] << /content-safety/v1/places/9000000000093/safety-status -> {"isSequestered":false,"moderationStatus":"Approved"}
[2026-06-16 13:46:49] << /content-safety/v1/places/9000000000097/safety-status -> {"isSequestered":false,"moderationStatus":"Approved"}
[2026-06-16 13:46:49] >> GET /content-safety/v1/places/9000000000041/safety-status
[2026-06-16 13:46:49] << /content-safety/v1/places/9000000000081/safety-status -> {"isSequestered":false,"moderationStatus":"Approved"}
[2026-06-16 13:46:49] >> GET /content-safety/v1/places/9000000000031/safety-status
[2026-06-16 13:46:49] << /content-safety/v1/places/9000000000019/safety-status -> {"isSequestered":false,"moderationStatus":"Approved"}
[2026-06-16 13:46:49] << /content-safety/v1/places/9000000000041/safety-status -> {"isSequestered":false,"moderationStatus":"Approved"}
[2026-06-16 13:46:49] << /content-safety/v1/places/9000000000031/safety-status -> {"isSequestered":false,"moderationStatus":"Approved"}
[2026-06-16 13:46:49] >> GET /content-safety/v1/places/9000000000071/safety-status
[2026-06-16 13:46:49] >> GET /content-safety/v1/places/9000000000035/safety-status
[2026-06-16 13:46:49] >> GET /content-safety/v1/places/9000000000003/safety-status
[2026-06-16 13:46:49] << /content-safety/v1/places/9000000000071/safety-status -> {"isSequestered":false,"moderationStatus":"Approved"}
[2026-06-16 13:46:49] >> GET /content-safety/v1/places/9000000000027/safety-status
[2026-06-16 13:46:49] << /content-safety/v1/places/9000000000035/safety-status -> {"isSequestered":false,"moderationStatus":"Approved"}
[2026-06-16 13:46:49] << /content-safety/v1/places/9000000000003/safety-status -> {"isSequestered":false,"moderationStatus":"Approved"}
[2026-06-16 13:46:49] >> GET /content-safety/v1/places/9000000000053/safety-status
[2026-06-16 13:46:50] << /content-safety/v1/places/9000000000027/safety-status -> {"isSequestered":false,"moderationStatus":"Approved"}
[2026-06-16 13:46:50] >> GET /content-safety/v1/places/9000000000023/safety-status
[2026-06-16 13:46:50] >> GET /content-safety/v1/places/9000000000051/safety-status
[2026-06-16 13:46:50] << /content-safety/v1/places/9000000000053/safety-status -> {"isSequestered":false,"moderationStatus":"Approved"}
[2026-06-16 13:46:50] << /content-safety/v1/places/9000000000023/safety-status -> {"isSequestered":false,"moderationStatus":"Approved"}
[2026-06-16 13:46:50] << /content-safety/v1/places/9000000000051/safety-status -> {"isSequestered":false,"moderationStatus":"Approved"}
[2026-06-16 13:46:50] >> GET /content-safety/v1/places/9000000000063/safety-status
[2026-06-16 13:46:50] >> GET /content-safety/v1/places/9000000000045/safety-status
[2026-06-16 13:46:50] << /content-safety/v1/places/9000000000063/safety-status -> {"isSequestered":false,"moderationStatus":"Approved"}
[2026-06-16 13:46:50] << /content-safety/v1/places/9000000000045/safety-status -> {"isSequestered":false,"moderationStatus":"Approved"}
[2026-06-16 13:46:50] >> GET /universes/v1/places/9000000000049/universe
[2026-06-16 13:46:50] << /universes/v1/places/9000000000049/universe -> {"id":9000000000048,"universeId":9000000000048,"rootPlaceId":9000000000049,"name":"Pokemon Brick Bronze","description":"","isArchived":false,"isActive":true,"privacyType":"Private","creatorType":"User","creatorTargetId":14463315,"creatorName":"HearMeRoar","price":0,"playing":0,"visits":0,"maxPlayers":10,"studioAccessToApisAllowed":true,"genre":"All","isAllGenre":true,"isFavoritedByUser":false,"favoritedCount":0,"created":"2022-05-11T13:27:09.897Z","updated":"2022-05-11T13:27:09.897Z","universeAvatarType":"MorphToR6"}
[2026-06-16 13:46:50] >> GET /v2/assets/9000000000049/details
[2026-06-16 13:46:50] << /v2/assets/9000000000049/details -> {"TargetId":9000000000049,"AssetId":9000000000049,"ProductId":9000000000049,"assetId":9000000000049,"id":9000000000049,"Id":9000000000049,"TargetPlaceId":9000000000049,"PlaceId":9000000000049,"ProductType":"User Product","Name":"Pokemon Brick Bronze","Description":"","AssetTypeId":9,"assetTypeId":9,"Creator":{"Id":14463315,"Name":"HearMeRoar","CreatorType":"User","CreatorTargetId":14463315,"HasVerifiedBadge":false,"id":14463315,"type":1,"creatorType":"User","creatorTargetId":14463315},"IconImageAssetId":0,"Created":"2022-05-11T13:27:09.897Z","Updated":"2022-06-19T07:23:39.03Z","created":"2022-05-11T13:27:09.897Z","updated":"2022-06-19T07:23:39.03Z","PriceInRobux":null,"Sales":0,"IsNew":false,"IsForSale":false,"IsPublicDomain":true,"IsLimited":false,"IsLimitedUnique":false,"isPublic":true,"isForSale":false,"isLimited":false,"isLimitedUnique":false,"enableComments":false}
[2026-06-16 13:46:50] >> GET /v1/universes/9000000000048
[2026-06-16 13:46:50] << /v1/universes/9000000000048 -> {"id":9000000000048,"universeId":9000000000048,"rootPlaceId":9000000000049,"name":"Pokemon Brick Bronze","description":"","isArchived":false,"isActive":true,"privacyType":"Private","creatorType":"User","creatorTargetId":14463315,"creatorName":"HearMeRoar","price":0,"playing":0,"visits":0,"maxPlayers":10,"studioAccessToApisAllowed":true,"genre":"All","isAllGenre":true,"isFavoritedByUser":false,"favoritedCount":0,"created":"2022-05-11T13:27:09.897Z","updated":"2022-05-11T13:27:09.897Z","universeAvatarType":"MorphToR6"}
[2026-06-16 13:46:50] >> GET /userhub/?id=
[2026-06-16 13:46:50] >> POST /v1/batch
[2026-06-16 13:46:50] 404 GET /userhub/
[2026-06-16 13:46:50] << /v1/batch -> {"data":[]}
[2026-06-16 13:46:50] << /userhub/ -> {"errors":[{"code":"NotFound","message":"Not found"}]}
[2026-06-16 13:46:50] >> GET /Thumbs/gameicon.ashx?id=9000000000048
[2026-06-16 13:46:50] >> GET /Thumbs/gameicon.ashx?id=9000000000124
[2026-06-16 13:46:50] >> GET /Thumbs/gameicon.ashx?id=9000000000020
[2026-06-16 13:46:50] >> GET /Thumbs/gameicon.ashx?id=9000000000046
[2026-06-16 13:46:50] >> GET /Thumbs/gameicon.ashx?id=9000000000098
[2026-06-16 13:46:50] >> GET /Thumbs/gameicon.ashx?id=9000000000068
[2026-06-16 13:46:50] >> GET /Thumbs/gameicon.ashx?id=9000000000016
[2026-06-16 13:46:50] >> GET /Thumbs/gameicon.ashx?id=9000000000088
[2026-06-16 13:46:51] >> GET /Thumbs/gameicon.ashx?id=9000000000064
[2026-06-16 13:46:51] >> GET /Thumbs/gameicon.ashx?id=9000000000092
[2026-06-16 13:46:51] >> GET /Thumbs/gameicon.ashx?id=9000000000096
[2026-06-16 13:46:51] >> GET /Thumbs/gameicon.ashx?id=9000000000080
[2026-06-16 13:46:51] >> GET /Thumbs/gameicon.ashx?id=9000000000018
[2026-06-16 13:46:51] >> GET /Thumbs/gameicon.ashx?id=9000000000040
[2026-06-16 13:46:51] >> GET /Thumbs/gameicon.ashx?id=9000000000030
[2026-06-16 13:46:51] >> GET /Thumbs/gameicon.ashx?id=9000000000070
[2026-06-16 13:46:51] >> GET /Thumbs/gameicon.ashx?id=9000000000034
[2026-06-16 13:46:51] >> GET /Thumbs/gameicon.ashx?id=9000000000002
[2026-06-16 13:46:51] >> GET /Thumbs/gameicon.ashx?id=9000000000026
[2026-06-16 13:46:51] >> GET /Thumbs/gameicon.ashx?id=9000000000052
[2026-06-16 13:46:52] >> GET /asset/?hash=9648afba5d3d7f66550213469e074213&contentRepresentationPriorityList=W3siZm9ybWF0IjoiT3JpZ2luYWwiLCJtYWpvclZlcnNpb24iOiJPcmlnaW5hbCIsImZpZGVsaXR5IjoiT3JpZ2luYWwifV0%3D
[2026-06-16 13:46:52] >> GET /Thumbs/gameicon.ashx?id=9000000000022
[2026-06-16 13:46:53] >> GET /Thumbs/gameicon.ashx?id=9000000000050
[2026-06-16 13:46:53] >> GET /Thumbs/gameicon.ashx?id=9000000000062
[2026-06-16 13:46:53] >> GET /Thumbs/gameicon.ashx?id=9000000000044
[2026-06-16 13:46:53] >> GET /v1/universes/9000000000048/permissions
[2026-06-16 13:46:53] << /v1/universes/9000000000048/permissions -> {"canManage":true,"canCloudEdit":false,"canPublish":true,"canView":true,"isPublic":false}
[2026-06-16 13:46:53] >> POST /event-subscription/v1/subscribe
[2026-06-16 13:46:53] << /event-subscription/v1/subscribe -> {"ttl_minutes":1440}
[2026-06-16 13:46:53] >> GET /v1/universes/9000000000048/places?sortOrder=Asc&limit=50
[2026-06-16 13:46:53] >> GET /content-aliases-api/v1/universes/9000000000048/aliases
[2026-06-16 13:46:53] << /v1/universes/9000000000048/places -> {"previousPageCursor":null,"nextPageCursor":null,"data":[{"id":9000000000049,"universeId":9000000000048,"name":"Pokemon Brick Bronze","description":""}]}
[2026-06-16 13:46:53] << /content-aliases-api/v1/universes/9000000000048/aliases -> {"Aliases":[],"NextPageToken":null}
[2026-06-16 13:46:53] >> GET /v2/assets/9000000000049/details
[2026-06-16 13:46:53] << /v2/assets/9000000000049/details -> {"TargetId":9000000000049,"AssetId":9000000000049,"ProductId":9000000000049,"assetId":9000000000049,"id":9000000000049,"Id":9000000000049,"TargetPlaceId":9000000000049,"PlaceId":9000000000049,"ProductType":"User Product","Name":"Pokemon Brick Bronze","Description":"","AssetTypeId":9,"assetTypeId":9,"Creator":{"Id":14463315,"Name":"HearMeRoar","CreatorType":"User","CreatorTargetId":14463315,"HasVerifiedBadge":false,"id":14463315,"type":1,"creatorType":"User","creatorTargetId":14463315},"IconImageAssetId":0,"Created":"2022-05-11T13:27:09.897Z","Updated":"2022-06-19T07:23:39.03Z","created":"2022-05-11T13:27:09.897Z","updated":"2022-06-19T07:23:39.03Z","PriceInRobux":null,"Sales":0,"IsNew":false,"IsForSale":false,"IsPublicDomain":true,"IsLimited":false,"IsLimitedUnique":false,"isPublic":true,"isForSale":false,"isLimited":false,"isLimitedUnique":false,"enableComments":false}
[2026-06-16 13:46:53] >> GET /v2/assets/9000000000049/details
[2026-06-16 13:46:53] << /v2/assets/9000000000049/details -> {"TargetId":9000000000049,"AssetId":9000000000049,"ProductId":9000000000049,"assetId":9000000000049,"id":9000000000049,"Id":9000000000049,"TargetPlaceId":9000000000049,"PlaceId":9000000000049,"ProductType":"User Product","Name":"Pokemon Brick Bronze","Description":"","AssetTypeId":9,"assetTypeId":9,"Creator":{"Id":14463315,"Name":"HearMeRoar","CreatorType":"User","CreatorTargetId":14463315,"HasVerifiedBadge":false,"id":14463315,"type":1,"creatorType":"User","creatorTargetId":14463315},"IconImageAssetId":0,"Created":"2022-05-11T13:27:09.897Z","Updated":"2022-06-19T07:23:39.03Z","created":"2022-05-11T13:27:09.897Z","updated":"2022-06-19T07:23:39.03Z","PriceInRobux":null,"Sales":0,"IsNew":false,"IsForSale":false,"IsPublicDomain":true,"IsLimited":false,"IsLimitedUnique":false,"isPublic":true,"isForSale":false,"isLimited":false,"isLimitedUnique":false,"enableComments":false}
[2026-06-16 13:46:54] >> GET /v1/universes/multiget?ids=9000000000048&ids=9000000000124&ids=9000000000020&ids=9000000000046&ids=9000000000098&ids=9000000000068&ids=9000000000016&ids=9000000000088&ids=9000000000064&ids=9000000000092&ids=9000000000096&ids=9000000000080&ids=9000000000018&ids=9000000000040&ids=9000000000030&ids=9000000000070&ids=9000000000034&ids=9000000000002&ids=9000000000026&ids=9000000000052&ids=9000000000022&ids=9000000000050&ids=9000000000062&ids=9000000000044
[2026-06-16 13:46:54] >> GET /v1/universes/multiget/teamcreate?ids=9000000000048&ids=9000000000124&ids=9000000000020&ids=9000000000046&ids=9000000000098&ids=9000000000068&ids=9000000000016&ids=9000000000088&ids=9000000000064&ids=9000000000092&ids=9000000000096&ids=9000000000080&ids=9000000000018&ids=9000000000040&ids=9000000000030&ids=9000000000070&ids=9000000000034&ids=9000000000002&ids=9000000000026&ids=9000000000052&ids=9000000000022&ids=9000000000050&ids=9000000000062&ids=9000000000044
[2026-06-16 13:46:54] TeamCreate stub (disabled): GET /v1/universes/multiget/teamcreate
[2026-06-16 13:46:54] << /v1/universes/multiget/teamcreate -> {"data":[{"id":9000000000048,"isEnabled":false},{"id":9000000000124,"isEnabled":false},{"id":9000000000020,"isEnabled":false},{"id":9000000000046,"isEnabled":false},{"id":9000000000098,"isEnabled":false},{"id":9000000000068,"isEnabled":false},{"id":9000000000016,"isEnabled":false},{"id":9000000000088,"isEnabled":false},{"id":9000000000064,"isEnabled":false},{"id":9000000000092,"isEnabled":false},{"id":9000000000096,"isEnabled":false},{"id":9000000000080,"isEnabled":false},{"id":9000000000018,"isEnabled":false},{"id":9000000000040,"isEnabled":false},{"id":9000000000030,"isEnabled":false},{"id":9000000000070,"isEnabled":false},{"id":9000000000034,"isEnabled":false},{"id":9000000000002,"isEnabled":false},{"id":9000000000026,"isEnabled":false},{"id":9000000000052,"isEnabled":false},{"id":9000000000022,"isEnabled":false},{"id":9000000000050,"isEnabled":false},{"id":9000000000062,"isEnabled":false},{"id":9000000000044,"isEnabled":false}]}
[2026-06-16 13:46:59] >> POST /v1.0/SequenceStatistics/BatchAddToSequencesV2?apiKey=76E5A40C-3AE1-4028-9F10-7C62520BD94F
[2026-06-16 13:46:59] >> POST /v1.1/Counters/BatchIncrement?apiKey=76E5A40C-3AE1-4028-9F10-7C62520BD94F
[2026-06-16 13:46:59] << /v1.0/SequenceStatistics/BatchAddToSequencesV2 -> {}
[2026-06-16 13:46:59] << /v1.1/Counters/BatchIncrement -> {}
[2026-06-16 13:46:59] >> POST /experience-guidelines-service/v1beta1/multi-age-recommendation
[2026-06-16 13:46:59] >> GET /universes/v1/search?surface=StudioSavePlace&isArchived=false&creatorTargetId=14463315&sortOrder=Desc&search=&needsAssetOptions=true&sortParam=LastUpdated&pageSize=25&creatorType=User
[2026-06-16 13:46:59] >> GET /creator-home-api/v1/groups?surface=StudioSaveExistingPlace
[2026-06-16 13:46:59] << /experience-guidelines-service/v1beta1/multi-age-recommendation -> {"ageRecommendationDetailsByUniverse":[{"ageRecommendationDetails":{"ageRecommendationSummary":{"ageRecommendation":{"displayName":"Unknown","minimumAge":13,"displayNameWithHeaderShort":"Maturity: Unknown","minimumAgeDisplay":"","contentMaturity":"unrated"}}},"universeId":9000000000048}],"headerDisplayName":"Content Maturity","headerDisplayNameShort":"Maturity"}
[2026-06-16 13:46:59] << /creator-home-api/v1/groups -> {"data":[]}
[2026-06-16 13:46:59] >> POST /experience-guidelines-service/v1beta1/multi-age-recommendation
[2026-06-16 13:46:59] >> POST /v1/batch
[2026-06-16 13:46:59] << /v1/batch -> {"data":[]}
[2026-06-16 13:47:02] >> POST /v1.1/Counters/BatchIncrement?apiKey=76E5A40C-3AE1-4028-9F10-7C62520BD94F
[2026-06-16 13:47:02] >> POST /v1.0/SequenceStatistics/BatchAddToSequencesV2?apiKey=76E5A40C-3AE1-4028-9F10-7C62520BD94F
[2026-06-16 13:47:02] >> POST /studio/pbe
[2026-06-16 13:47:02] >> POST /timespent/pbe
[2026-06-16 13:47:02] >> POST /experience-signals-ingest/public/v1/events/single
[2026-06-16 13:47:02] << /v1.1/Counters/BatchIncrement -> {}
[2026-06-16 13:47:02] << /v1.0/SequenceStatistics/BatchAddToSequencesV2 -> {}
[2026-06-16 13:47:02] << /studio/pbe -> {}
[2026-06-16 13:47:02] << /timespent/pbe -> {}
[2026-06-16 13:47:02] << /experience-signals-ingest/public/v1/events/single -> {}
[2026-06-16 13:47:03] >> GET /universes/v1/search?surface=StudioPublishPlace&isArchived=false&creatorTargetId=14463315&sortOrder=Desc&search=&needsAssetOptions=true&sortParam=LastUpdated&pageSize=25&creatorType=User
[2026-06-16 13:47:03] >> GET /creator-home-api/v1/groups?surface=StudioPublishExistingPlace
[2026-06-16 13:47:03] << /creator-home-api/v1/groups -> {"data":[]}
[2026-06-16 13:47:03] >> POST /experience-guidelines-service/v1beta1/multi-age-recommendation
[2026-06-16 13:47:04] >> GET /v2/universes/canUserPublish?universeIds=9000000000002&universeIds=9000000000014&universeIds=9000000000016&universeIds=9000000000018&universeIds=9000000000020&universeIds=9000000000022&universeIds=9000000000024&universeIds=9000000000026&universeIds=9000000000028&universeIds=9000000000030&universeIds=9000000000032&universeIds=9000000000034&universeIds=9000000000036&universeIds=9000000000038&universeIds=9000000000040&universeIds=9000000000042&universeIds=9000000000044&universeIds=9000000000046&universeIds=9000000000048&universeIds=9000000000050&universeIds=9000000000052&universeIds=9000000000054&universeIds=9000000000056&universeIds=9000000000058&universeIds=9000000000060&universeIds=9000000000062&universeIds=9000000000064&universeIds=9000000000066&universeIds=9000000000068&universeIds=9000000000070&universeIds=9000000000080&universeIds=9000000000088&universeIds=9000000000092&universeIds=9000000000096&universeIds=9000000000098&universeIds=9000000000124
[2026-06-16 13:47:04] << /v2/universes/canUserPublish -> {"id":9991912465,"name":"Baseplate","description":"","isArchived":false,"rootPlaceId":9991912465,"isActive":true,"privacyType":"Public","creatorType":"User","creatorTargetId":998796,"creatorName":"Roblox","price":null,"playing":0,"visits":0,"maxPlayers":10,"studioAccessToApisAllowed":true,"genre":"All","isAllGenre":true,"created":"2022-05-11T13:27:09.897Z","updated":"2022-06-19T07:23:39.03Z"}
[2026-06-16 13:47:06] >> POST /user-heartbeats-api/pulse
[2026-06-16 13:47:06] << /user-heartbeats-api/pulse -> {"accounts": [{"username": "HearMeRoar","robloxCookie": "","pulseInterval": 30000,"enableLogging": true}],"globalConfig": {"retryAttempts": 3,"retryDelay": 5000}}
[2026-06-16 13:47:20] >> GET /userhub/?id=
[2026-06-16 13:47:20] 404 GET /userhub/
[2026-06-16 13:47:20] << /userhub/ -> {"errors":[{"code":"NotFound","message":"Not found"}]}
[2026-06-16 13:47:29] >> POST /v1.0/SequenceStatistics/BatchAddToSequencesV2?apiKey=76E5A40C-3AE1-4028-9F10-7C62520BD94F
[2026-06-16 13:47:29] << /v1.0/SequenceStatistics/BatchAddToSequencesV2 -> {}
[2026-06-16 13:47:29] >> POST /v1.1/Counters/BatchIncrement?apiKey=76E5A40C-3AE1-4028-9F10-7C62520BD94F
[2026-06-16 13:47:29] << /v1.1/Counters/BatchIncrement -> {}
[2026-06-16 13:47:32] >> POST /v1.0/SequenceStatistics/BatchAddToSequencesV2?apiKey=76E5A40C-3AE1-4028-9F10-7C62520BD94F
[2026-06-16 13:47:32] >> POST /studio/pbe
[2026-06-16 13:47:32] >> POST /timespent/pbe
[2026-06-16 13:47:32] >> POST /experience-signals-ingest/public/v1/events/single
[2026-06-16 13:47:32] << /v1.0/SequenceStatistics/BatchAddToSequencesV2 -> {}
[2026-06-16 13:47:32] << /studio/pbe -> {}
[2026-06-16 13:47:32] << /timespent/pbe -> {}
[2026-06-16 13:47:32] << /experience-signals-ingest/public/v1/events/single -> {}
[2026-06-16 13:47:33] >> POST /v1.0/SequenceStatistics/BatchAddToSequencesV2?apiKey=76E5A40C-3AE1-4028-9F10-7C62520BD94F
[2026-06-16 13:47:33] << /v1.0/SequenceStatistics/BatchAddToSequencesV2 -> {}
[2026-06-16 13:47:33] >> POST /v1.1/Counters/BatchIncrement?apiKey=76E5A40C-3AE1-4028-9F10-7C62520BD94F
[2026-06-16 13:47:33] << /v1.1/Counters/BatchIncrement -> {}
[2026-06-16 13:47:36] >> POST /user-heartbeats-api/pulse
[2026-06-16 13:47:36] << /user-heartbeats-api/pulse -> {"accounts": [{"username": "HearMeRoar","robloxCookie": "","pulseInterval": 30000,"enableLogging": true}],"globalConfig": {"retryAttempts": 3,"retryDelay": 5000}}
[2026-06-16 13:47:38] >> GET /userhub/?id=
[2026-06-16 13:47:38] 404 GET /userhub/
[2026-06-16 13:47:38] << /userhub/ -> {"errors":[{"code":"NotFound","message":"Not found"}]}
[2026-06-16 13:48:02] >> POST /v1.0/SequenceStatistics/BatchAddToSequencesV2?apiKey=76E5A40C-3AE1-4028-9F10-7C62520BD94F
[2026-06-16 13:48:02] >> POST /timespent/pbe
[2026-06-16 13:48:02] >> POST /experience-signals-ingest/public/v1/events/single
[2026-06-16 13:48:02] << /v1.0/SequenceStatistics/BatchAddToSequencesV2 -> {}
[2026-06-16 13:48:02] << /timespent/pbe -> {}
[2026-06-16 13:48:02] << /experience-signals-ingest/public/v1/events/single -> {}
[2026-06-16 13:48:07] >> POST /user-heartbeats-api/pulse
[2026-06-16 13:48:07] << /user-heartbeats-api/pulse -> {"accounts": [{"username": "HearMeRoar","robloxCookie": "","pulseInterval": 30000,"enableLogging": true}],"globalConfig": {"retryAttempts": 3,"retryDelay": 5000}}
[2026-06-16 13:48:09] >> GET /userhub/?id=
[2026-06-16 13:48:09] 404 GET /userhub/
[2026-06-16 13:48:09] << /userhub/ -> {"errors":[{"code":"NotFound","message":"Not found"}]}
[2026-06-16 13:48:32] >> POST /v1.0/SequenceStatistics/BatchAddToSequencesV2?apiKey=76E5A40C-3AE1-4028-9F10-7C62520BD94F
[2026-06-16 13:48:32] << /v1.0/SequenceStatistics/BatchAddToSequencesV2 -> {}
[2026-06-16 13:48:32] >> POST /v1.0/SequenceStatistics/BatchAddToSequencesV2?apiKey=76E5A40C-3AE1-4028-9F10-7C62520BD94F
[2026-06-16 13:48:32] >> POST /timespent/pbe
[2026-06-16 13:48:32] >> POST /experience-signals-ingest/public/v1/events/single
[2026-06-16 13:48:32] << /v1.0/SequenceStatistics/BatchAddToSequencesV2 -> {}
[2026-06-16 13:48:32] << /timespent/pbe -> {}
[2026-06-16 13:48:32] << /experience-signals-ingest/public/v1/events/single -> {}
[2026-06-16 13:48:32] >> POST /v1.1/Counters/BatchIncrement?apiKey=76E5A40C-3AE1-4028-9F10-7C62520BD94F
[2026-06-16 13:48:32] << /v1.1/Counters/BatchIncrement -> {}
[2026-06-16 13:48:34] >> POST /v1.1/Counters/BatchIncrement?apiKey=76E5A40C-3AE1-4028-9F10-7C62520BD94F
[2026-06-16 13:48:34] << /v1.1/Counters/BatchIncrement -> {}
[2026-06-16 13:48:36] >> POST /user-heartbeats-api/pulse
[2026-06-16 13:48:37] << /user-heartbeats-api/pulse -> {"accounts": [{"username": "HearMeRoar","robloxCookie": "","pulseInterval": 30000,"enableLogging": true}],"globalConfig": {"retryAttempts": 3,"retryDelay": 5000}}
[2026-06-16 13:48:39] >> GET /userhub/?id=
[2026-06-16 13:48:39] 404 GET /userhub/
[2026-06-16 13:48:39] << /userhub/ -> {"errors":[{"code":"NotFound","message":"Not found"}]}
[2026-06-16 13:49:02] >> POST /v1.0/SequenceStatistics/BatchAddToSequencesV2?apiKey=76E5A40C-3AE1-4028-9F10-7C62520BD94F
[2026-06-16 13:49:02] >> POST /timespent/pbe
[2026-06-16 13:49:02] >> POST /experience-signals-ingest/public/v1/events/single
[2026-06-16 13:49:02] << /v1.0/SequenceStatistics/BatchAddToSequencesV2 -> {}
[2026-06-16 13:49:02] << /timespent/pbe -> {}
[2026-06-16 13:49:02] << /experience-signals-ingest/public/v1/events/single -> {}
[2026-06-16 13:49:07] >> POST /user-heartbeats-api/pulse
[2026-06-16 13:49:07] << /user-heartbeats-api/pulse -> {"accounts": [{"username": "HearMeRoar","robloxCookie": "","pulseInterval": 30000,"enableLogging": true}],"globalConfig": {"retryAttempts": 3,"retryDelay": 5000}}
[2026-06-16 13:49:09] >> GET /userhub/?id=
[2026-06-16 13:49:09] 404 GET /userhub/
[2026-06-16 13:49:09] << /userhub/ -> {"errors":[{"code":"NotFound","message":"Not found"}]}
[2026-06-16 13:49:32] >> POST /v1.0/SequenceStatistics/BatchAddToSequencesV2?apiKey=76E5A40C-3AE1-4028-9F10-7C62520BD94F
[2026-06-16 13:49:32] << /v1.0/SequenceStatistics/BatchAddToSequencesV2 -> {}
[2026-06-16 13:49:32] >> POST /v1.0/SequenceStatistics/BatchAddToSequencesV2?apiKey=76E5A40C-3AE1-4028-9F10-7C62520BD94F
[2026-06-16 13:49:32] >> POST /studio/pbe
[2026-06-16 13:49:32] >> POST /timespent/pbe
[2026-06-16 13:49:32] >> POST /experience-signals-ingest/public/v1/events/single
[2026-06-16 13:49:32] << /v1.0/SequenceStatistics/BatchAddToSequencesV2 -> {}
[2026-06-16 13:49:32] << /studio/pbe -> {}
[2026-06-16 13:49:32] << /timespent/pbe -> {}
[2026-06-16 13:49:32] << /experience-signals-ingest/public/v1/events/single -> {}
[2026-06-16 13:49:32] >> POST /v1.1/Counters/BatchIncrement?apiKey=76E5A40C-3AE1-4028-9F10-7C62520BD94F
[2026-06-16 13:49:32] << /v1.1/Counters/BatchIncrement -> {}
[2026-06-16 13:49:34] >> POST /v1.1/Counters/BatchIncrement?apiKey=76E5A40C-3AE1-4028-9F10-7C62520BD94F
[2026-06-16 13:49:34] << /v1.1/Counters/BatchIncrement -> {}
[2026-06-16 13:49:36] >> POST /user-heartbeats-api/pulse
[2026-06-16 13:49:37] << /user-heartbeats-api/pulse -> {"accounts": [{"username": "HearMeRoar","robloxCookie": "","pulseInterval": 30000,"enableLogging": true}],"globalConfig": {"retryAttempts": 3,"retryDelay": 5000}}
[2026-06-16 13:49:39] >> GET /userhub/?id=
[2026-06-16 13:49:39] 404 GET /userhub/
[2026-06-16 13:49:39] << /userhub/ -> {"errors":[{"code":"NotFound","message":"Not found"}]}
[2026-06-16 13:50:02] >> POST /v1.0/SequenceStatistics/BatchAddToSequencesV2?apiKey=76E5A40C-3AE1-4028-9F10-7C62520BD94F
[2026-06-16 13:50:02] >> POST /timespent/pbe
[2026-06-16 13:50:02] >> POST /experience-signals-ingest/public/v1/events/single
[2026-06-16 13:50:02] << /v1.0/SequenceStatistics/BatchAddToSequencesV2 -> {}
[2026-06-16 13:50:02] << /timespent/pbe -> {}
[2026-06-16 13:50:02] << /experience-signals-ingest/public/v1/events/single -> {}
[2026-06-16 13:50:06] >> POST /user-heartbeats-api/pulse
[2026-06-16 13:50:07] << /user-heartbeats-api/pulse -> {"accounts": [{"username": "HearMeRoar","robloxCookie": "","pulseInterval": 30000,"enableLogging": true}],"globalConfig": {"retryAttempts": 3,"retryDelay": 5000}}
[2026-06-16 13:50:09] >> GET /userhub/?id=
[2026-06-16 13:50:09] 404 GET /userhub/
[2026-06-16 13:50:09] << /userhub/ -> {"errors":[{"code":"NotFound","message":"Not found"}]}
[2026-06-16 13:50:32] >> POST /v1.0/SequenceStatistics/BatchAddToSequencesV2?apiKey=76E5A40C-3AE1-4028-9F10-7C62520BD94F
[2026-06-16 13:50:32] << /v1.0/SequenceStatistics/BatchAddToSequencesV2 -> {}
[2026-06-16 13:50:32] >> POST /v1.0/SequenceStatistics/BatchAddToSequencesV2?apiKey=76E5A40C-3AE1-4028-9F10-7C62520BD94F
[2026-06-16 13:50:32] >> POST /timespent/pbe
[2026-06-16 13:50:32] >> POST /experience-signals-ingest/public/v1/events/single
[2026-06-16 13:50:32] << /v1.0/SequenceStatistics/BatchAddToSequencesV2 -> {}
[2026-06-16 13:50:32] << /timespent/pbe -> {}
[2026-06-16 13:50:32] << /experience-signals-ingest/public/v1/events/single -> {}
[2026-06-16 13:50:32] >> POST /v1.1/Counters/BatchIncrement?apiKey=76E5A40C-3AE1-4028-9F10-7C62520BD94F
[2026-06-16 13:50:32] << /v1.1/Counters/BatchIncrement -> {}
[2026-06-16 13:50:35] >> POST /v1.1/Counters/BatchIncrement?apiKey=76E5A40C-3AE1-4028-9F10-7C62520BD94F
[2026-06-16 13:50:35] << /v1.1/Counters/BatchIncrement -> {}
[2026-06-16 13:50:36] >> POST /user-heartbeats-api/pulse
[2026-06-16 13:50:37] << /user-heartbeats-api/pulse -> {"accounts": [{"username": "HearMeRoar","robloxCookie": "","pulseInterval": 30000,"enableLogging": true}],"globalConfig": {"retryAttempts": 3,"retryDelay": 5000}}
[2026-06-16 13:50:40] >> GET /userhub/?id=
[2026-06-16 13:50:40] 404 GET /userhub/
[2026-06-16 13:50:40] << /userhub/ -> {"errors":[{"code":"NotFound","message":"Not found"}]}
[2026-06-16 13:51:02] >> POST /v1.0/SequenceStatistics/BatchAddToSequencesV2?apiKey=76E5A40C-3AE1-4028-9F10-7C62520BD94F
[2026-06-16 13:51:02] >> POST /studio/pbe
[2026-06-16 13:51:02] >> POST /timespent/pbe
[2026-06-16 13:51:02] << /v1.0/SequenceStatistics/BatchAddToSequencesV2 -> {}
[2026-06-16 13:51:02] >> POST /experience-signals-ingest/public/v1/events/single
[2026-06-16 13:51:02] << /studio/pbe -> {}
[2026-06-16 13:51:02] << /timespent/pbe -> {}
[2026-06-16 13:51:02] << /experience-signals-ingest/public/v1/events/single -> {}
[2026-06-16 13:51:06] >> POST /studio/pbe
[2026-06-16 13:51:06] >> POST /studio/pbe
[2026-06-16 13:51:06] >> PATCH /studio-user-settings/v1/user/studiodata/CloudEditKey_placeId9000000000049
[2026-06-16 13:51:06] << /studio/pbe -> {}
[2026-06-16 13:51:06] << /studio/pbe -> {}
[2026-06-16 13:51:06] << /studio-user-settings/v1/user/studiodata/CloudEditKey_placeId9000000000049 -> {}
[2026-06-16 13:51:10] >> POST /user-heartbeats-api/pulse
[2026-06-16 13:51:10] >> POST /user-heartbeats-api/action-report
[2026-06-16 13:51:10] << /user-heartbeats-api/pulse -> {"accounts": [{"username": "HearMeRoar","robloxCookie": "","pulseInterval": 30000,"enableLogging": true}],"globalConfig": {"retryAttempts": 3,"retryDelay": 5000}}
[2026-06-16 13:51:10] << /user-heartbeats-api/action-report -> {"accounts": [{"username": "HearMeRoar","robloxCookie": "","pulseInterval": 30000,"enableLogging": true}],"globalConfig": {"retryAttempts": 3,"retryDelay": 5000}}
[2026-06-16 13:51:10] >> POST /studio/pbe
[2026-06-16 13:51:10] >> POST /studio/pbe
[2026-06-16 13:51:10] >> GET /userhub/?id=
[2026-06-16 13:51:10] << /studio/pbe -> {}
[2026-06-16 13:51:10] << /studio/pbe -> {}
[2026-06-16 13:51:10] 404 GET /userhub/
[2026-06-16 13:51:10] << /userhub/ -> {"errors":[{"code":"NotFound","message":"Not found"}]}
[2026-06-16 13:51:10] >> POST /user-heartbeats-api/action-report
[2026-06-16 13:51:10] << /user-heartbeats-api/action-report -> {"accounts": [{"username": "HearMeRoar","robloxCookie": "","pulseInterval": 30000,"enableLogging": true}],"globalConfig": {"retryAttempts": 3,"retryDelay": 5000}}
[2026-06-16 13:51:10] >> GET /v1/universes/multiget?ids=9000000000048&ids=9000000000124&ids=9000000000020&ids=9000000000046&ids=9000000000098&ids=9000000000068&ids=9000000000016&ids=9000000000088&ids=9000000000064&ids=9000000000092&ids=9000000000096&ids=9000000000080&ids=9000000000018&ids=9000000000040&ids=9000000000030&ids=9000000000070&ids=9000000000034&ids=9000000000002&ids=9000000000026&ids=9000000000052&ids=9000000000022&ids=9000000000050&ids=9000000000062&ids=9000000000044
[2026-06-16 13:51:10] >> GET /v1/not-approved
[2026-06-16 13:51:10] << /v1/not-approved -> {}
[2026-06-16 13:51:11] >> POST /v1.0/SequenceStatistics/BatchAddToSequencesV2?apiKey=76E5A40C-3AE1-4028-9F10-7C62520BD94F
[2026-06-16 13:51:11] >> POST /v1.1/Counters/BatchIncrement?apiKey=76E5A40C-3AE1-4028-9F10-7C62520BD94F
[2026-06-16 13:51:11] << /v1.0/SequenceStatistics/BatchAddToSequencesV2 -> {}
[2026-06-16 13:51:11] << /v1.1/Counters/BatchIncrement -> {}
[2026-06-16 13:51:11] >> POST /v1.0/SequenceStatistics/BatchAddToSequencesV2?apiKey=76E5A40C-3AE1-4028-9F10-7C62520BD94F
[2026-06-16 13:51:11] >> POST /v1.1/Counters/BatchIncrement?apiKey=76E5A40C-3AE1-4028-9F10-7C62520BD94F
[2026-06-16 13:51:11] << /v1.0/SequenceStatistics/BatchAddToSequencesV2 -> {}
[2026-06-16 13:51:11] << /v1.1/Counters/BatchIncrement -> {}
[2026-06-16 13:51:11] >> POST /v1.1/Counters/BatchIncrement?apiKey=76E5A40C-3AE1-4028-9F10-7C62520BD94F
[2026-06-16 13:51:11] >> POST /v1.0/SequenceStatistics/BatchAddToSequencesV2?apiKey=76E5A40C-3AE1-4028-9F10-7C62520BD94F
[2026-06-16 13:51:11] >> POST /studio/pbe
[2026-06-16 13:51:11] >> POST /experience-signals-ingest/public/v1/events/single
[2026-06-16 13:51:11] << /v1.1/Counters/BatchIncrement -> {}
[2026-06-16 13:51:11] << /v1.0/SequenceStatistics/BatchAddToSequencesV2 -> {}
[2026-06-16 13:51:11] << /studio/pbe -> {}
[2026-06-16 13:51:11] << /experience-signals-ingest/public/v1/events/single -> {}
[2026-06-16 13:51:11] >> POST /experience-signals-ingest/public/v1/events/single
[2026-06-16 13:51:11] << /experience-signals-ingest/public/v1/events/single -> {}
[2026-06-16 13:51:12] >> POST /experience-signals-ingest/public/v1/events/single
[2026-06-16 13:51:12] << /experience-signals-ingest/public/v1/events/single -> {}
[2026-06-16 13:51:12] >> POST /experience-signals-ingest/public/v1/events/single
[2026-06-16 13:51:12] << /experience-signals-ingest/public/v1/events/single -> {}
[2026-06-16 13:51:12] >> POST /experience-signals-ingest/public/v1/events/single
[2026-06-16 13:51:12] << /experience-signals-ingest/public/v1/events/single -> {}
[2026-06-16 13:51:12] >> POST /experience-signals-ingest/public/v1/events/single
[2026-06-16 13:51:12] << /experience-signals-ingest/public/v1/events/single -> {}
[2026-06-16 13:51:12] >> POST /experience-signals-ingest/public/v1/events/single
[2026-06-16 13:51:12] << /experience-signals-ingest/public/v1/events/single -> {}
