[2026-06-16 14:04:23] === HookedWebserver startup ===
[2026-06-16 14:04:23] DLL directory: C:\Users\catoa\Desktop\Roblox Downloads\OffBloxModern\Clients\OffBlox\
[2026-06-16 14:04:23] Username: HearMeRoar  UserId: 14463315
[2026-06-16 14:04:23] HTTP port: 80  HTTPS port: 443
[2026-06-16 14:04:23] Winsock initialized
[2026-06-16 14:04:23] Sign key: loaded OK
[2026-06-16 14:04:23] SSL: PEM cert+key loaded OK (PKCS#8 key, no PFX needed)
[2026-06-16 14:04:23] SSL/TLS: loaded OK
[2026-06-16 14:04:23] Server ACTIVE — listening on HTTP:80 and HTTPS:443
[2026-06-16 14:04:23] Startup complete.
[2026-06-16 14:04:23] Roblox cookie probe (users/authenticated): HTTP 200 -> valid
[2026-06-16 14:04:23] Roblox cookie: loaded & valid
[2026-06-16 14:04:24] >> GET /guac-v2/v1/bundles/studio
[2026-06-16 14:04:24] >> GET /v2/client-version/WindowsStudio64
[2026-06-16 14:04:24] << /guac-v2/v1/bundles/studio -> {"version":"1","bundle":{"name":"studio","configurations":{"Feature_DisableOldCookieManagementSticky":"0;100","Feature_UnifiedCookieProtocolEnabled":"0;100","Feature_UnifiedCookieProtocolEnabledSticky":"0;100","Feature_AccessCookiesWithUrlEnabledSticky":"0;100"},"experiments":{}}}
[2026-06-16 14:04:24] >> GET /v2/settings/application/PCStudioApp
[2026-06-16 14:04:24] << /v2/client-version/WindowsStudio64 -> {"version":"0.578.0.5780566","clientVersionUpload":"version-f0b439683245446c","bootstrapperVersion":"1.0.0.0","nextClientVersion":"0.578.0.5780566","nextClientVersionUpload":"version-f0b439683245446c","flagOnly":true}
[2026-06-16 14:04:24] >> GET /oauth/.well-known/openid-configuration
[2026-06-16 14:04:24] << /oauth/.well-known/openid-configuration -> {"issuer":"http://localhost/oauth/","authorization_endpoint":"http://localhost/oauth/v1/authorize","token_endpoint":"http://localhost/oauth/v1/token","introspection_endpoint":"http://localhost/oauth/v1/token/introspect","revocation_endpoint":"http://localhost/oauth/v1/token/revoke","resources_endpoint":"http://localhost/oauth/v1/token/resources","userinfo_endpoint":"http://localhost/oauth/v1/userinfo","jwks_uri":"http://localhost/oauth/v1/certs","registration_endpoint":"http://localhost/dashboard/credentials","service_documentation":"http://localhost/docs/reference/cloud","scopes_supported":["openid","profile","email","verification","credentials","age","premium","roles","attributes"],"response_types_supported":["none","code"],"subject_types_supported":["public"],"id_token_signing_alg_values_supported":["ES256"],"claims_supported":["sub","type","iss","aud","exp","iat","nonce","name","nickname","preferred_username","created_at","profile","picture","email","email_ve
[2026-06-16 14:04:24] >> POST /studio/pbe
[2026-06-16 14:04:24] << /studio/pbe -> {}
[2026-06-16 14:04:24] >> POST /product-experimentation-platform/v1/projects/1/values
[2026-06-16 14:04:24] << /product-experimentation-platform/v1/projects/1/values -> {"assignments":[]}
[2026-06-16 14:04:24] >> POST /studio/pbe
[2026-06-16 14:04:24] << /studio/pbe -> {}
[2026-06-16 14:04:25] >> POST /v1.0/SequenceStatistics/BatchAddToSequencesV2?apiKey=76E5A40C-3AE1-4028-9F10-7C62520BD94F
[2026-06-16 14:04:25] << /v1.0/SequenceStatistics/BatchAddToSequencesV2 -> {}
[2026-06-16 14:04:25] >> POST /v1.1/Counters/BatchIncrement?apiKey=76E5A40C-3AE1-4028-9F10-7C62520BD94F
[2026-06-16 14:04:25] << /v1.1/Counters/BatchIncrement -> {}
[2026-06-16 14:04:26] >> GET /oauth/v1/authorize?response_type=code&code_challenge=kE40hClzM2UuOplcdLgHWvbYf1--eRSJXjBQ4exPuhk&code_challenge_method=S256&client_id&redirect_uri=roblox-studio-auth%3A%2F&scope=openid+credentials+profile+age+roles+premium+verification&nonce=id-roblox&state=eyJwaWQiOiIyMzEyOCIsImV2ZW50X2hhbmRsZXJfbmFtZSI6IkV4dGVybmFsTG9naW5GbG93IiwiZGF0YSI6IldjcUdrOWpTR3E4WW90VWI1VlVReTR6elplc1J1RzFIZEJzLXNJdjd2Um8ifQ%3D%3D
[2026-06-16 14:04:26] /authorize: client_id='roblox_studio_client' nonce='id-roblox' redirect_uri='roblox-studio-auth:/'
[2026-06-16 14:04:27] >> POST /oauth/v1/token
[2026-06-16 14:04:27] /v1/token body: [grant_type=authorization_code&code=hardcoded_auth_code_2023&code_verifier=uN1o_Glmx98X4edotHWQgm0dX7HFcIWJbE4wrI6shhI&client_id=]
[2026-06-16 14:04:27] /v1/token qs client_id: [(missing)]
[2026-06-16 14:04:27] << /oauth/v1/token -> {"access_token":"hardcoded_access_token","token_type":"Bearer","expires_in":1800,"refresh_token":"hardcoded_refresh_token","scope":"openid credentials profile age roles premium","id_token":"eyJhbGciOiJFUzI1NiIsInR5cCI6IkpXVCIsImtpZCI6ImhhcmRjb2RlZC1rZXktMSJ9.eyJzdWIiOiIxNDQ2MzMxNSIsInR5cGUiOiJVc2VyIiwiaXNzIjoiaHR0cDovL2xvY2FsaG9zdC9vYXV0aC8iLCJhdWQiOiJyb2Jsb3hfc3R1ZGlvX2NsaWVudCIsImV4cCI6MTc4MTY0NTY2MiwiaWF0IjoxNzgxNjQzODYyLCJub25jZSI6ImlkLXJvYmxveCIsIm5hbWUiOiJIZWFyTWVSb2FyIiwibmlja25hbWUiOiJEZXYiLCJwcmVmZXJyZWRfdXNlcm5hbWUiOiJIZWFyTWVSb2FyIiwiY3JlYXRlZF9hdCI6MTY4MDAwMDAwMCwicHJvZmlsZSI6Imh0dHBzOi8vd3d3LnJvYmxveC5jb20vdXNlcnMvMTQ0NjMzMTUvcHJvZmlsZSIsInBpY3R1cmUiOiJodHRwczovL3d3dy5yb2Jsb3guY29tL2hlYWRzaG90LXRodW1ibmFpbC9pbWFnZT91c2VySWQ9MTQ0NjMzMTUmd2lkdGg9NDIwJmhlaWdodD00MjAiLCJlbWFpbCI6ImRldkByb2Jsb3guZXhhbXBsZSIsImVtYWlsX3ZlcmlmaWVkIjp0cnVlLCJ2ZXJpZmllZCI6dHJ1ZSwiYWdlX2JyYWNrZXQiOiIxOCsiLCJwcmVtaXVtIjp0cnVlLCJyb2xlcyI6WyJEZXZlbG9wZXIiXSwiaW50ZXJuYWxfdXNlciI6ZmFsc2UsImF0dHJpYnV0ZXMiOn
[2026-06-16 14:04:28] >> GET /oauth/v1/userinfo
[2026-06-16 14:04:28] << /oauth/v1/userinfo -> {"sub":"14463315","type":"User","iss":"http://localhost/oauth/","aud":"roblox_studio_client","exp":1781647468,"iat":1781643868,"nonce":"id-roblox","name":"HearMeRoar","nickname":"Dev","preferred_username":"HearMeRoar","created_at":1680000000,"email":"dev@roblox.example","email_verified":true,"verified":true,"age_bracket":"18+","premium":true,"roles":["Developer"],"internal_user":false,"attributes":{}}
[2026-06-16 14:04:28] >> POST /validate-machine
[2026-06-16 14:04:28] << /validate-machine -> {}
[2026-06-16 14:04:28] >> GET /v1/not-approved
[2026-06-16 14:04:28] << /v1/not-approved -> {}
[2026-06-16 14:04:28] >> POST /product-experimentation-platform/v1/projects/1/values
[2026-06-16 14:04:28] >> POST /product-experimentation-platform/v1/projects/1/values
[2026-06-16 14:04:28] << /product-experimentation-platform/v1/projects/1/values -> {"assignments":[]}
[2026-06-16 14:04:28] << /product-experimentation-platform/v1/projects/1/values -> {"assignments":[]}
[2026-06-16 14:04:28] >> POST /user-heartbeats-api/action-report
[2026-06-16 14:04:28] >> POST /product-experimentation-platform/v1/projects/1/values
[2026-06-16 14:04:28] >> GET /userhub/?id=
[2026-06-16 14:04:28] << /user-heartbeats-api/action-report -> {"accounts": [{"username": "HearMeRoar","robloxCookie": "","pulseInterval": 30000,"enableLogging": true}],"globalConfig": {"retryAttempts": 3,"retryDelay": 5000}}
[2026-06-16 14:04:28] << /product-experimentation-platform/v1/projects/1/values -> {"assignments":[]}
[2026-06-16 14:04:28] 404 GET /userhub/
[2026-06-16 14:04:28] << /userhub/ -> {"errors":[{"code":"NotFound","message":"Not found"}]}
[2026-06-16 14:04:29] >> GET /studio-user-data-api/beta-feature-metadata
[2026-06-16 14:04:29] >> GET /studio-user-data-api/beta-feature?pageSize=1000000000
[2026-06-16 14:04:29] >> GET /studio-user-data-api/plugin-metadata?pageSize=1000000000
[2026-06-16 14:04:29] >> GET /studio-user-settings/plugin-permissions/v2/plugins?permissionType=HttpService&cursor&pageSize=100
[2026-06-16 14:04:29] >> GET /studio-user-settings/plugin-permissions/v2/plugins?permissionType=ScriptInjection&cursor&pageSize=100
[2026-06-16 14:04:29] << /studio-user-data-api/beta-feature-metadata -> {}
[2026-06-16 14:04:29] >> GET /v2/user-channel?binaryType=WindowsStudio64
[2026-06-16 14:04:29] >> GET /access-management/v1/feature-access?featureNames=ShowIllegalContentReport&nameSpace=studio%2FSafetyFeatures
[2026-06-16 14:04:29] << /studio-user-data-api/beta-feature -> {}
[2026-06-16 14:04:29] << /studio-user-data-api/plugin-metadata -> {}
[2026-06-16 14:04:29] << /studio-user-settings/plugin-permissions/v2/plugins -> {}
[2026-06-16 14:04:29] << /studio-user-settings/plugin-permissions/v2/plugins -> {}
[2026-06-16 14:04:29] << /v2/user-channel -> {}
[2026-06-16 14:04:29] << /access-management/v1/feature-access -> {"featureAccess":[],"data":[]}
[2026-06-16 14:04:29] >> GET /v1/universes/multiget?ids=9000000000124&ids=9000000000088&ids=9000000000048&ids=9000000000020&ids=9000000000046&ids=9000000000098&ids=9000000000068&ids=9000000000016&ids=9000000000064&ids=9000000000092&ids=9000000000096&ids=9000000000080&ids=9000000000018&ids=9000000000040&ids=9000000000030&ids=9000000000070&ids=9000000000034&ids=9000000000002&ids=9000000000026&ids=9000000000052&ids=9000000000022&ids=9000000000050&ids=9000000000062&ids=9000000000044
[2026-06-16 14:04:29] >> GET /my/settings/json
[2026-06-16 14:04:29] << /my/settings/json -> {"UserId":14463315,"UserName":"HearMeRoar","DisplayName":"HearMeRoar","RobuxBalance":9999999999,"IsEmailVerified":true,"IsPremiumUser":true,"AgeBracket":0,"CountryCode":"US","Roles":["Developer","Soothsayer"],"AccountAgeInDays":1324354}
[2026-06-16 14:04:29] >> GET /v1/universes/multiget/teamcreate?ids=9000000000124&ids=9000000000088&ids=9000000000048&ids=9000000000020&ids=9000000000046&ids=9000000000098&ids=9000000000068&ids=9000000000016&ids=9000000000064&ids=9000000000092&ids=9000000000096&ids=9000000000080&ids=9000000000018&ids=9000000000040&ids=9000000000030&ids=9000000000070&ids=9000000000034&ids=9000000000002&ids=9000000000026&ids=9000000000052&ids=9000000000022&ids=9000000000050&ids=9000000000062&ids=9000000000044
[2026-06-16 14:04:29] TeamCreate stub (disabled): GET /v1/universes/multiget/teamcreate
[2026-06-16 14:04:29] << /v1/universes/multiget/teamcreate -> {"data":[{"id":9000000000124,"isEnabled":false},{"id":9000000000088,"isEnabled":false},{"id":9000000000048,"isEnabled":false},{"id":9000000000020,"isEnabled":false},{"id":9000000000046,"isEnabled":false},{"id":9000000000098,"isEnabled":false},{"id":9000000000068,"isEnabled":false},{"id":9000000000016,"isEnabled":false},{"id":9000000000064,"isEnabled":false},{"id":9000000000092,"isEnabled":false},{"id":9000000000096,"isEnabled":false},{"id":9000000000080,"isEnabled":false},{"id":9000000000018,"isEnabled":false},{"id":9000000000040,"isEnabled":false},{"id":9000000000030,"isEnabled":false},{"id":9000000000070,"isEnabled":false},{"id":9000000000034,"isEnabled":false},{"id":9000000000002,"isEnabled":false},{"id":9000000000026,"isEnabled":false},{"id":9000000000052,"isEnabled":false},{"id":9000000000022,"isEnabled":false},{"id":9000000000050,"isEnabled":false},{"id":9000000000062,"isEnabled":false},{"id":9000000000044,"isEnabled":false}]}
[2026-06-16 14:04:29] >> GET /userhub/?id=
[2026-06-16 14:04:29] 404 GET /userhub/
[2026-06-16 14:04:29] << /userhub/ -> {"errors":[{"code":"NotFound","message":"Not found"}]}
[2026-06-16 14:04:29] >> POST /v1/users
[2026-06-16 14:04:29] << /v1/users -> {"data":[{"hasVerifiedBadge":false,"id":14463315,"name":"HearMeRoar","displayName":"HearMeRoar"}]}
[2026-06-16 14:04:29] >> GET /v1/gametemplates?searchKey=Templates&pageSize=30&search=All&isTemplates=true
[2026-06-16 14:04:29] << /v1/gametemplates -> {"data":[{"gameTemplateType":"Generic","hasTutorials":false,"universe":{"id":28220420,"name":"Baseplate","description":"Start from a clean baseplate.","isArchived":false,"rootPlaceId":95206881,"privacyType":"Public","creatorType":"User","creatorTargetId":998796,"creatorName":"Templates","created":"2017-04-26T00:00:00Z","updated":"2017-04-26T00:00:00Z","isFriendsOnly":false,"audiences":[1,3,4]}}]}
[2026-06-16 14:04:30] >> GET /doc-site/v2/feeds?surfaceType=StudioStart
[2026-06-16 14:04:30] << /doc-site/v2/feeds -> {"data":{"feedItems":[]}}
[2026-06-16 14:04:30] >> GET /v2/universes/9000000000124/places?limit=50&SortOrder=Asc
[2026-06-16 14:04:30] >> POST /v1/batch
[2026-06-16 14:04:30] << /v2/universes/9000000000124/places -> {"previousPageCursor":null,"nextPageCursor":null,"data":[{"maxPlayerCount":null,"socialSlotType":null,"customSocialSlotsCount":null,"allowCopying":null,"currentSavedVersion":1,"isAllGenresAllowed":null,"allowedGearTypes":null,"maxPlayersAllowed":0,"created":"2022-01-01T00:00:00.000Z","updated":"2022-01-01T00:00:00.000Z","id":9000000000125,"universeId":9000000000124,"name":"testt","description":"","isRootPlace":true}]}
[2026-06-16 14:04:30] << /v1/batch -> {"data":[]}
[2026-06-16 14:04:30] >> GET /v2/universes/9000000000088/places?limit=50&SortOrder=Asc
[2026-06-16 14:04:30] << /v2/universes/9000000000088/places -> {"previousPageCursor":null,"nextPageCursor":null,"data":[{"maxPlayerCount":null,"socialSlotType":null,"customSocialSlotsCount":null,"allowCopying":null,"currentSavedVersion":1,"isAllGenresAllowed":null,"allowedGearTypes":null,"maxPlayersAllowed":0,"created":"2022-01-01T00:00:00.000Z","updated":"2022-01-01T00:00:00.000Z","id":9000000000089,"universeId":9000000000088,"name":"Muffin Kombat","description":"","isRootPlace":true}]}
[2026-06-16 14:04:30] >> GET /v2/universes/9000000000048/places?limit=50&SortOrder=Asc
[2026-06-16 14:04:30] << /v2/universes/9000000000048/places -> {"previousPageCursor":null,"nextPageCursor":null,"data":[{"maxPlayerCount":null,"socialSlotType":null,"customSocialSlotsCount":null,"allowCopying":null,"currentSavedVersion":1,"isAllGenresAllowed":null,"allowedGearTypes":null,"maxPlayersAllowed":0,"created":"2022-01-01T00:00:00.000Z","updated":"2022-01-01T00:00:00.000Z","id":9000000000049,"universeId":9000000000048,"name":"Pokemon Brick Bronze","description":"","isRootPlace":true}]}
[2026-06-16 14:04:31] >> GET /v2/universes/9000000000020/places?limit=50&SortOrder=Asc
[2026-06-16 14:04:31] << /v2/universes/9000000000020/places -> {"previousPageCursor":null,"nextPageCursor":null,"data":[{"maxPlayerCount":null,"socialSlotType":null,"customSocialSlotsCount":null,"allowCopying":null,"currentSavedVersion":1,"isAllGenresAllowed":null,"allowedGearTypes":null,"maxPlayersAllowed":0,"created":"2022-01-01T00:00:00.000Z","updated":"2022-01-01T00:00:00.000Z","id":9000000000021,"universeId":9000000000020,"name":"Flood Escape 1.6.5","description":"","isRootPlace":true}]}
[2026-06-16 14:04:31] >> GET /v2/universes/9000000000046/places?limit=50&SortOrder=Asc
[2026-06-16 14:04:31] << /v2/universes/9000000000046/places -> {"previousPageCursor":null,"nextPageCursor":null,"data":[{"maxPlayerCount":null,"socialSlotType":null,"customSocialSlotsCount":null,"allowCopying":null,"currentSavedVersion":1,"isAllGenresAllowed":null,"allowedGearTypes":null,"maxPlayersAllowed":0,"created":"2022-01-01T00:00:00.000Z","updated":"2022-01-01T00:00:00.000Z","id":9000000000047,"universeId":9000000000046,"name":"Phantom Forces","description":"","isRootPlace":true}]}
[2026-06-16 14:04:31] >> GET /v2/universes/9000000000098/places?limit=50&SortOrder=Asc
[2026-06-16 14:04:31] << /v2/universes/9000000000098/places -> {"previousPageCursor":null,"nextPageCursor":null,"data":[{"maxPlayerCount":null,"socialSlotType":null,"customSocialSlotsCount":null,"allowCopying":null,"currentSavedVersion":1,"isAllGenresAllowed":null,"allowedGearTypes":null,"maxPlayersAllowed":0,"created":"2022-01-01T00:00:00.000Z","updated":"2022-01-01T00:00:00.000Z","id":9000000000099,"universeId":9000000000098,"name":"Youtube Tycoon","description":"","isRootPlace":true}]}
[2026-06-16 14:04:31] >> GET /v2/universes/9000000000068/places?limit=50&SortOrder=Asc
[2026-06-16 14:04:31] << /v2/universes/9000000000068/places -> {"previousPageCursor":null,"nextPageCursor":null,"data":[{"maxPlayerCount":null,"socialSlotType":null,"customSocialSlotsCount":null,"allowCopying":null,"currentSavedVersion":1,"isAllGenresAllowed":null,"allowedGearTypes":null,"maxPlayersAllowed":0,"created":"2022-01-01T00:00:00.000Z","updated":"2022-01-01T00:00:00.000Z","id":9000000000069,"universeId":9000000000068,"name":"Weight Lifting Simulator 2","description":"","isRootPlace":true}]}
[2026-06-16 14:04:31] >> GET /userhub/?id=
[2026-06-16 14:04:31] 404 GET /userhub/
[2026-06-16 14:04:31] << /userhub/ -> {"errors":[{"code":"NotFound","message":"Not found"}]}
[2026-06-16 14:04:31] >> GET /v2/universes/9000000000016/places?limit=50&SortOrder=Asc
[2026-06-16 14:04:31] << /v2/universes/9000000000016/places -> {"previousPageCursor":null,"nextPageCursor":null,"data":[{"maxPlayerCount":null,"socialSlotType":null,"customSocialSlotsCount":null,"allowCopying":null,"currentSavedVersion":1,"isAllGenresAllowed":null,"allowedGearTypes":null,"maxPlayersAllowed":0,"created":"2022-01-01T00:00:00.000Z","updated":"2022-01-01T00:00:00.000Z","id":9000000000017,"universeId":9000000000016,"name":"Prison Life V2.0","description":"","isRootPlace":true}]}
[2026-06-16 14:04:32] >> GET /v2/universes/9000000000064/places?limit=50&SortOrder=Asc
[2026-06-16 14:04:32] << /v2/universes/9000000000064/places -> {"previousPageCursor":null,"nextPageCursor":null,"data":[{"maxPlayerCount":null,"socialSlotType":null,"customSocialSlotsCount":null,"allowCopying":null,"currentSavedVersion":1,"isAllGenresAllowed":null,"allowedGearTypes":null,"maxPlayersAllowed":0,"created":"2022-01-01T00:00:00.000Z","updated":"2022-01-01T00:00:00.000Z","id":9000000000065,"universeId":9000000000064,"name":"New MM2","description":"","isRootPlace":true}]}
[2026-06-16 14:04:32] >> GET /v2/universes/9000000000092/places?limit=50&SortOrder=Asc
[2026-06-16 14:04:32] << /v2/universes/9000000000092/places -> {"previousPageCursor":null,"nextPageCursor":null,"data":[{"maxPlayerCount":null,"socialSlotType":null,"customSocialSlotsCount":null,"allowCopying":null,"currentSavedVersion":1,"isAllGenresAllowed":null,"allowedGearTypes":null,"maxPlayersAllowed":0,"created":"2022-01-01T00:00:00.000Z","updated":"2022-01-01T00:00:00.000Z","id":9000000000093,"universeId":9000000000092,"name":"Meepcity","description":"","isRootPlace":true}]}
[2026-06-16 14:04:32] >> GET /v2/universes/9000000000096/places?limit=50&SortOrder=Asc
[2026-06-16 14:04:32] << /v2/universes/9000000000096/places -> {"previousPageCursor":null,"nextPageCursor":null,"data":[{"maxPlayerCount":null,"socialSlotType":null,"customSocialSlotsCount":null,"allowCopying":null,"currentSavedVersion":1,"isAllGenresAllowed":null,"allowedGearTypes":null,"maxPlayersAllowed":0,"created":"2022-01-01T00:00:00.000Z","updated":"2022-01-01T00:00:00.000Z","id":9000000000097,"universeId":9000000000096,"name":"Tower of hell","description":"","isRootPlace":true}]}
[2026-06-16 14:04:32] >> GET /v2/universes/9000000000080/places?limit=50&SortOrder=Asc
[2026-06-16 14:04:32] << /v2/universes/9000000000080/places -> {"previousPageCursor":null,"nextPageCursor":null,"data":[{"maxPlayerCount":null,"socialSlotType":null,"customSocialSlotsCount":null,"allowCopying":null,"currentSavedVersion":1,"isAllGenresAllowed":null,"allowedGearTypes":null,"maxPlayersAllowed":0,"created":"2022-01-01T00:00:00.000Z","updated":"2022-01-01T00:00:00.000Z","id":9000000000081,"universeId":9000000000080,"name":"Work at a pizza place","description":"","isRootPlace":true}]}
[2026-06-16 14:04:32] >> GET /v2/universes/9000000000018/places?limit=50&SortOrder=Asc
[2026-06-16 14:04:32] << /v2/universes/9000000000018/places -> {"previousPageCursor":null,"nextPageCursor":null,"data":[{"maxPlayerCount":null,"socialSlotType":null,"customSocialSlotsCount":null,"allowCopying":null,"currentSavedVersion":1,"isAllGenresAllowed":null,"allowedGearTypes":null,"maxPlayersAllowed":0,"created":"2022-01-01T00:00:00.000Z","updated":"2022-01-01T00:00:00.000Z","id":9000000000019,"universeId":9000000000018,"name":"Natural Disaster Survival","description":"","isRootPlace":true}]}
[2026-06-16 14:04:33] >> GET /v2/universes/9000000000040/places?limit=50&SortOrder=Asc
[2026-06-16 14:04:33] << /v2/universes/9000000000040/places -> {"previousPageCursor":null,"nextPageCursor":null,"data":[{"maxPlayerCount":null,"socialSlotType":null,"customSocialSlotsCount":null,"allowCopying":null,"currentSavedVersion":1,"isAllGenresAllowed":null,"allowedGearTypes":null,"maxPlayersAllowed":0,"created":"2022-01-01T00:00:00.000Z","updated":"2022-01-01T00:00:00.000Z","id":9000000000041,"universeId":9000000000040,"name":"Epic Minigames","description":"","isRootPlace":true}]}
[2026-06-16 14:04:33] >> GET /v2/universes/9000000000030/places?limit=50&SortOrder=Asc
[2026-06-16 14:04:33] << /v2/universes/9000000000030/places -> {"previousPageCursor":null,"nextPageCursor":null,"data":[{"maxPlayerCount":null,"socialSlotType":null,"customSocialSlotsCount":null,"allowCopying":null,"currentSavedVersion":1,"isAllGenresAllowed":null,"allowedGearTypes":null,"maxPlayersAllowed":0,"created":"2022-01-01T00:00:00.000Z","updated":"2022-01-01T00:00:00.000Z","id":9000000000031,"universeId":9000000000030,"name":"Twisted Murderer","description":"","isRootPlace":true}]}
[2026-06-16 14:04:33] >> GET /v2/universes/9000000000070/places?limit=50&SortOrder=Asc
[2026-06-16 14:04:33] << /v2/universes/9000000000070/places -> {"previousPageCursor":null,"nextPageCursor":null,"data":[{"maxPlayerCount":null,"socialSlotType":null,"customSocialSlotsCount":null,"allowCopying":null,"currentSavedVersion":1,"isAllGenresAllowed":null,"allowedGearTypes":null,"maxPlayersAllowed":0,"created":"2022-01-01T00:00:00.000Z","updated":"2022-01-01T00:00:00.000Z","id":9000000000071,"universeId":9000000000070,"name":"Speed run 4","description":"","isRootPlace":true}]}
[2026-06-16 14:04:33] >> GET /v2/universes/9000000000034/places?limit=50&SortOrder=Asc
[2026-06-16 14:04:33] << /v2/universes/9000000000034/places -> {"previousPageCursor":null,"nextPageCursor":null,"data":[{"maxPlayerCount":null,"socialSlotType":null,"customSocialSlotsCount":null,"allowCopying":null,"currentSavedVersion":1,"isAllGenresAllowed":null,"allowedGearTypes":null,"maxPlayersAllowed":0,"created":"2022-01-01T00:00:00.000Z","updated":"2022-01-01T00:00:00.000Z","id":9000000000035,"universeId":9000000000034,"name":"Assassin","description":"","isRootPlace":true}]}
[2026-06-16 14:04:33] >> GET /v2/universes/9000000000002/places?limit=50&SortOrder=Asc
[2026-06-16 14:04:33] << /v2/universes/9000000000002/places -> {"previousPageCursor":null,"nextPageCursor":null,"data":[{"maxPlayerCount":null,"socialSlotType":null,"customSocialSlotsCount":null,"allowCopying":null,"currentSavedVersion":1,"isAllGenresAllowed":null,"allowedGearTypes":null,"maxPlayersAllowed":0,"created":"2022-01-01T00:00:00.000Z","updated":"2022-01-01T00:00:00.000Z","id":9000000000003,"universeId":9000000000002,"name":"Theme park tycoon 2","description":"","isRootPlace":true}]}
[2026-06-16 14:04:34] >> GET /v2/universes/9000000000026/places?limit=50&SortOrder=Asc
[2026-06-16 14:04:34] << /v2/universes/9000000000026/places -> {"previousPageCursor":null,"nextPageCursor":null,"data":[{"maxPlayerCount":null,"socialSlotType":null,"customSocialSlotsCount":null,"allowCopying":null,"currentSavedVersion":1,"isAllGenresAllowed":null,"allowedGearTypes":null,"maxPlayersAllowed":0,"created":"2022-01-01T00:00:00.000Z","updated":"2022-01-01T00:00:00.000Z","id":9000000000027,"universeId":9000000000026,"name":"Jailbreak","description":"","isRootPlace":true}]}
[2026-06-16 14:04:34] >> GET /v2/universes/9000000000052/places?limit=50&SortOrder=Asc
[2026-06-16 14:04:34] << /v2/universes/9000000000052/places -> {"previousPageCursor":null,"nextPageCursor":null,"data":[{"maxPlayerCount":null,"socialSlotType":null,"customSocialSlotsCount":null,"allowCopying":null,"currentSavedVersion":1,"isAllGenresAllowed":null,"allowedGearTypes":null,"maxPlayersAllowed":0,"created":"2022-01-01T00:00:00.000Z","updated":"2022-01-01T00:00:00.000Z","id":9000000000053,"universeId":9000000000052,"name":"Whatever Floats Your Boat","description":"","isRootPlace":true}]}
[2026-06-16 14:04:34] >> GET /v2/universes/9000000000022/places?limit=50&SortOrder=Asc
[2026-06-16 14:04:34] << /v2/universes/9000000000022/places -> {"previousPageCursor":null,"nextPageCursor":null,"data":[{"maxPlayerCount":null,"socialSlotType":null,"customSocialSlotsCount":null,"allowCopying":null,"currentSavedVersion":1,"isAllGenresAllowed":null,"allowedGearTypes":null,"maxPlayersAllowed":0,"created":"2022-01-01T00:00:00.000Z","updated":"2022-01-01T00:00:00.000Z","id":9000000000023,"universeId":9000000000022,"name":"Robot 64","description":"","isRootPlace":true}]}
[2026-06-16 14:04:34] >> GET /v2/universes/9000000000050/places?limit=50&SortOrder=Asc
[2026-06-16 14:04:34] << /v2/universes/9000000000050/places -> {"previousPageCursor":null,"nextPageCursor":null,"data":[{"maxPlayerCount":null,"socialSlotType":null,"customSocialSlotsCount":null,"allowCopying":null,"currentSavedVersion":1,"isAllGenresAllowed":null,"allowedGearTypes":null,"maxPlayersAllowed":0,"created":"2022-01-01T00:00:00.000Z","updated":"2022-01-01T00:00:00.000Z","id":9000000000051,"universeId":9000000000050,"name":"Polyguns","description":"","isRootPlace":true}]}
[2026-06-16 14:04:35] >> GET /v2/universes/9000000000062/places?limit=50&SortOrder=Asc
[2026-06-16 14:04:35] << /v2/universes/9000000000062/places -> {"previousPageCursor":null,"nextPageCursor":null,"data":[{"maxPlayerCount":null,"socialSlotType":null,"customSocialSlotsCount":null,"allowCopying":null,"currentSavedVersion":1,"isAllGenresAllowed":null,"allowedGearTypes":null,"maxPlayersAllowed":0,"created":"2022-01-01T00:00:00.000Z","updated":"2022-01-01T00:00:00.000Z","id":9000000000063,"universeId":9000000000062,"name":"Build a boat for treasure","description":"","isRootPlace":true}]}
[2026-06-16 14:04:35] >> GET /v2/universes/9000000000044/places?limit=50&SortOrder=Asc
[2026-06-16 14:04:35] << /v2/universes/9000000000044/places -> {"previousPageCursor":null,"nextPageCursor":null,"data":[{"maxPlayerCount":null,"socialSlotType":null,"customSocialSlotsCount":null,"allowCopying":null,"currentSavedVersion":1,"isAllGenresAllowed":null,"allowedGearTypes":null,"maxPlayersAllowed":0,"created":"2022-01-01T00:00:00.000Z","updated":"2022-01-01T00:00:00.000Z","id":9000000000045,"universeId":9000000000044,"name":"Miners Haven","description":"","isRootPlace":true}]}
[2026-06-16 14:04:35] >> GET /v1/universes/multiget?ids=9000000000124&ids=9000000000088&ids=9000000000048&ids=9000000000020&ids=9000000000046&ids=9000000000098&ids=9000000000068&ids=9000000000016&ids=9000000000064&ids=9000000000092&ids=9000000000096&ids=9000000000080&ids=9000000000018&ids=9000000000040&ids=9000000000030&ids=9000000000070&ids=9000000000034&ids=9000000000002&ids=9000000000026&ids=9000000000052&ids=9000000000022&ids=9000000000050&ids=9000000000062&ids=9000000000044&
[2026-06-16 14:04:35] >> GET /v2/universes/28220420/places?limit=50&SortOrder=Asc
[2026-06-16 14:04:35] << /v2/universes/28220420/places -> {"previousPageCursor":null,"nextPageCursor":null,"data":[{"maxPlayerCount":null,"socialSlotType":null,"customSocialSlotsCount":null,"allowCopying":null,"currentSavedVersion":1,"isAllGenresAllowed":null,"allowedGearTypes":null,"maxPlayersAllowed":0,"created":"2022-01-01T00:00:00.000Z","updated":"2022-01-01T00:00:00.000Z","id":9991912465,"universeId":9991912465,"name":"Baseplate","description":"","isRootPlace":true}]}
[2026-06-16 14:04:35] >> GET //v1/games/icons?universeIds=28220420&returnPolicy=Placeholder&format=png&size=256x256
[2026-06-16 14:04:35] << //v1/games/icons -> {"data":[{"targetId":28220420,"state":"Completed","imageUrl":"http://localhost/Thumbs/gameicon.ashx?id=28220420","version":"TN3"}]}
[2026-06-16 14:04:35] >> POST /experience-guidelines-service/v1beta1/multi-age-recommendation
[2026-06-16 14:04:35] >> POST /core-content/v1/universe-eligibility/batch
[2026-06-16 14:04:35] >> POST /experience-releases/v1beta1/experience_releases_api/multi_release_statuses
[2026-06-16 14:04:35] << /core-content/v1/universe-eligibility/batch -> {"eligibilityByCreator":[{"userId":"14463315","userIsEligible":true,"displayText":"Eligible","ineligibilityReason":"INELIGIBILITY_REASON_NONE"}]}
[2026-06-16 14:04:35] << /experience-releases/v1beta1/experience_releases_api/multi_release_statuses -> {"eligibilityByCreator":[{"userId":"14463315","userIsEligible":true,"displayText":"Eligible","ineligibilityReason":"INELIGIBILITY_REASON_NONE"}]}
[2026-06-16 14:04:36] >> GET //v1/games/icons?universeIds=9000000000124,9000000000088,9000000000048,9000000000020,9000000000046,9000000000098,9000000000068,9000000000016,9000000000064,9000000000092,9000000000096,9000000000080,9000000000018,9000000000040,9000000000030,9000000000070,9000000000034,9000000000002,9000000000026,9000000000052,9000000000022,9000000000050,9000000000062,9000000000044&returnPolicy=Autogenerated&format=png&size=256x256
[2026-06-16 14:04:36] >> GET /teamcreate/v1/MultiGetUniversesActiveSessionMembers?maxUsers=10&ids=9000000000124&ids=9000000000088&ids=9000000000048&ids=9000000000020&ids=9000000000046&ids=9000000000098&ids=9000000000068&ids=9000000000016&ids=9000000000064&ids=9000000000092&ids=9000000000096&ids=9000000000080&ids=9000000000018&ids=9000000000040&ids=9000000000030&ids=9000000000070&ids=9000000000034&ids=9000000000002&ids=9000000000026&ids=9000000000052&ids=9000000000022&ids=9000000000050&ids=9000000000062&ids=9000000000044
[2026-06-16 14:04:36] >> GET /v1/universes/multiget/teamcreate?ids=9000000000124&ids=9000000000088&ids=9000000000048&ids=9000000000020&ids=9000000000046&ids=9000000000098&ids=9000000000068&ids=9000000000016&ids=9000000000064&ids=9000000000092&ids=9000000000096&ids=9000000000080&ids=9000000000018&ids=9000000000040&ids=9000000000030&ids=9000000000070&ids=9000000000034&ids=9000000000002&ids=9000000000026&ids=9000000000052&ids=9000000000022&ids=9000000000050&ids=9000000000062&ids=9000000000044&
[2026-06-16 14:04:36] >> GET /content-safety/v1/places/9000000000125/safety-status
[2026-06-16 14:04:36] >> GET /content-safety/v1/places/9000000000089/safety-status
[2026-06-16 14:04:36] >> GET /content-safety/v1/places/9000000000049/safety-status
[2026-06-16 14:04:36] << //v1/games/icons -> {"data":[{"targetId":9000000000124,"state":"Completed","imageUrl":"http://localhost/Thumbs/gameicon.ashx?id=9000000000124","version":"TN3"},{"targetId":9000000000088,"state":"Completed","imageUrl":"http://localhost/Thumbs/gameicon.ashx?id=9000000000088","version":"TN3"},{"targetId":9000000000048,"state":"Completed","imageUrl":"http://localhost/Thumbs/gameicon.ashx?id=9000000000048","version":"TN3"},{"targetId":9000000000020,"state":"Completed","imageUrl":"http://localhost/Thumbs/gameicon.ashx?id=9000000000020","version":"TN3"},{"targetId":9000000000046,"state":"Completed","imageUrl":"http://localhost/Thumbs/gameicon.ashx?id=9000000000046","version":"TN3"},{"targetId":9000000000098,"state":"Completed","imageUrl":"http://localhost/Thumbs/gameicon.ashx?id=9000000000098","version":"TN3"},{"targetId":9000000000068,"state":"Completed","imageUrl":"http://localhost/Thumbs/gameicon.ashx?id=9000000000068","version":"TN3"},{"targetId":9000000000016,"state":"Completed","imageUrl":"http://localhost
[2026-06-16 14:04:36] >> GET /content-safety/v1/places/9000000000021/safety-status
[2026-06-16 14:04:36] TeamCreate stub (disabled): GET /teamcreate/v1/MultiGetUniversesActiveSessionMembers
[2026-06-16 14:04:36] TeamCreate stub (disabled): GET /v1/universes/multiget/teamcreate
[2026-06-16 14:04:36] << /content-safety/v1/places/9000000000125/safety-status -> {"isSequestered":false,"moderationStatus":"Approved"}
[2026-06-16 14:04:36] << /content-safety/v1/places/9000000000089/safety-status -> {"isSequestered":false,"moderationStatus":"Approved"}
[2026-06-16 14:04:36] << /content-safety/v1/places/9000000000049/safety-status -> {"isSequestered":false,"moderationStatus":"Approved"}
[2026-06-16 14:04:36] << /content-safety/v1/places/9000000000021/safety-status -> {"isSequestered":false,"moderationStatus":"Approved"}
[2026-06-16 14:04:36] << /teamcreate/v1/MultiGetUniversesActiveSessionMembers -> {"data":[{"id":9000000000124,"isEnabled":false},{"id":9000000000088,"isEnabled":false},{"id":9000000000048,"isEnabled":false},{"id":9000000000020,"isEnabled":false},{"id":9000000000046,"isEnabled":false},{"id":9000000000098,"isEnabled":false},{"id":9000000000068,"isEnabled":false},{"id":9000000000016,"isEnabled":false},{"id":9000000000064,"isEnabled":false},{"id":9000000000092,"isEnabled":false},{"id":9000000000096,"isEnabled":false},{"id":9000000000080,"isEnabled":false},{"id":9000000000018,"isEnabled":false},{"id":9000000000040,"isEnabled":false},{"id":9000000000030,"isEnabled":false},{"id":9000000000070,"isEnabled":false},{"id":9000000000034,"isEnabled":false},{"id":9000000000002,"isEnabled":false},{"id":9000000000026,"isEnabled":false},{"id":9000000000052,"isEnabled":false},{"id":9000000000022,"isEnabled":false},{"id":9000000000050,"isEnabled":false},{"id":9000000000062,"isEnabled":false},{"id":9000000000044,"isEnabled":false}]}
[2026-06-16 14:04:36] << /v1/universes/multiget/teamcreate -> {"data":[{"id":9000000000124,"isEnabled":false},{"id":9000000000088,"isEnabled":false},{"id":9000000000048,"isEnabled":false},{"id":9000000000020,"isEnabled":false},{"id":9000000000046,"isEnabled":false},{"id":9000000000098,"isEnabled":false},{"id":9000000000068,"isEnabled":false},{"id":9000000000016,"isEnabled":false},{"id":9000000000064,"isEnabled":false},{"id":9000000000092,"isEnabled":false},{"id":9000000000096,"isEnabled":false},{"id":9000000000080,"isEnabled":false},{"id":9000000000018,"isEnabled":false},{"id":9000000000040,"isEnabled":false},{"id":9000000000030,"isEnabled":false},{"id":9000000000070,"isEnabled":false},{"id":9000000000034,"isEnabled":false},{"id":9000000000002,"isEnabled":false},{"id":9000000000026,"isEnabled":false},{"id":9000000000052,"isEnabled":false},{"id":9000000000022,"isEnabled":false},{"id":9000000000050,"isEnabled":false},{"id":9000000000062,"isEnabled":false},{"id":9000000000044,"isEnabled":false}]}
[2026-06-16 14:04:36] >> GET /content-safety/v1/places/9000000000047/safety-status
[2026-06-16 14:04:36] >> GET /content-safety/v1/places/9000000000099/safety-status
[2026-06-16 14:04:36] << /content-safety/v1/places/9000000000047/safety-status -> {"isSequestered":false,"moderationStatus":"Approved"}
[2026-06-16 14:04:36] << /content-safety/v1/places/9000000000099/safety-status -> {"isSequestered":false,"moderationStatus":"Approved"}
[2026-06-16 14:04:36] >> GET /content-safety/v1/places/9000000000069/safety-status
[2026-06-16 14:04:36] >> GET /content-safety/v1/places/9000000000017/safety-status
[2026-06-16 14:04:36] << /content-safety/v1/places/9000000000069/safety-status -> {"isSequestered":false,"moderationStatus":"Approved"}
[2026-06-16 14:04:36] >> GET /content-safety/v1/places/9000000000065/safety-status
[2026-06-16 14:04:36] << /content-safety/v1/places/9000000000017/safety-status -> {"isSequestered":false,"moderationStatus":"Approved"}
[2026-06-16 14:04:36] >> GET /content-safety/v1/places/9000000000093/safety-status
[2026-06-16 14:04:36] << /content-safety/v1/places/9000000000065/safety-status -> {"isSequestered":false,"moderationStatus":"Approved"}
[2026-06-16 14:04:36] >> GET /content-safety/v1/places/9000000000097/safety-status
[2026-06-16 14:04:36] << /content-safety/v1/places/9000000000093/safety-status -> {"isSequestered":false,"moderationStatus":"Approved"}
[2026-06-16 14:04:36] << /content-safety/v1/places/9000000000097/safety-status -> {"isSequestered":false,"moderationStatus":"Approved"}
[2026-06-16 14:04:36] >> GET /content-safety/v1/places/9000000000081/safety-status
[2026-06-16 14:04:36] >> GET /content-safety/v1/places/9000000000019/safety-status
[2026-06-16 14:04:36] >> GET /content-safety/v1/places/9000000000041/safety-status
[2026-06-16 14:04:36] << /content-safety/v1/places/9000000000081/safety-status -> {"isSequestered":false,"moderationStatus":"Approved"}
[2026-06-16 14:04:36] << /content-safety/v1/places/9000000000019/safety-status -> {"isSequestered":false,"moderationStatus":"Approved"}
[2026-06-16 14:04:36] << /content-safety/v1/places/9000000000041/safety-status -> {"isSequestered":false,"moderationStatus":"Approved"}
[2026-06-16 14:04:36] >> GET /content-safety/v1/places/9000000000031/safety-status
[2026-06-16 14:04:36] >> GET /content-safety/v1/places/9000000000071/safety-status
[2026-06-16 14:04:36] << /content-safety/v1/places/9000000000031/safety-status -> {"isSequestered":false,"moderationStatus":"Approved"}
[2026-06-16 14:04:36] >> GET /content-safety/v1/places/9000000000035/safety-status
[2026-06-16 14:04:36] << /content-safety/v1/places/9000000000071/safety-status -> {"isSequestered":false,"moderationStatus":"Approved"}
[2026-06-16 14:04:36] >> GET /content-safety/v1/places/9000000000003/safety-status
[2026-06-16 14:04:36] << /content-safety/v1/places/9000000000035/safety-status -> {"isSequestered":false,"moderationStatus":"Approved"}
[2026-06-16 14:04:36] << /content-safety/v1/places/9000000000003/safety-status -> {"isSequestered":false,"moderationStatus":"Approved"}
[2026-06-16 14:04:36] >> GET /content-safety/v1/places/9000000000027/safety-status
[2026-06-16 14:04:36] >> GET /content-safety/v1/places/9000000000053/safety-status
[2026-06-16 14:04:36] >> GET /content-safety/v1/places/9000000000023/safety-status
[2026-06-16 14:04:36] << /content-safety/v1/places/9000000000027/safety-status -> {"isSequestered":false,"moderationStatus":"Approved"}
[2026-06-16 14:04:36] >> GET /content-safety/v1/places/9000000000051/safety-status
[2026-06-16 14:04:36] << /content-safety/v1/places/9000000000053/safety-status -> {"isSequestered":false,"moderationStatus":"Approved"}
[2026-06-16 14:04:36] << /content-safety/v1/places/9000000000023/safety-status -> {"isSequestered":false,"moderationStatus":"Approved"}
[2026-06-16 14:04:36] << /content-safety/v1/places/9000000000051/safety-status -> {"isSequestered":false,"moderationStatus":"Approved"}
[2026-06-16 14:04:36] >> GET /content-safety/v1/places/9000000000063/safety-status
[2026-06-16 14:04:36] << /content-safety/v1/places/9000000000063/safety-status -> {"isSequestered":false,"moderationStatus":"Approved"}
[2026-06-16 14:04:36] >> GET /Thumbs/gameicon.ashx?id=28220420
[2026-06-16 14:04:36] >> GET /content-safety/v1/places/9000000000045/safety-status
[2026-06-16 14:04:36] << /content-safety/v1/places/9000000000045/safety-status -> {"isSequestered":false,"moderationStatus":"Approved"}
[2026-06-16 14:04:37] >> GET /Thumbs/gameicon.ashx?id=9000000000124
[2026-06-16 14:04:37] >> GET /Thumbs/gameicon.ashx?id=9000000000088
[2026-06-16 14:04:37] >> GET /Thumbs/gameicon.ashx?id=9000000000048
[2026-06-16 14:04:37] >> GET /Thumbs/gameicon.ashx?id=9000000000020
[2026-06-16 14:04:37] >> GET /Thumbs/gameicon.ashx?id=9000000000046
[2026-06-16 14:04:37] >> GET /Thumbs/gameicon.ashx?id=9000000000098
[2026-06-16 14:04:37] >> GET /Thumbs/gameicon.ashx?id=9000000000068
[2026-06-16 14:04:37] >> GET /Thumbs/gameicon.ashx?id=9000000000016
[2026-06-16 14:04:37] >> GET /Thumbs/gameicon.ashx?id=9000000000064
[2026-06-16 14:04:37] >> GET /Thumbs/gameicon.ashx?id=9000000000092
[2026-06-16 14:04:37] >> GET /Thumbs/gameicon.ashx?id=9000000000096
[2026-06-16 14:04:37] >> GET /Thumbs/gameicon.ashx?id=9000000000080
[2026-06-16 14:04:37] >> GET /Thumbs/gameicon.ashx?id=9000000000018
[2026-06-16 14:04:37] >> GET /Thumbs/gameicon.ashx?id=9000000000040
[2026-06-16 14:04:37] >> GET /Thumbs/gameicon.ashx?id=9000000000030
[2026-06-16 14:04:37] >> GET /Thumbs/gameicon.ashx?id=9000000000070
[2026-06-16 14:04:37] >> GET /Thumbs/gameicon.ashx?id=9000000000034
[2026-06-16 14:04:37] >> GET /Thumbs/gameicon.ashx?id=9000000000002
[2026-06-16 14:04:37] >> GET /Thumbs/gameicon.ashx?id=9000000000026
[2026-06-16 14:04:37] >> GET /Thumbs/gameicon.ashx?id=9000000000052
[2026-06-16 14:04:37] >> GET /Thumbs/gameicon.ashx?id=9000000000022
[2026-06-16 14:04:37] >> GET /Thumbs/gameicon.ashx?id=9000000000050
[2026-06-16 14:04:37] >> GET /Thumbs/gameicon.ashx?id=9000000000062
[2026-06-16 14:04:37] >> GET /Thumbs/gameicon.ashx?id=9000000000044
[2026-06-16 14:04:38] >> POST /studio/pbe
[2026-06-16 14:04:38] << /studio/pbe -> {}
[2026-06-16 14:04:41] >> GET /v2/assets/95206881/details
[2026-06-16 14:04:41] << /v2/assets/95206881/details -> {"TargetId":95206881,"AssetId":95206881,"ProductId":95206881,"assetId":95206881,"id":95206881,"Id":95206881,"TargetPlaceId":95206881,"PlaceId":95206881,"ProductType":"User Product","Name":"Baseplate","Description":"","AssetTypeId":9,"assetTypeId":9,"Creator":{"Id":14463315,"Name":"HearMeRoar","CreatorType":"User","CreatorTargetId":14463315,"HasVerifiedBadge":false,"id":14463315,"type":1,"creatorType":"User","creatorTargetId":14463315},"IconImageAssetId":0,"Created":"2022-05-11T13:27:09.897Z","Updated":"2022-06-19T07:23:39.03Z","created":"2022-05-11T13:27:09.897Z","updated":"2022-06-19T07:23:39.03Z","PriceInRobux":null,"Sales":0,"IsNew":false,"IsForSale":false,"IsPublicDomain":true,"IsLimited":false,"IsLimitedUnique":false,"isPublic":true,"isForSale":false,"isLimited":false,"isLimitedUnique":false,"enableComments":false}
[2026-06-16 14:04:41] >> GET /studio-open-place/v1/openplace?placeId=95206881
[2026-06-16 14:04:41] << /studio-open-place/v1/openplace -> {"universe":{"Id":3681567139,"RootPlaceId":9991912465,"Name":"(SE) Baseplate","Description":"Baseplate template with Streaming Enabled","IsArchived":false,"CreatorType":"User","CreatorTargetId":998796,"PrivacyType":"Public","Created":"2022-06-22T17:23:30.077+00:00","Updated":"2023-05-02T22:16:25.23+00:00"},"teamCreateEnabled":false,"place":{"Creator":{"CreatorType":"User","CreatorTargetId":998796}}}
[2026-06-16 14:04:41] >> POST /asset-permissions-api/v1/assets/check-permissions
[2026-06-16 14:04:41] asset-permissions assetId=95206881 -> NoPermission
[2026-06-16 14:04:41] asset-permissions check done: /asset-permissions-api/v1/assets/check-permissions
[2026-06-16 14:04:41] << /asset-permissions-api/v1/assets/check-permissions -> {"results":[{"value":{"status":"NoPermission"}}]}
[2026-06-16 14:04:41] >> POST /user-heartbeats-api/action-report
[2026-06-16 14:04:41] >> POST /private-users-service/v1beta1/getOrCreatePrivateUserId
[2026-06-16 14:04:41] << /user-heartbeats-api/action-report -> {"accounts": [{"username": "HearMeRoar","robloxCookie": "","pulseInterval": 30000,"enableLogging": true}],"globalConfig": {"retryAttempts": 3,"retryDelay": 5000}}
[2026-06-16 14:04:41] << /private-users-service/v1beta1/getOrCreatePrivateUserId -> {"privateUserId":1500014463315,"userIdMode":"USER_ID_MODE_GLOBAL","created":true}
[2026-06-16 14:04:41] >> GET /userhub/?id=
[2026-06-16 14:04:41] 404 GET /userhub/
[2026-06-16 14:04:41] << /userhub/ -> {"errors":[{"code":"NotFound","message":"Not found"}]}
[2026-06-16 14:04:42] >> GET /assets/user-auth/v1/assets/95206881
[2026-06-16 14:04:42] << /assets/user-auth/v1/assets/95206881 -> {"path":"assets/95206881","revisionId":"1","revisionCreateTime":"2024-01-01T00:00:00.000Z","assetId":"95206881","displayName":"Baseplate","assetType":"Place","creationContext":{"creator":{"userId":"14463315"}},"moderationResult":{"moderationState":"Approved"},"state":"Active"}
[2026-06-16 14:04:42] >> GET /v1/asset/?id=95206881&version=1
[2026-06-16 14:04:43] Asset 95206881 fetched OK (48760 bytes)
[2026-06-16 14:04:43] >> GET /v1/universes/multiget?ids=9000000000124&ids=9000000000088&ids=9000000000048&ids=9000000000020&ids=9000000000046&ids=9000000000098&ids=9000000000068&ids=9000000000016&ids=9000000000064&ids=9000000000092&ids=9000000000096&ids=9000000000080&ids=9000000000018&ids=9000000000040&ids=9000000000030&ids=9000000000070&ids=9000000000034&ids=9000000000002&ids=9000000000026&ids=9000000000052&ids=9000000000022&ids=9000000000050&ids=9000000000062&ids=9000000000044
[2026-06-16 14:04:43] >> POST /studio/pbe
[2026-06-16 14:04:43] >> POST /studio/pbe
[2026-06-16 14:04:43] << /studio/pbe -> {}
[2026-06-16 14:04:43] << /studio/pbe -> {}
[2026-06-16 14:04:44] >> GET /v1/universes/multiget/teamcreate?ids=9000000000124&ids=9000000000088&ids=9000000000048&ids=9000000000020&ids=9000000000046&ids=9000000000098&ids=9000000000068&ids=9000000000016&ids=9000000000064&ids=9000000000092&ids=9000000000096&ids=9000000000080&ids=9000000000018&ids=9000000000040&ids=9000000000030&ids=9000000000070&ids=9000000000034&ids=9000000000002&ids=9000000000026&ids=9000000000052&ids=9000000000022&ids=9000000000050&ids=9000000000062&ids=9000000000044
[2026-06-16 14:04:44] TeamCreate stub (disabled): GET /v1/universes/multiget/teamcreate
[2026-06-16 14:04:44] << /v1/universes/multiget/teamcreate -> {"data":[{"id":9000000000124,"isEnabled":false},{"id":9000000000088,"isEnabled":false},{"id":9000000000048,"isEnabled":false},{"id":9000000000020,"isEnabled":false},{"id":9000000000046,"isEnabled":false},{"id":9000000000098,"isEnabled":false},{"id":9000000000068,"isEnabled":false},{"id":9000000000016,"isEnabled":false},{"id":9000000000064,"isEnabled":false},{"id":9000000000092,"isEnabled":false},{"id":9000000000096,"isEnabled":false},{"id":9000000000080,"isEnabled":false},{"id":9000000000018,"isEnabled":false},{"id":9000000000040,"isEnabled":false},{"id":9000000000030,"isEnabled":false},{"id":9000000000070,"isEnabled":false},{"id":9000000000034,"isEnabled":false},{"id":9000000000002,"isEnabled":false},{"id":9000000000026,"isEnabled":false},{"id":9000000000052,"isEnabled":false},{"id":9000000000022,"isEnabled":false},{"id":9000000000050,"isEnabled":false},{"id":9000000000062,"isEnabled":false},{"id":9000000000044,"isEnabled":false}]}
[2026-06-16 14:04:45] >> POST /v1/batch
[2026-06-16 14:04:45] << /v1/batch -> {"data":[]}
[2026-06-16 14:04:45] >> GET /asset/?hash=9648afba5d3d7f66550213469e074213&contentRepresentationPriorityList=W3siZm9ybWF0IjoiUmVzaWR1YWwiLCJtYWpvclZlcnNpb24iOiIyIiwiZmlkZWxpdHkiOiJPcmlnaW5hbCJ9XQ%3D%3D&doNotFallbackToBaselineRepresentation=true
[2026-06-16 14:04:48] >> GET /resource-settings/v1/preferences:batchGet?preferenceTypes=Universes
[2026-06-16 14:04:48] >> GET /creator-home-api/v1/groups?surface=StudioPublishNewPlace
[2026-06-16 14:04:48] 404 GET /resource-settings/v1/preferences:batchGet
[2026-06-16 14:04:48] << /creator-home-api/v1/groups -> {"data":[]}
[2026-06-16 14:04:48] << /resource-settings/v1/preferences:batchGet -> {"errors":[{"code":"NotFound","message":"Not found"}]}
[2026-06-16 14:04:48] >> GET /asset/?hash=9648afba5d3d7f66550213469e074213&contentRepresentationPriorityList=W3siZm9ybWF0IjoiT3JpZ2luYWwiLCJtYWpvclZlcnNpb24iOiJPcmlnaW5hbCIsImZpZGVsaXR5IjoiT3JpZ2luYWwifV0%3D
[2026-06-16 14:04:50] >> GET /universes/v1/search?surface=StudioPublishPlace&isArchived=false&creatorTargetId=14463315&sortOrder=Desc&search=&needsAssetOptions=true&sortParam=LastUpdated&pageSize=25&creatorType=User
[2026-06-16 14:04:50] >> GET /creator-home-api/v1/groups?surface=StudioPublishExistingPlace
[2026-06-16 14:04:50] << /creator-home-api/v1/groups -> {"data":[]}
[2026-06-16 14:04:50] >> POST /experience-guidelines-service/v1beta1/multi-age-recommendation
[2026-06-16 14:04:50] >> GET /v2/universes/canUserPublish?universeIds=9000000000002&universeIds=9000000000014&universeIds=9000000000016&universeIds=9000000000018&universeIds=9000000000020&universeIds=9000000000022&universeIds=9000000000024&universeIds=9000000000026&universeIds=9000000000028&universeIds=9000000000030&universeIds=9000000000032&universeIds=9000000000034&universeIds=9000000000036&universeIds=9000000000038&universeIds=9000000000040&universeIds=9000000000042&universeIds=9000000000044&universeIds=9000000000046&universeIds=9000000000048&universeIds=9000000000050&universeIds=9000000000052&universeIds=9000000000054&universeIds=9000000000056&universeIds=9000000000058&universeIds=9000000000060&universeIds=9000000000062&universeIds=9000000000064&universeIds=9000000000066&universeIds=9000000000068&universeIds=9000000000070&universeIds=9000000000080&universeIds=9000000000088&universeIds=9000000000092&universeIds=9000000000096&universeIds=9000000000098&universeIds=9000000000124
[2026-06-16 14:04:50] << /v2/universes/canUserPublish -> {"data":[{"UniverseId":9000000000002,"CanPublish":true},{"UniverseId":9000000000014,"CanPublish":true},{"UniverseId":9000000000016,"CanPublish":true},{"UniverseId":9000000000018,"CanPublish":true},{"UniverseId":9000000000020,"CanPublish":true},{"UniverseId":9000000000022,"CanPublish":true},{"UniverseId":9000000000024,"CanPublish":true},{"UniverseId":9000000000026,"CanPublish":true},{"UniverseId":9000000000028,"CanPublish":true},{"UniverseId":9000000000030,"CanPublish":true},{"UniverseId":9000000000032,"CanPublish":true},{"UniverseId":9000000000034,"CanPublish":true},{"UniverseId":9000000000036,"CanPublish":true},{"UniverseId":9000000000038,"CanPublish":true},{"UniverseId":9000000000040,"CanPublish":true},{"UniverseId":9000000000042,"CanPublish":true},{"UniverseId":9000000000044,"CanPublish":true},{"UniverseId":9000000000046,"CanPublish":true},{"UniverseId":9000000000048,"CanPublish":true},{"UniverseId":9000000000050,"CanPublish":true},{"UniverseId":9000000000052,"CanPublish
[2026-06-16 14:04:50] >> POST /v1/batch
[2026-06-16 14:04:50] << /v1/batch -> {"data":[]}
[2026-06-16 14:04:52] >> GET /v1/universes/9000000000124/places?sortOrder=Asc&limit=10
[2026-06-16 14:04:52] << /v1/universes/9000000000124/places -> {"previousPageCursor":null,"nextPageCursor":null,"data":[{"id":9000000000125,"universeId":9000000000124,"name":"testt","description":""}]}
[2026-06-16 14:04:54] >> POST /v1.0/SequenceStatistics/BatchAddToSequencesV2?apiKey=76E5A40C-3AE1-4028-9F10-7C62520BD94F
[2026-06-16 14:04:54] >> POST /v1.1/Counters/BatchIncrement?apiKey=76E5A40C-3AE1-4028-9F10-7C62520BD94F
[2026-06-16 14:04:54] << /v1.0/SequenceStatistics/BatchAddToSequencesV2 -> {}
[2026-06-16 14:04:54] >> POST /v1.1/Counters/BatchIncrement?apiKey=76E5A40C-3AE1-4028-9F10-7C62520BD94F
[2026-06-16 14:04:54] >> POST /v1.0/SequenceStatistics/BatchAddToSequencesV2?apiKey=76E5A40C-3AE1-4028-9F10-7C62520BD94F
[2026-06-16 14:04:54] >> POST /studio/pbe
[2026-06-16 14:04:54] >> POST /timespent/pbe
[2026-06-16 14:04:54] << /v1.1/Counters/BatchIncrement -> {}
[2026-06-16 14:04:54] >> POST /experience-signals-ingest/public/v1/events/single
[2026-06-16 14:04:54] << /v1.1/Counters/BatchIncrement -> {}
[2026-06-16 14:04:54] << /v1.0/SequenceStatistics/BatchAddToSequencesV2 -> {}
[2026-06-16 14:04:54] >> POST /asset-permissions-api/v1/assets/check-permissions
[2026-06-16 14:04:54] << /studio/pbe -> {}
[2026-06-16 14:04:54] << /timespent/pbe -> {}
[2026-06-16 14:04:54] << /experience-signals-ingest/public/v1/events/single -> {}
[2026-06-16 14:04:54] asset-permissions assetId=? -> NoPermission
[2026-06-16 14:04:54] asset-permissions assetId=? -> NoPermission
[2026-06-16 14:04:54] asset-permissions assetId=? -> NoPermission
[2026-06-16 14:04:54] asset-permissions assetId=? -> NoPermission
[2026-06-16 14:04:54] asset-permissions assetId=? -> NoPermission
[2026-06-16 14:04:54] asset-permissions assetId=? -> NoPermission
[2026-06-16 14:04:54] asset-permissions check done: /asset-permissions-api/v1/assets/check-permissions
[2026-06-16 14:04:54] << /asset-permissions-api/v1/assets/check-permissions -> {"results":[{"value":{"status":"NoPermission"}},{"value":{"status":"NoPermission"}},{"value":{"status":"NoPermission"}},{"value":{"status":"NoPermission"}},{"value":{"status":"NoPermission"}},{"value":{"status":"NoPermission"}}]}
[2026-06-16 14:04:54] >> GET /toolbox-service/v1/items/details?assetIds=6196665106,6372755229,6412503613,6444320592,6444884337,6444884785
[2026-06-16 14:04:54] << /toolbox-service/v1/items/details -> {"totalResults":0,"filteredKeyword":"","spellCheckerResult":{"correctionState":0},"queryFacets":{"appliedFacets":[],"availableFacets":[]},"nextPageCursor":"","data":[]}
[2026-06-16 14:04:56] >> PATCH /asset-permissions-api/v1/assets/permissions
[2026-06-16 14:04:56] << /asset-permissions-api/v1/assets/permissions -> {"results":[],"data":[]}
[2026-06-16 14:04:56] >> GET /toolbox-service/v1/items/details?assetIds=6196665106,6372755229,6412503613,6444320592,6444884337,6444884785
[2026-06-16 14:04:57] << /toolbox-service/v1/items/details -> {"totalResults":0,"filteredKeyword":"","spellCheckerResult":{"correctionState":0},"queryFacets":{"appliedFacets":[],"availableFacets":[]},"nextPageCursor":"","data":[]}
[2026-06-16 14:04:58] >> GET /v1/places/9000000000125/teamcreate/active_session/members
[2026-06-16 14:04:58] TeamCreate stub (disabled): GET /v1/places/9000000000125/teamcreate/active_session/members
[2026-06-16 14:04:58] << /v1/places/9000000000125/teamcreate/active_session/members -> {"data":[]}
[2026-06-16 14:04:58] >> POST /user-heartbeats-api/pulse
[2026-06-16 14:04:58] << /user-heartbeats-api/pulse -> {"accounts": [{"username": "HearMeRoar","robloxCookie": "","pulseInterval": 30000,"enableLogging": true}],"globalConfig": {"retryAttempts": 3,"retryDelay": 5000}}
[2026-06-16 14:04:58] >> POST /asset-permissions-api/v1/assets/check-permissions
[2026-06-16 14:04:58] >> PUT /packages-api/v1/places/9000000000125/packages
[2026-06-16 14:04:58] >> PATCH /assets/user-auth/v1/assets/9000000000125
[2026-06-16 14:04:58] asset-permissions assetId=9000000000125 -> HasPermission
[2026-06-16 14:04:58] << /packages-api/v1/places/9000000000125/packages -> {"packageLinks":[]}
[2026-06-16 14:04:58] >> POST /event-subscription/v1/subscribe
[2026-06-16 14:04:58] asset-permissions check done: /asset-permissions-api/v1/assets/check-permissions
[2026-06-16 14:04:58] << /event-subscription/v1/subscribe -> {"ttl_minutes":1440}
[2026-06-16 14:04:58] << /asset-permissions-api/v1/assets/check-permissions -> {"results":[{"value":{"status":"HasPermission"}}]}
[2026-06-16 14:04:58] Open-Cloud upload: saved place 9000000000125 (67885 raw -> 12680 on disk) ct='multipart/form-data; boundary=-------PublishServiceCreateAsset'
[2026-06-16 14:04:58] << /assets/user-auth/v1/assets/9000000000125 -> {"path":"operations/9000000000125","operationId":"9000000000125","done":true,"response":{"path":"assets/9000000000125","revisionId":"1","revisionCreateTime":"2024-01-01T00:00:00.000Z","assetId":"9000000000125","displayName":"testt","assetType":"Place","creationContext":{"creator":{"userId":"14463315"}},"moderationResult":{"moderationState":"Approved"},"state":"Active"}}
[2026-06-16 14:04:59] >> GET /v2/universes/9000000000124/configuration
[2026-06-16 14:04:59] << /v2/universes/9000000000124/configuration -> {"allowPrivateServers":true,"privateServerPrice":null,"id":9000000000124,"name":"testt","universeAvatarType":"MorphToR15","universeScaleType":"AllScales","universeAnimationType":"PlayerChoice","universeCollisionType":"OuterBox","universeBodyType":"Standard","universeJointPositioningType":"ArtistIntent","universeAvatarAssetOverrides":[],"universeAvatarMinScales":{"height":0.90,"width":0.70,"head":0.95,"proportion":0.00,"bodyType":0.00},"universeAvatarMaxScales":{"height":1.05,"width":1.00,"head":1.00,"proportion":1.00,"bodyType":1.00},"isArchived":false,"isFriendsOnly":false,"genre":"All","playableDevices":["Computer","Phone","Tablet"],"isForSale":false,"price":0,"isStudioAccessToApisAllowed":true,"privacyType":"Public"}
[2026-06-16 14:05:00] >> GET /assets/user-auth/v1/operations/9000000000125
[2026-06-16 14:05:00] << /assets/user-auth/v1/operations/9000000000125 -> {"path":"operations/9000000000125","operationId":"9000000000125","done":true,"response":{"path":"assets/9000000000125","revisionId":"1","revisionCreateTime":"2024-01-01T00:00:00.000Z","assetId":"9000000000125","displayName":"testt","assetType":"Place","creationContext":{"creator":{"userId":"14463315"}},"moderationResult":{"moderationState":"Approved"},"state":"Active"}}
[2026-06-16 14:05:00] >> GET /v1/universes/9000000000124/teamcreate
[2026-06-16 14:05:00] TeamCreate stub (disabled): GET /v1/universes/9000000000124/teamcreate
[2026-06-16 14:05:00] << /v1/universes/9000000000124/teamcreate -> {"isActivating":false,"isArchived":false,"teamCreateEnabled":false,"isEnabled":false,"activeUsersCount":0,"activeUsers":[]}
[2026-06-16 14:05:00] >> POST /experience-guidelines-service/v1beta1/multi-age-recommendation
[2026-06-16 14:05:00] >> GET /v1/universes/9000000000124/configuration
[2026-06-16 14:05:00] << /experience-guidelines-service/v1beta1/multi-age-recommendation -> {"ageRecommendationDetailsByUniverse":[{"ageRecommendationDetails":{"ageRecommendationSummary":{"ageRecommendation":{"displayName":"Unknown","minimumAge":13,"displayNameWithHeaderShort":"Maturity: Unknown","minimumAgeDisplay":"","contentMaturity":"unrated"}}},"universeId":9000000000124}],"headerDisplayName":"Content Maturity","headerDisplayNameShort":"Maturity"}
[2026-06-16 14:05:00] >> POST /v1/batch
[2026-06-16 14:05:00] << /v1/universes/9000000000124/configuration -> {"allowPrivateServers":true,"privateServerPrice":null,"id":9000000000124,"name":"testt","universeAvatarType":"MorphToR15","universeScaleType":"AllScales","universeAnimationType":"PlayerChoice","universeCollisionType":"OuterBox","universeBodyType":"Standard","universeJointPositioningType":"ArtistIntent","universeAvatarAssetOverrides":[],"universeAvatarMinScales":{"height":0.90,"width":0.70,"head":0.95,"proportion":0.00,"bodyType":0.00},"universeAvatarMaxScales":{"height":1.05,"width":1.00,"head":1.00,"proportion":1.00,"bodyType":1.00},"isArchived":false,"isFriendsOnly":false,"genre":"All","playableDevices":["Computer","Phone","Tablet"],"isForSale":false,"price":0,"isStudioAccessToApisAllowed":true,"privacyType":"Public"}
[2026-06-16 14:05:00] << /v1/batch -> {"data":[]}
[2026-06-16 14:05:00] >> GET /universes/v1/places/9000000000125/universe
[2026-06-16 14:05:00] >> GET /v2/assets/9000000000125/details
[2026-06-16 14:05:00] << /universes/v1/places/9000000000125/universe -> {"id":9000000000124,"universeId":9000000000124,"rootPlaceId":9000000000125,"name":"testt","description":"owo","isArchived":false,"isActive":true,"privacyType":"Private","creatorType":"User","creatorTargetId":14463315,"creatorName":"HearMeRoar","price":0,"playing":0,"visits":0,"maxPlayers":10,"studioAccessToApisAllowed":true,"genre":"All","isAllGenre":true,"isFavoritedByUser":false,"favoritedCount":0,"created":"2022-05-11T13:27:09.897Z","updated":"2022-05-11T13:27:09.897Z","universeAvatarType":"MorphToR15","universeCollisionType":"OuterBox","avatarMinHeight":"0.90","avatarMinWidth":"0.70","avatarMinHead":"0.95","avatarMinProportion":"0.00","avatarMinBodyType":"0.00","avatarMaxHeight":"1.05","avatarMaxWidth":"1.00","avatarMaxHead":"1.00","avatarMaxProportion":"1.00","avatarMaxBodyType":"1.00"}
[2026-06-16 14:05:00] << /v2/assets/9000000000125/details -> {"TargetId":9000000000125,"AssetId":9000000000125,"ProductId":9000000000125,"assetId":9000000000125,"id":9000000000125,"Id":9000000000125,"TargetPlaceId":9000000000125,"PlaceId":9000000000125,"ProductType":"User Product","Name":"testt","Description":"","AssetTypeId":9,"assetTypeId":9,"Creator":{"Id":14463315,"Name":"HearMeRoar","CreatorType":"User","CreatorTargetId":14463315,"HasVerifiedBadge":false,"id":14463315,"type":1,"creatorType":"User","creatorTargetId":14463315},"IconImageAssetId":0,"Created":"2022-05-11T13:27:09.897Z","Updated":"2022-06-19T07:23:39.03Z","created":"2022-05-11T13:27:09.897Z","updated":"2022-06-19T07:23:39.03Z","PriceInRobux":null,"Sales":0,"IsNew":false,"IsForSale":false,"IsPublicDomain":true,"IsLimited":false,"IsLimitedUnique":false,"isPublic":true,"isForSale":false,"isLimited":false,"isLimitedUnique":false,"enableComments":false}
[2026-06-16 14:05:00] >> GET /v1/universes/9000000000124
[2026-06-16 14:05:00] << /v1/universes/9000000000124 -> {"id":9000000000124,"universeId":9000000000124,"rootPlaceId":9000000000125,"name":"testt","description":"owo","isArchived":false,"isActive":true,"privacyType":"Private","creatorType":"User","creatorTargetId":14463315,"creatorName":"HearMeRoar","price":0,"playing":0,"visits":0,"maxPlayers":10,"studioAccessToApisAllowed":true,"genre":"All","isAllGenre":true,"isFavoritedByUser":false,"favoritedCount":0,"created":"2022-05-11T13:27:09.897Z","updated":"2022-05-11T13:27:09.897Z","universeAvatarType":"MorphToR15","universeCollisionType":"OuterBox","avatarMinHeight":"0.90","avatarMinWidth":"0.70","avatarMinHead":"0.95","avatarMinProportion":"0.00","avatarMinBodyType":"0.00","avatarMaxHeight":"1.05","avatarMaxWidth":"1.00","avatarMaxHead":"1.00","avatarMaxProportion":"1.00","avatarMaxBodyType":"1.00"}
[2026-06-16 14:05:01] >> GET /v1/universes/9000000000124/permissions
[2026-06-16 14:05:01] << /v1/universes/9000000000124/permissions -> {"canManage":true,"canCloudEdit":false,"canPublish":true,"canView":true,"isPublic":false}
[2026-06-16 14:05:01] >> GET /content-aliases-api/v1/universes/9000000000124/aliases
[2026-06-16 14:05:01] << /content-aliases-api/v1/universes/9000000000124/aliases -> {"Aliases":[],"NextPageToken":null}
[2026-06-16 14:05:01] >> GET /v1/universes/9000000000124/places?sortOrder=Asc&limit=50
[2026-06-16 14:05:01] << /v1/universes/9000000000124/places -> {"previousPageCursor":null,"nextPageCursor":null,"data":[{"id":9000000000125,"universeId":9000000000124,"name":"testt","description":""}]}
[2026-06-16 14:05:01] >> GET /v2/assets/9000000000125/details
[2026-06-16 14:05:01] << /v2/assets/9000000000125/details -> {"TargetId":9000000000125,"AssetId":9000000000125,"ProductId":9000000000125,"assetId":9000000000125,"id":9000000000125,"Id":9000000000125,"TargetPlaceId":9000000000125,"PlaceId":9000000000125,"ProductType":"User Product","Name":"testt","Description":"","AssetTypeId":9,"assetTypeId":9,"Creator":{"Id":14463315,"Name":"HearMeRoar","CreatorType":"User","CreatorTargetId":14463315,"HasVerifiedBadge":false,"id":14463315,"type":1,"creatorType":"User","creatorTargetId":14463315},"IconImageAssetId":0,"Created":"2022-05-11T13:27:09.897Z","Updated":"2022-06-19T07:23:39.03Z","created":"2022-05-11T13:27:09.897Z","updated":"2022-06-19T07:23:39.03Z","PriceInRobux":null,"Sales":0,"IsNew":false,"IsForSale":false,"IsPublicDomain":true,"IsLimited":false,"IsLimitedUnique":false,"isPublic":true,"isForSale":false,"isLimited":false,"isLimitedUnique":false,"enableComments":false}
[2026-06-16 14:05:02] >> GET /v2/assets/9000000000125/details
[2026-06-16 14:05:02] << /v2/assets/9000000000125/details -> {"TargetId":9000000000125,"AssetId":9000000000125,"ProductId":9000000000125,"assetId":9000000000125,"id":9000000000125,"Id":9000000000125,"TargetPlaceId":9000000000125,"PlaceId":9000000000125,"ProductType":"User Product","Name":"testt","Description":"","AssetTypeId":9,"assetTypeId":9,"Creator":{"Id":14463315,"Name":"HearMeRoar","CreatorType":"User","CreatorTargetId":14463315,"HasVerifiedBadge":false,"id":14463315,"type":1,"creatorType":"User","creatorTargetId":14463315},"IconImageAssetId":0,"Created":"2022-05-11T13:27:09.897Z","Updated":"2022-06-19T07:23:39.03Z","created":"2022-05-11T13:27:09.897Z","updated":"2022-06-19T07:23:39.03Z","PriceInRobux":null,"Sales":0,"IsNew":false,"IsForSale":false,"IsPublicDomain":true,"IsLimited":false,"IsLimitedUnique":false,"isPublic":true,"isForSale":false,"isLimited":false,"isLimitedUnique":false,"enableComments":false}
[2026-06-16 14:05:02] >> GET /v1/universes/multiget?ids=9000000000124&ids=9000000000088&ids=9000000000048&ids=9000000000020&ids=9000000000046&ids=9000000000098&ids=9000000000068&ids=9000000000016&ids=9000000000064&ids=9000000000092&ids=9000000000096&ids=9000000000080&ids=9000000000018&ids=9000000000040&ids=9000000000030&ids=9000000000070&ids=9000000000034&ids=9000000000002&ids=9000000000026&ids=9000000000052&ids=9000000000022&ids=9000000000050&ids=9000000000062&ids=9000000000044
[2026-06-16 14:05:02] >> GET /v1/universes/multiget/teamcreate?ids=9000000000124&ids=9000000000088&ids=9000000000048&ids=9000000000020&ids=9000000000046&ids=9000000000098&ids=9000000000068&ids=9000000000016&ids=9000000000064&ids=9000000000092&ids=9000000000096&ids=9000000000080&ids=9000000000018&ids=9000000000040&ids=9000000000030&ids=9000000000070&ids=9000000000034&ids=9000000000002&ids=9000000000026&ids=9000000000052&ids=9000000000022&ids=9000000000050&ids=9000000000062&ids=9000000000044
[2026-06-16 14:05:02] TeamCreate stub (disabled): GET /v1/universes/multiget/teamcreate
[2026-06-16 14:05:02] << /v1/universes/multiget/teamcreate -> {"data":[{"id":9000000000124,"isEnabled":false},{"id":9000000000088,"isEnabled":false},{"id":9000000000048,"isEnabled":false},{"id":9000000000020,"isEnabled":false},{"id":9000000000046,"isEnabled":false},{"id":9000000000098,"isEnabled":false},{"id":9000000000068,"isEnabled":false},{"id":9000000000016,"isEnabled":false},{"id":9000000000064,"isEnabled":false},{"id":9000000000092,"isEnabled":false},{"id":9000000000096,"isEnabled":false},{"id":9000000000080,"isEnabled":false},{"id":9000000000018,"isEnabled":false},{"id":9000000000040,"isEnabled":false},{"id":9000000000030,"isEnabled":false},{"id":9000000000070,"isEnabled":false},{"id":9000000000034,"isEnabled":false},{"id":9000000000002,"isEnabled":false},{"id":9000000000026,"isEnabled":false},{"id":9000000000052,"isEnabled":false},{"id":9000000000022,"isEnabled":false},{"id":9000000000050,"isEnabled":false},{"id":9000000000062,"isEnabled":false},{"id":9000000000044,"isEnabled":false}]}
[2026-06-16 14:05:08] >> GET /v2/universes/9000000000124/configuration
[2026-06-16 14:05:08] >> POST /v1/autolocalization/games/9000000000124/autolocalizationtable
[2026-06-16 14:05:08] << /v2/universes/9000000000124/configuration -> {"allowPrivateServers":true,"privateServerPrice":null,"id":9000000000124,"name":"testt","universeAvatarType":"MorphToR15","universeScaleType":"AllScales","universeAnimationType":"PlayerChoice","universeCollisionType":"OuterBox","universeBodyType":"Standard","universeJointPositioningType":"ArtistIntent","universeAvatarAssetOverrides":[],"universeAvatarMinScales":{"height":0.90,"width":0.70,"head":0.95,"proportion":0.00,"bodyType":0.00},"universeAvatarMaxScales":{"height":1.05,"width":1.00,"head":1.00,"proportion":1.00,"bodyType":1.00},"isArchived":false,"isFriendsOnly":false,"genre":"All","playableDevices":["Computer","Phone","Tablet"],"isForSale":false,"price":0,"isStudioAccessToApisAllowed":true,"privacyType":"Public"}
[2026-06-16 14:05:08] << /v1/autolocalization/games/9000000000124/autolocalizationtable -> {"tableId":"","locale":"en_us","entries":[]}
[2026-06-16 14:05:08] >> GET /player-hydration-service/v1/players/signed
[2026-06-16 14:05:08] >> POST /product-experimentation-platform/v1/projects/1/values
[2026-06-16 14:05:08] >> GET /v1/settings/universe/9000000000124?placeId=9000000000125
[2026-06-16 14:05:08] >> GET /recipe?maxTargets=15
[2026-06-16 14:05:08] >> POST /user-blocking-api/v1/users/rcc/get-user-blocking-data
[2026-06-16 14:05:08] >> POST /access-management/v2/rcc-user-feature-evaluation
[2026-06-16 14:05:08] 404 GET /player-hydration-service/v1/players/signed
[2026-06-16 14:05:08] << /product-experimentation-platform/v1/projects/1/values -> {"assignments":[]}
[2026-06-16 14:05:08] << /v1/settings/universe/9000000000124 -> {"isVoiceEnabled":true,"isUserOptIn":true,"isUserEligible":true,"isBanned":false,"banReason":0,"bannedUntil":null,"canVerifyAgeForVoice":true,"isVerifiedForVoice":true,"denialReason":0,"isOptInDisabled":false,"hasEverOpted":true,"isAvatarVideoEnabled":true,"isAvatarVideoOptIn":true,"isAvatarVideoOptInDisabled":false,"isAvatarVideoEligible":true,"hasEverOptedAvatarVideo":true,"userHasAvatarCameraAlwaysAvailable":true,"canVerifyPhoneForVoice":true,"seamlessVoiceStatus":1,"allowVoiceDataUsage":true,"seamlessVoiceVariant":""}
[2026-06-16 14:05:08] 404 GET /recipe
[2026-06-16 14:05:08] 404 POST /user-blocking-api/v1/users/rcc/get-user-blocking-data
[2026-06-16 14:05:08] 404 POST /access-management/v2/rcc-user-feature-evaluation
[2026-06-16 14:05:08] << /player-hydration-service/v1/players/signed -> {"errors":[{"code":"NotFound","message":"Not found"}]}
[2026-06-16 14:05:08] << /recipe -> {"errors":[{"code":"NotFound","message":"Not found"}]}
[2026-06-16 14:05:08] << /user-blocking-api/v1/users/rcc/get-user-blocking-data -> {"errors":[{"code":"NotFound","message":"Not found"}]}
[2026-06-16 14:05:08] << /access-management/v2/rcc-user-feature-evaluation -> {"errors":[{"code":"NotFound","message":"Not found"}]}
[2026-06-16 14:05:09] >> GET /access-management/v1/rcc-user-feature-access?featureNames=CanUseInExperienceChat&userId=14463315&nameSpace=user_comm_safety/UserBehavior&extraParameters=W3sibmFtZSI6InJlYWRGcmVzaERhdGEiLCJ0eXBlIjoiQm9vbGVhbiIsInZhbHVlIjpmYWxzZX1d
[2026-06-16 14:05:09] >> GET /universe-chat-api/v1/universe-chat-settings?userId=14463315&universeId=9000000000124&rccInstanceId=
[2026-06-16 14:05:09] >> GET /v2/users/14463315/groups/roles
[2026-06-16 14:05:09] >> GET /guac-v2/v1/bundles/app-policy
[2026-06-16 14:05:09] << /access-management/v1/rcc-user-feature-access -> {"featureAccess":[],"data":[]}
[2026-06-16 14:05:09] 404 GET /universe-chat-api/v1/universe-chat-settings
[2026-06-16 14:05:09] << /v2/users/14463315/groups/roles -> {"data":[{"group":{"id":13538101,"name":"GC' Sus Games","memberCount":11,"hasVerifiedBadge":false},"role":{"id":77381526,"name":"Member","rank":1}},{"group":{"id":391929292,"name":"FilteringEnabled=false","memberCount":6,"hasVerifiedBadge":false},"role":{"id":700687000,"name":"Owner","rank":255}},{"group":{"id":4347428,"name":"The State of Mind","memberCount":416796,"hasVerifiedBadge":false},"role":{"id":29322544,"name":"⭐️ Important Member","rank":1}},{"group":{"id":33142130,"name":"Legence Clothes","memberCount":6,"hasVerifiedBadge":false},"role":{"id":101719466,"name":"🎀📝 Love📝","rank":1}},{"group":{"id":13273531,"name":"_RARE NAMES_","memberCount":11049,"hasVerifiedBadge":false},"role":{"id":76113545,"name":"Incredible names","rank":45}},{"group":{"id":5995136,"name":"- Old Roblox Accounts -","memberCount":62907,"hasVerifiedBadge":false},"role":{"id":93679233,"name":"2006 / 2007","rank":170}},{"group":{"id":32818995,"name":"(Project Aincrad SAO)","member
[2026-06-16 14:05:09] >> GET /v2/avatar/avatar-fetch/?placeId=9000000000125&userId=14463315
[2026-06-16 14:05:09] << /guac-v2/v1/bundles/app-policy -> {"version":"1","bundle":{"name":"studio","configurations":{"Feature_DisableOldCookieManagementSticky":"0;100","Feature_UnifiedCookieProtocolEnabled":"0;100","Feature_UnifiedCookieProtocolEnabledSticky":"0;100","Feature_AccessCookiesWithUrlEnabledSticky":"0;100"},"experiments":{}}}
[2026-06-16 14:05:09] << /universe-chat-api/v1/universe-chat-settings -> {"errors":[{"code":"NotFound","message":"Not found"}]}
[2026-06-16 14:05:09] Avatar: batch resolved 0/2 assets
[2026-06-16 14:05:09] >> GET /player-policy-service/v1/player-policy-client
[2026-06-16 14:05:09] 404 GET /player-policy-service/v1/player-policy-client
[2026-06-16 14:05:09] << /player-policy-service/v1/player-policy-client -> {"errors":[{"code":"NotFound","message":"Not found"}]}
[2026-06-16 14:05:09] Avatar: batch resolved 0/1 assets
[2026-06-16 14:05:09] Avatar: batch resolved 0/1 assets
[2026-06-16 14:05:09] << /v2/avatar/avatar-fetch/ -> {"resolvedAvatarType":"R15","equippedGearVersionIds":[],"backpackGearVersionIds":[],"assetAndAssetTypeIds":[{"assetId":86499666,"assetTypeId":27},{"assetId":86499716,"assetTypeId":29},{"assetId":86499698,"assetTypeId":28},{"assetId":86499753,"assetTypeId":30},{"assetId":86499793,"assetTypeId":31},{"assetId":18658405017,"assetTypeId":46},{"assetId":135892587710035,"assetTypeId":8},{"assetId":10804923951,"assetTypeId":67},{"assetId":132133317685629,"assetTypeId":41},{"assetId":14702520072,"assetTypeId":43},{"assetId":11921498664,"assetTypeId":11},{"assetId":140565896620871,"assetTypeId":12},{"assetId":90772666356782,"assetTypeId":79}],"animationAssetIds":{"run":16744214662,"swim":18538158932,"fall":76868289213402,"climb":122281742555667,"jump":114806832298003,"idle":82009039247070,"walk":124733969277188},"bodyColor3s":{"headColor3":"ffcc99","torsoColor3":"ffcc99","rightArmColor3":"ffcc99","leftArmColor3":"ffcc99","rightLegColor3":"ffcc99","leftLegColor3":"ffcc99"},"scales":{"heig
[2026-06-16 14:05:09] >> POST /v1.0/SequenceStatistics/BatchAddToSequencesV2?apiKey=76E5A40C-3AE1-4028-9F10-7C62520BD94F
[2026-06-16 14:05:09] >> POST /v1.1/Counters/BatchIncrement?apiKey=76E5A40C-3AE1-4028-9F10-7C62520BD94F
[2026-06-16 14:05:09] << /v1.0/SequenceStatistics/BatchAddToSequencesV2 -> {}
[2026-06-16 14:05:09] << /v1.1/Counters/BatchIncrement -> {}
[2026-06-16 14:05:09] >> POST /v1/batch
[2026-06-16 14:05:09] << /v1/batch -> {"data":[]}
[2026-06-16 14:05:09] >> GET /player-policy-service/v1/player-policy-client
[2026-06-16 14:05:09] 404 GET /player-policy-service/v1/player-policy-client
[2026-06-16 14:05:09] << /player-policy-service/v1/player-policy-client -> {"errors":[{"code":"NotFound","message":"Not found"}]}
[2026-06-16 14:05:09] >> GET /v2/users/14463315/inventory/61?limit=50&cursor=
[2026-06-16 14:05:09] << /v2/users/14463315/inventory/61 -> {}
[2026-06-16 14:05:10] >> GET /player-policy-service/v1/player-policy-client
[2026-06-16 14:05:10] 404 GET /player-policy-service/v1/player-policy-client
[2026-06-16 14:05:10] << /player-policy-service/v1/player-policy-client -> {"errors":[{"code":"NotFound","message":"Not found"}]}
[2026-06-16 14:05:12] >> GET /userhub/?id=
[2026-06-16 14:05:12] 404 GET /userhub/
[2026-06-16 14:05:12] << /userhub/ -> {"errors":[{"code":"NotFound","message":"Not found"}]}
[2026-06-16 14:05:13] >> GET /player-policy-service/v1/player-policy-client
[2026-06-16 14:05:13] 404 GET /player-policy-service/v1/player-policy-client
[2026-06-16 14:05:13] << /player-policy-service/v1/player-policy-client -> {"errors":[{"code":"NotFound","message":"Not found"}]}
[2026-06-16 14:05:13] >> POST /product-experimentation-platform/v1/projects/1/values
[2026-06-16 14:05:13] << /product-experimentation-platform/v1/projects/1/values -> {"assignments":[]}
[2026-06-16 14:05:13] >> GET /v1/settings
[2026-06-16 14:05:13] << /v1/settings -> {"isVoiceEnabled":true,"isUserOptIn":true,"isUserEligible":true,"isBanned":false,"banReason":0,"bannedUntil":null,"canVerifyAgeForVoice":true,"isVerifiedForVoice":true,"denialReason":0,"isOptInDisabled":false,"hasEverOpted":true,"isAvatarVideoEnabled":true,"isAvatarVideoOptIn":true,"isAvatarVideoOptInDisabled":false,"isAvatarVideoEligible":true,"hasEverOptedAvatarVideo":true,"userHasAvatarCameraAlwaysAvailable":true,"canVerifyPhoneForVoice":true,"seamlessVoiceStatus":1,"allowVoiceDataUsage":true,"seamlessVoiceVariant":""}
[2026-06-16 14:05:13] >> GET /v1/settings
[2026-06-16 14:05:13] << /v1/settings -> {"isVoiceEnabled":true,"isUserOptIn":true,"isUserEligible":true,"isBanned":false,"banReason":0,"bannedUntil":null,"canVerifyAgeForVoice":true,"isVerifiedForVoice":true,"denialReason":0,"isOptInDisabled":false,"hasEverOpted":true,"isAvatarVideoEnabled":true,"isAvatarVideoOptIn":true,"isAvatarVideoOptInDisabled":false,"isAvatarVideoEligible":true,"hasEverOptedAvatarVideo":true,"userHasAvatarCameraAlwaysAvailable":true,"canVerifyPhoneForVoice":true,"seamlessVoiceStatus":1,"allowVoiceDataUsage":true,"seamlessVoiceVariant":""}
[2026-06-16 14:05:14] >> GET /v2/users/14463315/groups/roles
[2026-06-16 14:05:14] << /v2/users/14463315/groups/roles -> {"data":[{"group":{"id":13538101,"name":"GC' Sus Games","memberCount":11,"hasVerifiedBadge":false},"role":{"id":77381526,"name":"Member","rank":1}},{"group":{"id":391929292,"name":"FilteringEnabled=false","memberCount":6,"hasVerifiedBadge":false},"role":{"id":700687000,"name":"Owner","rank":255}},{"group":{"id":4347428,"name":"The State of Mind","memberCount":416796,"hasVerifiedBadge":false},"role":{"id":29322544,"name":"⭐️ Important Member","rank":1}},{"group":{"id":33142130,"name":"Legence Clothes","memberCount":6,"hasVerifiedBadge":false},"role":{"id":101719466,"name":"🎀📝 Love📝","rank":1}},{"group":{"id":13273531,"name":"_RARE NAMES_","memberCount":11049,"hasVerifiedBadge":false},"role":{"id":76113545,"name":"Incredible names","rank":45}},{"group":{"id":5995136,"name":"- Old Roblox Accounts -","memberCount":62907,"hasVerifiedBadge":false},"role":{"id":93679233,"name":"2006 / 2007","rank":170}},{"group":{"id":32818995,"name":"(Project Aincrad SAO)","member
[2026-06-16 14:05:24] >> POST /v1.1/Counters/BatchIncrement?apiKey=76E5A40C-3AE1-4028-9F10-7C62520BD94F
[2026-06-16 14:05:24] >> POST /v1.0/SequenceStatistics/BatchAddToSequencesV2?apiKey=76E5A40C-3AE1-4028-9F10-7C62520BD94F
[2026-06-16 14:05:24] << /v1.1/Counters/BatchIncrement -> {}
[2026-06-16 14:05:24] >> POST /studio/pbe
[2026-06-16 14:05:24] >> POST /timespent/pbe
[2026-06-16 14:05:24] >> POST /client/pbe
[2026-06-16 14:05:24] >> POST /experience-signals-ingest/public/v1/events/single
[2026-06-16 14:05:24] << /v1.0/SequenceStatistics/BatchAddToSequencesV2 -> {}
[2026-06-16 14:05:24] << /studio/pbe -> {}
[2026-06-16 14:05:24] << /timespent/pbe -> {}
[2026-06-16 14:05:24] << /client/pbe -> {}
[2026-06-16 14:05:24] << /experience-signals-ingest/public/v1/events/single -> {}
[2026-06-16 14:05:25] >> POST /v1.0/SequenceStatistics/BatchAddToSequencesV2?apiKey=76E5A40C-3AE1-4028-9F10-7C62520BD94F
[2026-06-16 14:05:25] << /v1.0/SequenceStatistics/BatchAddToSequencesV2 -> {}
[2026-06-16 14:05:25] >> POST /v1.1/Counters/BatchIncrement?apiKey=76E5A40C-3AE1-4028-9F10-7C62520BD94F
[2026-06-16 14:05:25] << /v1.1/Counters/BatchIncrement -> {}
[2026-06-16 14:05:28] >> POST /user-heartbeats-api/pulse
[2026-06-16 14:05:28] << /user-heartbeats-api/pulse -> {"accounts": [{"username": "HearMeRoar","robloxCookie": "","pulseInterval": 30000,"enableLogging": true}],"globalConfig": {"retryAttempts": 3,"retryDelay": 5000}}
[2026-06-16 14:05:30] >> GET /userhub/?id=
[2026-06-16 14:05:30] 404 GET /userhub/
[2026-06-16 14:05:30] << /userhub/ -> {"errors":[{"code":"NotFound","message":"Not found"}]}
[2026-06-16 14:05:54] >> POST /v1.0/SequenceStatistics/BatchAddToSequencesV2?apiKey=76E5A40C-3AE1-4028-9F10-7C62520BD94F
[2026-06-16 14:05:54] >> POST /studio/pbe
[2026-06-16 14:05:54] >> POST /timespent/pbe
[2026-06-16 14:05:54] >> POST /experience-signals-ingest/public/v1/events/single
[2026-06-16 14:05:54] << /v1.0/SequenceStatistics/BatchAddToSequencesV2 -> {}
[2026-06-16 14:05:54] << /studio/pbe -> {}
[2026-06-16 14:05:54] << /timespent/pbe -> {}
[2026-06-16 14:05:54] << /experience-signals-ingest/public/v1/events/single -> {}
[2026-06-16 14:05:58] >> POST /user-heartbeats-api/pulse
[2026-06-16 14:05:58] << /user-heartbeats-api/pulse -> {"accounts": [{"username": "HearMeRoar","robloxCookie": "","pulseInterval": 30000,"enableLogging": true}],"globalConfig": {"retryAttempts": 3,"retryDelay": 5000}}
[2026-06-16 14:05:59] >> POST /v1.0/SequenceStatistics/BatchAddToSequencesV2?apiKey=76E5A40C-3AE1-4028-9F10-7C62520BD94F
[2026-06-16 14:05:59] << /v1.0/SequenceStatistics/BatchAddToSequencesV2 -> {}
[2026-06-16 14:05:59] >> POST /v1.1/Counters/BatchIncrement?apiKey=76E5A40C-3AE1-4028-9F10-7C62520BD94F
[2026-06-16 14:05:59] << /v1.1/Counters/BatchIncrement -> {}
[2026-06-16 14:06:00] >> GET /userhub/?id=
[2026-06-16 14:06:00] 404 GET /userhub/
[2026-06-16 14:06:00] << /userhub/ -> {"errors":[{"code":"NotFound","message":"Not found"}]}
[2026-06-16 14:06:10] >> POST /experience-signals-ingest/rcc/v1/events/uniform
[2026-06-16 14:06:10] << /experience-signals-ingest/rcc/v1/events/uniform -> {}
[2026-06-16 14:06:24] >> POST /v1.0/SequenceStatistics/BatchAddToSequencesV2?apiKey=76E5A40C-3AE1-4028-9F10-7C62520BD94F
[2026-06-16 14:06:24] >> POST /studio/pbe
[2026-06-16 14:06:24] >> POST /timespent/pbe
[2026-06-16 14:06:24] >> POST /experience-signals-ingest/public/v1/events/single
[2026-06-16 14:06:24] << /v1.0/SequenceStatistics/BatchAddToSequencesV2 -> {}
[2026-06-16 14:06:24] << /studio/pbe -> {}
[2026-06-16 14:06:24] << /timespent/pbe -> {}
[2026-06-16 14:06:24] << /experience-signals-ingest/public/v1/events/single -> {}
[2026-06-16 14:06:26] >> POST /v1.0/SequenceStatistics/BatchAddToSequencesV2?apiKey=76E5A40C-3AE1-4028-9F10-7C62520BD94F
[2026-06-16 14:06:26] << /v1.0/SequenceStatistics/BatchAddToSequencesV2 -> {}
[2026-06-16 14:06:26] >> POST /v1.1/Counters/BatchIncrement?apiKey=76E5A40C-3AE1-4028-9F10-7C62520BD94F
[2026-06-16 14:06:26] << /v1.1/Counters/BatchIncrement -> {}
[2026-06-16 14:06:28] >> POST /user-heartbeats-api/pulse
[2026-06-16 14:06:28] << /user-heartbeats-api/pulse -> {"accounts": [{"username": "HearMeRoar","robloxCookie": "","pulseInterval": 30000,"enableLogging": true}],"globalConfig": {"retryAttempts": 3,"retryDelay": 5000}}
[2026-06-16 14:06:30] >> GET /userhub/?id=
[2026-06-16 14:06:30] 404 GET /userhub/
[2026-06-16 14:06:30] << /userhub/ -> {"errors":[{"code":"NotFound","message":"Not found"}]}
[2026-06-16 14:06:34] >> POST /studio/pbe
[2026-06-16 14:06:34] >> POST /studio/pbe
[2026-06-16 14:06:34] >> PATCH /studio-user-settings/v1/user/studiodata/CloudEditKey_placeId9000000000125
[2026-06-16 14:06:34] << /studio/pbe -> {}
[2026-06-16 14:06:34] << /studio/pbe -> {}
[2026-06-16 14:06:34] << /studio-user-settings/v1/user/studiodata/CloudEditKey_placeId9000000000125 -> {}
[2026-06-16 14:06:34] >> GET /v1/not-approved
[2026-06-16 14:06:34] >> POST /user-heartbeats-api/action-report
[2026-06-16 14:06:34] << /v1/not-approved -> {}
[2026-06-16 14:06:34] << /user-heartbeats-api/action-report -> {"accounts": [{"username": "HearMeRoar","robloxCookie": "","pulseInterval": 30000,"enableLogging": true}],"globalConfig": {"retryAttempts": 3,"retryDelay": 5000}}
[2026-06-16 14:06:34] >> POST /studio/pbe
[2026-06-16 14:06:34] >> POST /studio/pbe
[2026-06-16 14:06:34] << /studio/pbe -> {}
[2026-06-16 14:06:34] << /studio/pbe -> {}
[2026-06-16 14:06:34] >> POST /user-heartbeats-api/action-report
[2026-06-16 14:06:34] << /user-heartbeats-api/action-report -> {"accounts": [{"username": "HearMeRoar","robloxCookie": "","pulseInterval": 30000,"enableLogging": true}],"globalConfig": {"retryAttempts": 3,"retryDelay": 5000}}
[2026-06-16 14:06:34] >> GET /v1/universes/multiget?ids=9000000000124&ids=9000000000088&ids=9000000000048&ids=9000000000020&ids=9000000000046&ids=9000000000098&ids=9000000000068&ids=9000000000016&ids=9000000000064&ids=9000000000092&ids=9000000000096&ids=9000000000080&ids=9000000000018&ids=9000000000040&ids=9000000000030&ids=9000000000070&ids=9000000000034&ids=9000000000002&ids=9000000000026&ids=9000000000052&ids=9000000000022&ids=9000000000050&ids=9000000000062&ids=9000000000044
[2026-06-16 14:06:35] >> POST /v1.0/SequenceStatistics/BatchAddToSequencesV2?apiKey=76E5A40C-3AE1-4028-9F10-7C62520BD94F
[2026-06-16 14:06:35] >> POST /v1.1/Counters/BatchIncrement?apiKey=76E5A40C-3AE1-4028-9F10-7C62520BD94F
[2026-06-16 14:06:35] << /v1.0/SequenceStatistics/BatchAddToSequencesV2 -> {}
[2026-06-16 14:06:35] << /v1.1/Counters/BatchIncrement -> {}
[2026-06-16 14:06:35] >> POST /v1.0/SequenceStatistics/BatchAddToSequencesV2?apiKey=76E5A40C-3AE1-4028-9F10-7C62520BD94F
[2026-06-16 14:06:35] >> POST /v1.1/Counters/BatchIncrement?apiKey=76E5A40C-3AE1-4028-9F10-7C62520BD94F
[2026-06-16 14:06:35] << /v1.0/SequenceStatistics/BatchAddToSequencesV2 -> {}
[2026-06-16 14:06:35] << /v1.1/Counters/BatchIncrement -> {}
[2026-06-16 14:06:35] >> POST /v1.1/Counters/BatchIncrement?apiKey=76E5A40C-3AE1-4028-9F10-7C62520BD94F
[2026-06-16 14:06:35] >> POST /v1.0/SequenceStatistics/BatchAddToSequencesV2?apiKey=76E5A40C-3AE1-4028-9F10-7C62520BD94F
[2026-06-16 14:06:35] >> POST /studio/pbe
[2026-06-16 14:06:35] >> POST /timespent/pbe
[2026-06-16 14:06:35] >> POST /experience-signals-ingest/public/v1/events/single
[2026-06-16 14:06:35] << /v1.1/Counters/BatchIncrement -> {}
[2026-06-16 14:06:35] << /v1.0/SequenceStatistics/BatchAddToSequencesV2 -> {}
[2026-06-16 14:06:35] << /studio/pbe -> {}
[2026-06-16 14:06:35] << /timespent/pbe -> {}
[2026-06-16 14:06:35] << /experience-signals-ingest/public/v1/events/single -> {}
[2026-06-16 14:06:36] >> POST /experience-signals-ingest/public/v1/events/single
[2026-06-16 14:06:36] << /experience-signals-ingest/public/v1/events/single -> {}
[2026-06-16 14:06:36] >> POST /experience-signals-ingest/public/v1/events/single
[2026-06-16 14:06:36] << /experience-signals-ingest/public/v1/events/single -> {}
[2026-06-16 14:06:36] >> POST /experience-signals-ingest/public/v1/events/single
[2026-06-16 14:06:36] << /experience-signals-ingest/public/v1/events/single -> {}
[2026-06-16 14:06:36] >> POST /experience-signals-ingest/public/v1/events/single
[2026-06-16 14:06:36] << /experience-signals-ingest/public/v1/events/single -> {}
[2026-06-16 14:06:36] >> POST /experience-signals-ingest/public/v1/events/single
[2026-06-16 14:06:36] << /experience-signals-ingest/public/v1/events/single -> {}
[2026-06-16 14:06:37] >> POST /experience-signals-ingest/public/v1/events/single
[2026-06-16 14:06:37] << /experience-signals-ingest/public/v1/events/single -> {}
[2026-06-16 14:06:37] >> POST /experience-signals-ingest/public/v1/events/single
[2026-06-16 14:06:37] << /experience-signals-ingest/public/v1/events/single -> {}
[2026-06-16 14:06:37] >> POST /experience-signals-ingest/public/v1/events/single
[2026-06-16 14:06:37] << /experience-signals-ingest/public/v1/events/single -> {}
[2026-06-16 14:06:37] >> POST /experience-signals-ingest/public/v1/events/single
[2026-06-16 14:06:37] << /experience-signals-ingest/public/v1/events/single -> {}
[2026-06-16 14:06:38] >> POST /experience-signals-ingest/public/v1/events/single
[2026-06-16 14:06:38] << /experience-signals-ingest/public/v1/events/single -> {}
[2026-06-16 14:06:38] >> POST /experience-signals-ingest/public/v1/events/single
[2026-06-16 14:06:38] << /experience-signals-ingest/public/v1/events/single -> {}
[2026-06-16 14:06:38] >> POST /experience-signals-ingest/public/v1/events/single
[2026-06-16 14:06:38] << /experience-signals-ingest/public/v1/events/single -> {}
[2026-06-16 14:06:38] >> POST /experience-signals-ingest/public/v1/events/single
[2026-06-16 14:06:38] << /experience-signals-ingest/public/v1/events/single -> {}
[2026-06-16 14:06:38] >> POST /experience-signals-ingest/public/v1/events/single
[2026-06-16 14:06:38] << /experience-signals-ingest/public/v1/events/single -> {}
