c:\users\catoa\desktop\offbloxmain\robloxstudiopatcher\robloxstudiopatcher\release\vc143.pdb
c:\users\catoa\desktop\offbloxmain\robloxstudiopatcher\robloxstudiopatcher\release\name_patcher.obj
c:\users\catoa\desktop\offbloxmain\robloxstudiopatcher\robloxstudiopatcher\release\username_patch.obj
c:\users\catoa\desktop\offbloxmain\robloxstudiopatcher\robloxstudiopatcher\release\qt_widget_hider.obj
c:\users\catoa\desktop\offbloxmain\robloxstudiopatcher\robloxstudiopatcher\release\qt_hider.obj
c:\users\catoa\desktop\offbloxmain\robloxstudiopatcher\robloxstudiopatcher\release\iat_hook.obj
c:\users\catoa\desktop\offbloxmain\robloxstudiopatcher\robloxstudiopatcher\release\dllmain.obj
c:\users\catoa\desktop\offbloxmain\robloxstudiopatcher\robloxstudiopatcher\release\studio_print.obj
c:\users\catoa\desktop\offbloxmain\robloxstudiopatcher\robloxstudiopatcher\release\udp_relay.obj
c:\users\catoa\desktop\offbloxmain\robloxstudiopatcher\release\robloxstudiopatcher.dll
c:\users\catoa\desktop\offbloxmain\robloxstudiopatcher\release\robloxstudiopatcher.pdb
c:\users\catoa\desktop\offbloxmain\robloxstudiopatcher\release\robloxstudiopatcher.lib
c:\users\catoa\desktop\offbloxmain\robloxstudiopatcher\release\robloxstudiopatcher.exp
c:\users\catoa\desktop\offbloxmain\robloxstudiopatcher\robloxstudiopatcher\release\robloxstudiopatcher.ipdb
c:\users\catoa\desktop\offbloxmain\robloxstudiopatcher\robloxstudiopatcher\release\robloxstudiopatcher.iobj
c:\users\catoa\desktop\offbloxmain\robloxstudiopatcher\robloxstudiopatcher\release\raknet_relay.obj
c:\users\catoa\desktop\offbloxmain\robloxstudiopatcher\robloxstudiopatcher\release\username_server.obj
c:\users\catoa\desktop\offbloxmain\robloxstudiopatcher\robloxstudiopatcher\release\robloxst.b7c5f89e.tlog\cl.command.1.tlog
c:\users\catoa\desktop\offbloxmain\robloxstudiopatcher\robloxstudiopatcher\release\robloxst.b7c5f89e.tlog\cl.items.tlog
c:\users\catoa\desktop\offbloxmain\robloxstudiopatcher\robloxstudiopatcher\release\robloxst.b7c5f89e.tlog\cl.read.1.tlog
c:\users\catoa\desktop\offbloxmain\robloxstudiopatcher\robloxstudiopatcher\release\robloxst.b7c5f89e.tlog\cl.write.1.tlog
c:\users\catoa\desktop\offbloxmain\robloxstudiopatcher\robloxstudiopatcher\release\robloxst.b7c5f89e.tlog\link.command.1.tlog
c:\users\catoa\desktop\offbloxmain\robloxstudiopatcher\robloxstudiopatcher\release\robloxst.b7c5f89e.tlog\link.read.1.tlog
c:\users\catoa\desktop\offbloxmain\robloxstudiopatcher\robloxstudiopatcher\release\robloxst.b7c5f89e.tlog\link.secondary.1.tlog
c:\users\catoa\desktop\offbloxmain\robloxstudiopatcher\robloxstudiopatcher\release\robloxst.b7c5f89e.tlog\link.write.1.tlog
