c:\users\catoa\desktop\offbloxmodern\source files\robloxstudiocommunication\robloxstudiopatcher\x64\release\vc143.pdb
c:\users\catoa\desktop\offbloxmodern\source files\robloxstudiocommunication\robloxstudiopatcher\x64\release\port_remap.obj
c:\users\catoa\desktop\offbloxmodern\source files\robloxstudiocommunication\robloxstudiopatcher\x64\release\rcc_patch.obj
c:\users\catoa\desktop\offbloxmodern\source files\robloxstudiocommunication\robloxstudiopatcher\x64\release\script_start_hook.obj
c:\users\catoa\desktop\offbloxmodern\source files\robloxstudiocommunication\robloxstudiopatcher\x64\release\studio_print.obj
c:\users\catoa\desktop\offbloxmodern\source files\robloxstudiocommunication\robloxstudiopatcher\x64\release\udp_relay.obj
c:\users\catoa\desktop\offbloxmodern\source files\robloxstudiocommunication\robloxstudiopatcher\x64\release\identity_patch.obj
c:\users\catoa\desktop\offbloxmodern\source files\robloxstudiocommunication\robloxstudiopatcher\x64\release\name_patcher.obj
c:\users\catoa\desktop\offbloxmodern\source files\robloxstudiocommunication\robloxstudiopatcher\x64\release\qt_widget_hider.obj
c:\users\catoa\desktop\offbloxmodern\source files\robloxstudiocommunication\robloxstudiopatcher\x64\release\qt_hider.obj
c:\users\catoa\desktop\offbloxmodern\source files\robloxstudiocommunication\robloxstudiopatcher\x64\release\iat_hook.obj
c:\users\catoa\desktop\offbloxmodern\source files\robloxstudiocommunication\robloxstudiopatcher\x64\release\dllmain.obj
c:\users\catoa\desktop\offbloxmodern\source files\robloxstudiocommunication\x64\release\robloxstudiopatcher.dll
c:\users\catoa\desktop\offbloxmodern\source files\robloxstudiocommunication\x64\release\robloxstudiopatcher.pdb
c:\users\catoa\desktop\offbloxmodern\source files\robloxstudiocommunication\x64\release\robloxstudiocommunication.dll
c:\users\catoa\desktop\offbloxmodern\source files\robloxstudiocommunication\x64\release\robloxstudiocommunication.pdb
c:\users\catoa\desktop\offbloxmodern\source files\robloxstudiocommunication\x64\release\robloxstudiocommunication.lib
c:\users\catoa\desktop\offbloxmodern\source files\robloxstudiocommunication\x64\release\robloxstudiocommunication.exp
c:\users\catoa\desktop\offbloxmodern\source files\robloxstudiocommunication\robloxstudiopatcher\x64\release\robloxstudiocommunication.ipdb
c:\users\catoa\desktop\offbloxmodern\source files\robloxstudiocommunication\robloxstudiopatcher\x64\release\robloxstudiocommunication.iobj
c:\users\catoa\desktop\offbloxmodern\source files\robloxstudiocommunication\robloxstudiocommunication\x64\release\dllmain.obj
c:\users\catoa\desktop\offbloxmodern\source files\robloxstudiocommunication\robloxstudiocommunication\x64\release\iat_hook.obj
c:\users\catoa\desktop\offbloxmodern\source files\robloxstudiocommunication\robloxstudiocommunication\x64\release\identity_patch.obj
c:\users\catoa\desktop\offbloxmodern\source files\robloxstudiocommunication\robloxstudiocommunication\x64\release\name_patcher.obj
c:\users\catoa\desktop\offbloxmodern\source files\robloxstudiocommunication\robloxstudiocommunication\x64\release\port_remap.obj
c:\users\catoa\desktop\offbloxmodern\source files\robloxstudiocommunication\robloxstudiocommunication\x64\release\qt_hider.obj
c:\users\catoa\desktop\offbloxmodern\source files\robloxstudiocommunication\robloxstudiocommunication\x64\release\qt_widget_hider.obj
c:\users\catoa\desktop\offbloxmodern\source files\robloxstudiocommunication\robloxstudiocommunication\x64\release\rcc_patch.obj
c:\users\catoa\desktop\offbloxmodern\source files\robloxstudiocommunication\robloxstudiocommunication\x64\release\script_start_hook.obj
c:\users\catoa\desktop\offbloxmodern\source files\robloxstudiocommunication\robloxstudiocommunication\x64\release\studio_print.obj
c:\users\catoa\desktop\offbloxmodern\source files\robloxstudiocommunication\robloxstudiocommunication\x64\release\udp_relay.obj
c:\users\catoa\desktop\offbloxmodern\source files\robloxstudiocommunication\robloxstudiocommunication\x64\release\username_patch.obj
c:\users\catoa\desktop\offbloxmodern\source files\robloxstudiocommunication\robloxstudiocommunication\x64\release\robloxstudiocommunication.ipdb
c:\users\catoa\desktop\offbloxmodern\source files\robloxstudiocommunication\robloxstudiocommunication\x64\release\robloxstudiopatcher.ipdb
c:\users\catoa\desktop\offbloxmodern\source files\robloxstudiocommunication\robloxstudiocommunication\x64\release\robloxstudiocommunication.iobj
c:\users\catoa\desktop\offbloxmodern\source files\robloxstudiocommunication\robloxstudiocommunication\x64\release\robloxstudiopatcher.iobj
c:\users\catoa\desktop\offbloxmodern\source files\robloxstudiocommunication\robloxstudiocommunication\x64\release\vc143.pdb
c:\users\catoa\desktop\offbloxmodern\source files\robloxstudiocommunication\robloxstudiocommunication\x64\release\robloxst.b7c5f89e.tlog\cl.command.1.tlog
c:\users\catoa\desktop\offbloxmodern\source files\robloxstudiocommunication\robloxstudiocommunication\x64\release\robloxst.b7c5f89e.tlog\cl.items.tlog
c:\users\catoa\desktop\offbloxmodern\source files\robloxstudiocommunication\robloxstudiocommunication\x64\release\robloxst.b7c5f89e.tlog\cl.read.1.tlog
c:\users\catoa\desktop\offbloxmodern\source files\robloxstudiocommunication\robloxstudiocommunication\x64\release\robloxst.b7c5f89e.tlog\cl.write.1.tlog
c:\users\catoa\desktop\offbloxmodern\source files\robloxstudiocommunication\robloxstudiocommunication\x64\release\robloxst.b7c5f89e.tlog\link.command.1.tlog
c:\users\catoa\desktop\offbloxmodern\source files\robloxstudiocommunication\robloxstudiocommunication\x64\release\robloxst.b7c5f89e.tlog\link.read.1.tlog
c:\users\catoa\desktop\offbloxmodern\source files\robloxstudiocommunication\robloxstudiocommunication\x64\release\robloxst.b7c5f89e.tlog\link.secondary.1.tlog
c:\users\catoa\desktop\offbloxmodern\source files\robloxstudiocommunication\robloxstudiocommunication\x64\release\robloxst.b7c5f89e.tlog\link.write.1.tlog
